[1.684s] Invoking command in '/home/v1/Desktop/Beizo/arm_ws/src/roarm_driver': DEBUGINFOD_URLS=https://debuginfod.ubuntu.com PYTHONPATH=/home/v1/Desktop/Beizo/arm_ws/build/roarm_driver/prefix_override:/usr/lib/python3/dist-packages/colcon_core/task/python/colcon_distutils_commands:/home/v1/Desktop/Beizo/arm_ws/install/roarm_driver/lib/python3.12/site-packages:${PYTHONPATH} /usr/bin/python3 -W ignore:setup.py install is deprecated -W ignore:easy_install command is deprecated setup.py egg_info --egg-base ../../build/roarm_driver build --build-base /home/v1/Desktop/Beizo/arm_ws/build/roarm_driver/build install --record /home/v1/Desktop/Beizo/arm_ws/build/roarm_driver/install.log --single-version-externally-managed install_data
[2.177s] running egg_info
[2.263s] writing ../../build/roarm_driver/roarm_driver.egg-info/PKG-INFO
[2.264s] writing dependency_links to ../../build/roarm_driver/roarm_driver.egg-info/dependency_links.txt
[2.265s] writing entry points to ../../build/roarm_driver/roarm_driver.egg-info/entry_points.txt
[2.265s] writing requirements to ../../build/roarm_driver/roarm_driver.egg-info/requires.txt
[2.265s] writing top-level names to ../../build/roarm_driver/roarm_driver.egg-info/top_level.txt
[2.451s] reading manifest file '../../build/roarm_driver/roarm_driver.egg-info/SOURCES.txt'
[2.453s] writing manifest file '../../build/roarm_driver/roarm_driver.egg-info/SOURCES.txt'
[2.454s] running build
[2.454s] running build_py
[2.455s] running install
[2.473s] running install_lib
[2.558s] running install_data
[2.558s] running install_egg_info
[2.645s] removing '/home/v1/Desktop/Beizo/arm_ws/install/roarm_driver/lib/python3.12/site-packages/roarm_driver-0.0.0-py3.12.egg-info' (and everything under it)
[2.646s] Copying ../../build/roarm_driver/roarm_driver.egg-info to /home/v1/Desktop/Beizo/arm_ws/install/roarm_driver/lib/python3.12/site-packages/roarm_driver-0.0.0-py3.12.egg-info
[2.652s] running install_scripts
[3.158s] Installing roarm_driver script to /home/v1/Desktop/Beizo/arm_ws/install/roarm_driver/lib/roarm_driver
[3.159s] writing list of installed files to '/home/v1/Desktop/Beizo/arm_ws/build/roarm_driver/install.log'
[3.232s] Invoked command in '/home/v1/Desktop/Beizo/arm_ws/src/roarm_driver' returned '0': DEBUGINFOD_URLS=https://debuginfod.ubuntu.com PYTHONPATH=/home/v1/Desktop/Beizo/arm_ws/build/roarm_driver/prefix_override:/usr/lib/python3/dist-packages/colcon_core/task/python/colcon_distutils_commands:/home/v1/Desktop/Beizo/arm_ws/install/roarm_driver/lib/python3.12/site-packages:${PYTHONPATH} /usr/bin/python3 -W ignore:setup.py install is deprecated -W ignore:easy_install command is deprecated setup.py egg_info --egg-base ../../build/roarm_driver build --build-base /home/v1/Desktop/Beizo/arm_ws/build/roarm_driver/build install --record /home/v1/Desktop/Beizo/arm_ws/build/roarm_driver/install.log --single-version-externally-managed install_data
