[0.139s] DEBUG:colcon:Command line arguments: ['/usr/bin/colcon', 'build']
[0.140s] DEBUG:colcon:Parsed command line arguments: Namespace(log_base=None, log_level=None, verb_name='build', build_base='build', install_base='install', merge_install=False, symlink_install=False, test_result_base=None, continue_on_error=False, executor='parallel', parallel_workers=8, event_handlers=None, ignore_user_meta=False, metas=['./colcon.meta'], base_paths=['.'], packages_ignore=None, packages_ignore_regex=None, paths=None, packages_up_to=None, packages_up_to_regex=None, packages_above=None, packages_above_and_dependencies=None, packages_above_depth=None, packages_select_by_dep=None, packages_skip_by_dep=None, packages_skip_up_to=None, packages_select_build_failed=False, packages_skip_build_finished=False, packages_select_test_failures=False, packages_skip_test_passed=False, packages_select=None, packages_skip=None, packages_select_regex=None, packages_skip_regex=None, packages_start=None, packages_end=None, allow_overriding=[], cmake_args=None, cmake_target=None, cmake_target_skip_unavailable=False, cmake_clean_cache=False, cmake_clean_first=False, cmake_force_configure=False, ament_cmake_args=None, catkin_cmake_args=None, catkin_skip_building_tests=False, mixin_files=None, mixin=None, verb_parser=<colcon_mixin.mixin.mixin_argument.MixinArgumentDecorator object at 0x70de451d9610>, verb_extension=<colcon_core.verb.build.BuildVerb object at 0x70de4515b6e0>, main=<bound method BuildVerb.main of <colcon_core.verb.build.BuildVerb object at 0x70de4515b6e0>>, mixin_verb=('build',))
[0.181s] Level 1:colcon.colcon_core.package_discovery:discover_packages(colcon_meta) check parameters
[0.182s] Level 1:colcon.colcon_core.package_discovery:discover_packages(recursive) check parameters
[0.182s] Level 1:colcon.colcon_core.package_discovery:discover_packages(ignore) check parameters
[0.182s] Level 1:colcon.colcon_core.package_discovery:discover_packages(path) check parameters
[0.182s] Level 1:colcon.colcon_core.package_discovery:discover_packages(colcon_meta) discover
[0.182s] Level 1:colcon.colcon_core.package_discovery:discover_packages(recursive) discover
[0.182s] INFO:colcon.colcon_core.package_discovery:Crawling recursively for packages in '/home/v1/Desktop/Beizo/arm_ws'
[0.182s] Level 1:colcon.colcon_core.package_identification:_identify(.) by extensions ['ignore', 'ignore_ament_install']
[0.182s] Level 1:colcon.colcon_core.package_identification:_identify(.) by extension 'ignore'
[0.182s] Level 1:colcon.colcon_core.package_identification:_identify(.) by extension 'ignore_ament_install'
[0.182s] Level 1:colcon.colcon_core.package_identification:_identify(.) by extensions ['colcon_pkg']
[0.182s] Level 1:colcon.colcon_core.package_identification:_identify(.) by extension 'colcon_pkg'
[0.182s] Level 1:colcon.colcon_core.package_identification:_identify(.) by extensions ['colcon_meta']
[0.182s] Level 1:colcon.colcon_core.package_identification:_identify(.) by extension 'colcon_meta'
[0.182s] Level 1:colcon.colcon_core.package_identification:_identify(.) by extensions ['ros']
[0.182s] Level 1:colcon.colcon_core.package_identification:_identify(.) by extension 'ros'
[0.210s] Level 1:colcon.colcon_core.package_identification:_identify(.) by extensions ['cmake', 'python']
[0.211s] Level 1:colcon.colcon_core.package_identification:_identify(.) by extension 'cmake'
[0.211s] Level 1:colcon.colcon_core.package_identification:_identify(.) by extension 'python'
[0.211s] Level 1:colcon.colcon_core.package_identification:_identify(.) by extensions ['python_setup_py']
[0.211s] Level 1:colcon.colcon_core.package_identification:_identify(.) by extension 'python_setup_py'
[0.211s] Level 1:colcon.colcon_core.package_identification:_identify(build) by extensions ['ignore', 'ignore_ament_install']
[0.211s] Level 1:colcon.colcon_core.package_identification:_identify(build) by extension 'ignore'
[0.211s] Level 1:colcon.colcon_core.package_identification:_identify(build) ignored
[0.211s] Level 1:colcon.colcon_core.package_identification:_identify(install) by extensions ['ignore', 'ignore_ament_install']
[0.211s] Level 1:colcon.colcon_core.package_identification:_identify(install) by extension 'ignore'
[0.211s] Level 1:colcon.colcon_core.package_identification:_identify(install) ignored
[0.211s] Level 1:colcon.colcon_core.package_identification:_identify(log) by extensions ['ignore', 'ignore_ament_install']
[0.211s] Level 1:colcon.colcon_core.package_identification:_identify(log) by extension 'ignore'
[0.212s] Level 1:colcon.colcon_core.package_identification:_identify(log) ignored
[0.212s] Level 1:colcon.colcon_core.package_identification:_identify(src) by extensions ['ignore', 'ignore_ament_install']
[0.212s] Level 1:colcon.colcon_core.package_identification:_identify(src) by extension 'ignore'
[0.212s] Level 1:colcon.colcon_core.package_identification:_identify(src) by extension 'ignore_ament_install'
[0.212s] Level 1:colcon.colcon_core.package_identification:_identify(src) by extensions ['colcon_pkg']
[0.212s] Level 1:colcon.colcon_core.package_identification:_identify(src) by extension 'colcon_pkg'
[0.212s] Level 1:colcon.colcon_core.package_identification:_identify(src) by extensions ['colcon_meta']
[0.212s] Level 1:colcon.colcon_core.package_identification:_identify(src) by extension 'colcon_meta'
[0.212s] Level 1:colcon.colcon_core.package_identification:_identify(src) by extensions ['ros']
[0.212s] Level 1:colcon.colcon_core.package_identification:_identify(src) by extension 'ros'
[0.212s] Level 1:colcon.colcon_core.package_identification:_identify(src) by extensions ['cmake', 'python']
[0.212s] Level 1:colcon.colcon_core.package_identification:_identify(src) by extension 'cmake'
[0.212s] Level 1:colcon.colcon_core.package_identification:_identify(src) by extension 'python'
[0.212s] Level 1:colcon.colcon_core.package_identification:_identify(src) by extensions ['python_setup_py']
[0.212s] Level 1:colcon.colcon_core.package_identification:_identify(src) by extension 'python_setup_py'
[0.212s] Level 1:colcon.colcon_core.package_identification:_identify(src/roarm_description) by extensions ['ignore', 'ignore_ament_install']
[0.213s] Level 1:colcon.colcon_core.package_identification:_identify(src/roarm_description) by extension 'ignore'
[0.213s] Level 1:colcon.colcon_core.package_identification:_identify(src/roarm_description) by extension 'ignore_ament_install'
[0.213s] Level 1:colcon.colcon_core.package_identification:_identify(src/roarm_description) by extensions ['colcon_pkg']
[0.213s] Level 1:colcon.colcon_core.package_identification:_identify(src/roarm_description) by extension 'colcon_pkg'
[0.213s] Level 1:colcon.colcon_core.package_identification:_identify(src/roarm_description) by extensions ['colcon_meta']
[0.213s] Level 1:colcon.colcon_core.package_identification:_identify(src/roarm_description) by extension 'colcon_meta'
[0.213s] Level 1:colcon.colcon_core.package_identification:_identify(src/roarm_description) by extensions ['ros']
[0.213s] Level 1:colcon.colcon_core.package_identification:_identify(src/roarm_description) by extension 'ros'
[0.216s] DEBUG:colcon.colcon_core.package_identification:Package 'src/roarm_description' with type 'ros.ament_python' and name 'roarm_description'
[0.216s] Level 1:colcon.colcon_core.package_identification:_identify(src/roarm_driver) by extensions ['ignore', 'ignore_ament_install']
[0.216s] Level 1:colcon.colcon_core.package_identification:_identify(src/roarm_driver) by extension 'ignore'
[0.216s] Level 1:colcon.colcon_core.package_identification:_identify(src/roarm_driver) by extension 'ignore_ament_install'
[0.216s] Level 1:colcon.colcon_core.package_identification:_identify(src/roarm_driver) by extensions ['colcon_pkg']
[0.216s] Level 1:colcon.colcon_core.package_identification:_identify(src/roarm_driver) by extension 'colcon_pkg'
[0.216s] Level 1:colcon.colcon_core.package_identification:_identify(src/roarm_driver) by extensions ['colcon_meta']
[0.216s] Level 1:colcon.colcon_core.package_identification:_identify(src/roarm_driver) by extension 'colcon_meta'
[0.216s] Level 1:colcon.colcon_core.package_identification:_identify(src/roarm_driver) by extensions ['ros']
[0.216s] Level 1:colcon.colcon_core.package_identification:_identify(src/roarm_driver) by extension 'ros'
[0.217s] DEBUG:colcon.colcon_core.package_identification:Package 'src/roarm_driver' with type 'ros.ament_python' and name 'roarm_driver'
[0.217s] Level 1:colcon.colcon_core.package_identification:_identify(src/roarm_moveit_cmd) by extensions ['ignore', 'ignore_ament_install']
[0.217s] Level 1:colcon.colcon_core.package_identification:_identify(src/roarm_moveit_cmd) by extension 'ignore'
[0.217s] Level 1:colcon.colcon_core.package_identification:_identify(src/roarm_moveit_cmd) by extension 'ignore_ament_install'
[0.217s] Level 1:colcon.colcon_core.package_identification:_identify(src/roarm_moveit_cmd) by extensions ['colcon_pkg']
[0.217s] Level 1:colcon.colcon_core.package_identification:_identify(src/roarm_moveit_cmd) by extension 'colcon_pkg'
[0.217s] Level 1:colcon.colcon_core.package_identification:_identify(src/roarm_moveit_cmd) by extensions ['colcon_meta']
[0.217s] Level 1:colcon.colcon_core.package_identification:_identify(src/roarm_moveit_cmd) by extension 'colcon_meta'
[0.217s] Level 1:colcon.colcon_core.package_identification:_identify(src/roarm_moveit_cmd) by extensions ['ros']
[0.217s] Level 1:colcon.colcon_core.package_identification:_identify(src/roarm_moveit_cmd) by extension 'ros'
[0.218s] DEBUG:colcon.colcon_core.package_identification:Package 'src/roarm_moveit_cmd' with type 'ros.ament_python' and name 'roarm_moveit_cmd'
[0.218s] Level 1:colcon.colcon_core.package_identification:_identify(src/roarm_moveit_config) by extensions ['ignore', 'ignore_ament_install']
[0.218s] Level 1:colcon.colcon_core.package_identification:_identify(src/roarm_moveit_config) by extension 'ignore'
[0.218s] Level 1:colcon.colcon_core.package_identification:_identify(src/roarm_moveit_config) by extension 'ignore_ament_install'
[0.218s] Level 1:colcon.colcon_core.package_identification:_identify(src/roarm_moveit_config) by extensions ['colcon_pkg']
[0.218s] Level 1:colcon.colcon_core.package_identification:_identify(src/roarm_moveit_config) by extension 'colcon_pkg'
[0.218s] Level 1:colcon.colcon_core.package_identification:_identify(src/roarm_moveit_config) by extensions ['colcon_meta']
[0.218s] Level 1:colcon.colcon_core.package_identification:_identify(src/roarm_moveit_config) by extension 'colcon_meta'
[0.218s] Level 1:colcon.colcon_core.package_identification:_identify(src/roarm_moveit_config) by extensions ['ros']
[0.219s] Level 1:colcon.colcon_core.package_identification:_identify(src/roarm_moveit_config) by extension 'ros'
[0.219s] DEBUG:colcon.colcon_core.package_identification:Package 'src/roarm_moveit_config' with type 'ros.ament_cmake' and name 'roarm_moveit_config'
[0.219s] Level 1:colcon.colcon_core.package_identification:_identify(src/roarm_msgs) by extensions ['ignore', 'ignore_ament_install']
[0.219s] Level 1:colcon.colcon_core.package_identification:_identify(src/roarm_msgs) by extension 'ignore'
[0.219s] Level 1:colcon.colcon_core.package_identification:_identify(src/roarm_msgs) by extension 'ignore_ament_install'
[0.219s] Level 1:colcon.colcon_core.package_identification:_identify(src/roarm_msgs) by extensions ['colcon_pkg']
[0.219s] Level 1:colcon.colcon_core.package_identification:_identify(src/roarm_msgs) by extension 'colcon_pkg'
[0.219s] Level 1:colcon.colcon_core.package_identification:_identify(src/roarm_msgs) by extensions ['colcon_meta']
[0.219s] Level 1:colcon.colcon_core.package_identification:_identify(src/roarm_msgs) by extension 'colcon_meta'
[0.220s] Level 1:colcon.colcon_core.package_identification:_identify(src/roarm_msgs) by extensions ['ros']
[0.220s] Level 1:colcon.colcon_core.package_identification:_identify(src/roarm_msgs) by extension 'ros'
[0.220s] DEBUG:colcon.colcon_core.package_identification:Package 'src/roarm_msgs' with type 'ros.ament_cmake' and name 'roarm_msgs'
[0.220s] Level 1:colcon.colcon_core.package_discovery:discover_packages(recursive) using defaults
[0.220s] Level 1:colcon.colcon_core.package_discovery:discover_packages(ignore) discover
[0.220s] Level 1:colcon.colcon_core.package_discovery:discover_packages(ignore) using defaults
[0.220s] Level 1:colcon.colcon_core.package_discovery:discover_packages(path) discover
[0.220s] Level 1:colcon.colcon_core.package_discovery:discover_packages(path) using defaults
[0.240s] Level 1:colcon.colcon_core.package_discovery:discover_packages(prefix_path) check parameters
[0.240s] Level 1:colcon.colcon_core.package_discovery:discover_packages(prefix_path) discover
[0.242s] DEBUG:colcon.colcon_installed_package_information.package_discovery:Found 5 installed packages in /home/v1/Desktop/Beizo/arm_ws/install
[0.244s] DEBUG:colcon.colcon_installed_package_information.package_discovery:Found 420 installed packages in /opt/ros/jazzy
[0.246s] Level 1:colcon.colcon_core.package_discovery:discover_packages(prefix_path) using defaults
[0.314s] Level 5:colcon.colcon_core.verb:set package 'roarm_description' build argument 'cmake_args' from command line to 'None'
[0.314s] Level 5:colcon.colcon_core.verb:set package 'roarm_description' build argument 'cmake_target' from command line to 'None'
[0.314s] Level 5:colcon.colcon_core.verb:set package 'roarm_description' build argument 'cmake_target_skip_unavailable' from command line to 'False'
[0.314s] Level 5:colcon.colcon_core.verb:set package 'roarm_description' build argument 'cmake_clean_cache' from command line to 'False'
[0.314s] Level 5:colcon.colcon_core.verb:set package 'roarm_description' build argument 'cmake_clean_first' from command line to 'False'
[0.314s] Level 5:colcon.colcon_core.verb:set package 'roarm_description' build argument 'cmake_force_configure' from command line to 'False'
[0.314s] Level 5:colcon.colcon_core.verb:set package 'roarm_description' build argument 'ament_cmake_args' from command line to 'None'
[0.314s] Level 5:colcon.colcon_core.verb:set package 'roarm_description' build argument 'catkin_cmake_args' from command line to 'None'
[0.314s] Level 5:colcon.colcon_core.verb:set package 'roarm_description' build argument 'catkin_skip_building_tests' from command line to 'False'
[0.314s] DEBUG:colcon.colcon_core.verb:Building package 'roarm_description' with the following arguments: {'ament_cmake_args': None, 'build_base': '/home/v1/Desktop/Beizo/arm_ws/build/roarm_description', 'catkin_cmake_args': None, 'catkin_skip_building_tests': False, 'cmake_args': None, 'cmake_clean_cache': False, 'cmake_clean_first': False, 'cmake_force_configure': False, 'cmake_target': None, 'cmake_target_skip_unavailable': False, 'install_base': '/home/v1/Desktop/Beizo/arm_ws/install/roarm_description', 'merge_install': False, 'path': '/home/v1/Desktop/Beizo/arm_ws/src/roarm_description', 'symlink_install': False, 'test_result_base': None}
[0.315s] Level 5:colcon.colcon_core.verb:set package 'roarm_driver' build argument 'cmake_args' from command line to 'None'
[0.315s] Level 5:colcon.colcon_core.verb:set package 'roarm_driver' build argument 'cmake_target' from command line to 'None'
[0.315s] Level 5:colcon.colcon_core.verb:set package 'roarm_driver' build argument 'cmake_target_skip_unavailable' from command line to 'False'
[0.315s] Level 5:colcon.colcon_core.verb:set package 'roarm_driver' build argument 'cmake_clean_cache' from command line to 'False'
[0.315s] Level 5:colcon.colcon_core.verb:set package 'roarm_driver' build argument 'cmake_clean_first' from command line to 'False'
[0.315s] Level 5:colcon.colcon_core.verb:set package 'roarm_driver' build argument 'cmake_force_configure' from command line to 'False'
[0.315s] Level 5:colcon.colcon_core.verb:set package 'roarm_driver' build argument 'ament_cmake_args' from command line to 'None'
[0.315s] Level 5:colcon.colcon_core.verb:set package 'roarm_driver' build argument 'catkin_cmake_args' from command line to 'None'
[0.315s] Level 5:colcon.colcon_core.verb:set package 'roarm_driver' build argument 'catkin_skip_building_tests' from command line to 'False'
[0.315s] DEBUG:colcon.colcon_core.verb:Building package 'roarm_driver' with the following arguments: {'ament_cmake_args': None, 'build_base': '/home/v1/Desktop/Beizo/arm_ws/build/roarm_driver', 'catkin_cmake_args': None, 'catkin_skip_building_tests': False, 'cmake_args': None, 'cmake_clean_cache': False, 'cmake_clean_first': False, 'cmake_force_configure': False, 'cmake_target': None, 'cmake_target_skip_unavailable': False, 'install_base': '/home/v1/Desktop/Beizo/arm_ws/install/roarm_driver', 'merge_install': False, 'path': '/home/v1/Desktop/Beizo/arm_ws/src/roarm_driver', 'symlink_install': False, 'test_result_base': None}
[0.316s] Level 5:colcon.colcon_core.verb:set package 'roarm_msgs' build argument 'cmake_args' from command line to 'None'
[0.316s] Level 5:colcon.colcon_core.verb:set package 'roarm_msgs' build argument 'cmake_target' from command line to 'None'
[0.316s] Level 5:colcon.colcon_core.verb:set package 'roarm_msgs' build argument 'cmake_target_skip_unavailable' from command line to 'False'
[0.316s] Level 5:colcon.colcon_core.verb:set package 'roarm_msgs' build argument 'cmake_clean_cache' from command line to 'False'
[0.316s] Level 5:colcon.colcon_core.verb:set package 'roarm_msgs' build argument 'cmake_clean_first' from command line to 'False'
[0.316s] Level 5:colcon.colcon_core.verb:set package 'roarm_msgs' build argument 'cmake_force_configure' from command line to 'False'
[0.316s] Level 5:colcon.colcon_core.verb:set package 'roarm_msgs' build argument 'ament_cmake_args' from command line to 'None'
[0.316s] Level 5:colcon.colcon_core.verb:set package 'roarm_msgs' build argument 'catkin_cmake_args' from command line to 'None'
[0.316s] Level 5:colcon.colcon_core.verb:set package 'roarm_msgs' build argument 'catkin_skip_building_tests' from command line to 'False'
[0.316s] DEBUG:colcon.colcon_core.verb:Building package 'roarm_msgs' with the following arguments: {'ament_cmake_args': None, 'build_base': '/home/v1/Desktop/Beizo/arm_ws/build/roarm_msgs', 'catkin_cmake_args': None, 'catkin_skip_building_tests': False, 'cmake_args': None, 'cmake_clean_cache': False, 'cmake_clean_first': False, 'cmake_force_configure': False, 'cmake_target': None, 'cmake_target_skip_unavailable': False, 'install_base': '/home/v1/Desktop/Beizo/arm_ws/install/roarm_msgs', 'merge_install': False, 'path': '/home/v1/Desktop/Beizo/arm_ws/src/roarm_msgs', 'symlink_install': False, 'test_result_base': None}
[0.316s] Level 5:colcon.colcon_core.verb:set package 'roarm_moveit_cmd' build argument 'cmake_args' from command line to 'None'
[0.316s] Level 5:colcon.colcon_core.verb:set package 'roarm_moveit_cmd' build argument 'cmake_target' from command line to 'None'
[0.316s] Level 5:colcon.colcon_core.verb:set package 'roarm_moveit_cmd' build argument 'cmake_target_skip_unavailable' from command line to 'False'
[0.316s] Level 5:colcon.colcon_core.verb:set package 'roarm_moveit_cmd' build argument 'cmake_clean_cache' from command line to 'False'
[0.316s] Level 5:colcon.colcon_core.verb:set package 'roarm_moveit_cmd' build argument 'cmake_clean_first' from command line to 'False'
[0.316s] Level 5:colcon.colcon_core.verb:set package 'roarm_moveit_cmd' build argument 'cmake_force_configure' from command line to 'False'
[0.316s] Level 5:colcon.colcon_core.verb:set package 'roarm_moveit_cmd' build argument 'ament_cmake_args' from command line to 'None'
[0.316s] Level 5:colcon.colcon_core.verb:set package 'roarm_moveit_cmd' build argument 'catkin_cmake_args' from command line to 'None'
[0.316s] Level 5:colcon.colcon_core.verb:set package 'roarm_moveit_cmd' build argument 'catkin_skip_building_tests' from command line to 'False'
[0.316s] DEBUG:colcon.colcon_core.verb:Building package 'roarm_moveit_cmd' with the following arguments: {'ament_cmake_args': None, 'build_base': '/home/v1/Desktop/Beizo/arm_ws/build/roarm_moveit_cmd', 'catkin_cmake_args': None, 'catkin_skip_building_tests': False, 'cmake_args': None, 'cmake_clean_cache': False, 'cmake_clean_first': False, 'cmake_force_configure': False, 'cmake_target': None, 'cmake_target_skip_unavailable': False, 'install_base': '/home/v1/Desktop/Beizo/arm_ws/install/roarm_moveit_cmd', 'merge_install': False, 'path': '/home/v1/Desktop/Beizo/arm_ws/src/roarm_moveit_cmd', 'symlink_install': False, 'test_result_base': None}
[0.317s] Level 5:colcon.colcon_core.verb:set package 'roarm_moveit_config' build argument 'cmake_args' from command line to 'None'
[0.317s] Level 5:colcon.colcon_core.verb:set package 'roarm_moveit_config' build argument 'cmake_target' from command line to 'None'
[0.317s] Level 5:colcon.colcon_core.verb:set package 'roarm_moveit_config' build argument 'cmake_target_skip_unavailable' from command line to 'False'
[0.317s] Level 5:colcon.colcon_core.verb:set package 'roarm_moveit_config' build argument 'cmake_clean_cache' from command line to 'False'
[0.317s] Level 5:colcon.colcon_core.verb:set package 'roarm_moveit_config' build argument 'cmake_clean_first' from command line to 'False'
[0.317s] Level 5:colcon.colcon_core.verb:set package 'roarm_moveit_config' build argument 'cmake_force_configure' from command line to 'False'
[0.317s] Level 5:colcon.colcon_core.verb:set package 'roarm_moveit_config' build argument 'ament_cmake_args' from command line to 'None'
[0.317s] Level 5:colcon.colcon_core.verb:set package 'roarm_moveit_config' build argument 'catkin_cmake_args' from command line to 'None'
[0.317s] Level 5:colcon.colcon_core.verb:set package 'roarm_moveit_config' build argument 'catkin_skip_building_tests' from command line to 'False'
[0.317s] DEBUG:colcon.colcon_core.verb:Building package 'roarm_moveit_config' with the following arguments: {'ament_cmake_args': None, 'build_base': '/home/v1/Desktop/Beizo/arm_ws/build/roarm_moveit_config', 'catkin_cmake_args': None, 'catkin_skip_building_tests': False, 'cmake_args': None, 'cmake_clean_cache': False, 'cmake_clean_first': False, 'cmake_force_configure': False, 'cmake_target': None, 'cmake_target_skip_unavailable': False, 'install_base': '/home/v1/Desktop/Beizo/arm_ws/install/roarm_moveit_config', 'merge_install': False, 'path': '/home/v1/Desktop/Beizo/arm_ws/src/roarm_moveit_config', 'symlink_install': False, 'test_result_base': None}
[0.317s] INFO:colcon.colcon_core.executor:Executing jobs using 'parallel' executor
[0.318s] DEBUG:colcon.colcon_parallel_executor.executor.parallel:run_until_complete
[0.318s] INFO:colcon.colcon_ros.task.ament_python.build:Building ROS package in '/home/v1/Desktop/Beizo/arm_ws/src/roarm_description' with build type 'ament_python'
[0.318s] Level 1:colcon.colcon_core.shell:create_environment_hook('roarm_description', 'ament_prefix_path')
[0.320s] INFO:colcon.colcon_core.plugin_system:Skipping extension 'colcon_core.shell.bat': Not used on non-Windows systems
[0.321s] INFO:colcon.colcon_core.shell:Creating environment hook '/home/v1/Desktop/Beizo/arm_ws/install/roarm_description/share/roarm_description/hook/ament_prefix_path.ps1'
[0.321s] INFO:colcon.colcon_core.shell:Creating environment descriptor '/home/v1/Desktop/Beizo/arm_ws/install/roarm_description/share/roarm_description/hook/ament_prefix_path.dsv'
[0.322s] INFO:colcon.colcon_core.shell:Creating environment hook '/home/v1/Desktop/Beizo/arm_ws/install/roarm_description/share/roarm_description/hook/ament_prefix_path.sh'
[0.323s] INFO:colcon.colcon_core.shell:Skip shell extension 'powershell' for command environment: Not usable outside of PowerShell
[0.323s] DEBUG:colcon.colcon_core.shell:Skip shell extension 'dsv' for command environment
[0.327s] INFO:colcon.colcon_ros.task.ament_cmake.build:Building ROS package in '/home/v1/Desktop/Beizo/arm_ws/src/roarm_msgs' with build type 'ament_cmake'
[0.328s] INFO:colcon.colcon_cmake.task.cmake.build:Building CMake package in '/home/v1/Desktop/Beizo/arm_ws/src/roarm_msgs'
[0.328s] INFO:colcon.colcon_core.shell:Skip shell extension 'powershell' for command environment: Not usable outside of PowerShell
[0.328s] DEBUG:colcon.colcon_core.shell:Skip shell extension 'dsv' for command environment
[0.332s] INFO:colcon.colcon_ros.task.ament_python.build:Building ROS package in '/home/v1/Desktop/Beizo/arm_ws/src/roarm_driver' with build type 'ament_python'
[0.332s] Level 1:colcon.colcon_core.shell:create_environment_hook('roarm_driver', 'ament_prefix_path')
[0.333s] INFO:colcon.colcon_core.shell:Creating environment hook '/home/v1/Desktop/Beizo/arm_ws/install/roarm_driver/share/roarm_driver/hook/ament_prefix_path.ps1'
[0.333s] INFO:colcon.colcon_core.shell:Creating environment descriptor '/home/v1/Desktop/Beizo/arm_ws/install/roarm_driver/share/roarm_driver/hook/ament_prefix_path.dsv'
[0.334s] INFO:colcon.colcon_core.shell:Creating environment hook '/home/v1/Desktop/Beizo/arm_ws/install/roarm_driver/share/roarm_driver/hook/ament_prefix_path.sh'
[0.334s] INFO:colcon.colcon_core.shell:Skip shell extension 'powershell' for command environment: Not usable outside of PowerShell
[0.334s] DEBUG:colcon.colcon_core.shell:Skip shell extension 'dsv' for command environment
[0.632s] INFO:colcon.colcon_core.task.python.build:Building Python package in '/home/v1/Desktop/Beizo/arm_ws/src/roarm_description'
[0.633s] INFO:colcon.colcon_core.shell:Skip shell extension 'powershell' for command environment: Not usable outside of PowerShell
[0.633s] DEBUG:colcon.colcon_core.shell:Skip shell extension 'dsv' for command environment
[0.641s] DEBUG:colcon.colcon_core.event_handler.log_command:Invoking command in '/home/v1/Desktop/Beizo/arm_ws/build/roarm_msgs': CMAKE_PREFIX_PATH=${CMAKE_PREFIX_PATH}:/home/v1/Desktop/Beizo/arm_ws/install/roarm_moveit_cmd:/home/v1/Desktop/Beizo/arm_ws/install/roarm_driver:/home/v1/Desktop/Beizo/arm_ws/install/roarm_description:/opt/ros/jazzy DEBUGINFOD_URLS=https://debuginfod.ubuntu.com /usr/bin/cmake --build /home/v1/Desktop/Beizo/arm_ws/build/roarm_msgs -- -j8 -l8
[0.984s] INFO:colcon.colcon_core.task.python.build:Building Python package in '/home/v1/Desktop/Beizo/arm_ws/src/roarm_driver'
[0.984s] INFO:colcon.colcon_core.shell:Skip shell extension 'powershell' for command environment: Not usable outside of PowerShell
[0.984s] DEBUG:colcon.colcon_core.shell:Skip shell extension 'dsv' for command environment
[1.268s] DEBUG:colcon.colcon_core.event_handler.log_command:Invoked command in '/home/v1/Desktop/Beizo/arm_ws/build/roarm_msgs' returned '0': CMAKE_PREFIX_PATH=${CMAKE_PREFIX_PATH}:/home/v1/Desktop/Beizo/arm_ws/install/roarm_moveit_cmd:/home/v1/Desktop/Beizo/arm_ws/install/roarm_driver:/home/v1/Desktop/Beizo/arm_ws/install/roarm_description:/opt/ros/jazzy DEBUGINFOD_URLS=https://debuginfod.ubuntu.com /usr/bin/cmake --build /home/v1/Desktop/Beizo/arm_ws/build/roarm_msgs -- -j8 -l8
[1.279s] DEBUG:colcon.colcon_core.event_handler.log_command:Invoking command in '/home/v1/Desktop/Beizo/arm_ws/build/roarm_msgs': CMAKE_PREFIX_PATH=${CMAKE_PREFIX_PATH}:/home/v1/Desktop/Beizo/arm_ws/install/roarm_moveit_cmd:/home/v1/Desktop/Beizo/arm_ws/install/roarm_driver:/home/v1/Desktop/Beizo/arm_ws/install/roarm_description:/opt/ros/jazzy DEBUGINFOD_URLS=https://debuginfod.ubuntu.com /usr/bin/cmake --install /home/v1/Desktop/Beizo/arm_ws/build/roarm_msgs
[1.356s] Level 1:colcon.colcon_core.environment:create_environment_scripts_only(roarm_msgs)
[1.360s] Level 1:colcon.colcon_core.environment:checking '/home/v1/Desktop/Beizo/arm_ws/install/roarm_msgs' for CMake module files
[1.360s] Level 1:colcon.colcon_core.environment:checking '/home/v1/Desktop/Beizo/arm_ws/install/roarm_msgs' for CMake config files
[1.364s] DEBUG:colcon.colcon_core.event_handler.log_command:Invoked command in '/home/v1/Desktop/Beizo/arm_ws/build/roarm_msgs' returned '0': CMAKE_PREFIX_PATH=${CMAKE_PREFIX_PATH}:/home/v1/Desktop/Beizo/arm_ws/install/roarm_moveit_cmd:/home/v1/Desktop/Beizo/arm_ws/install/roarm_driver:/home/v1/Desktop/Beizo/arm_ws/install/roarm_description:/opt/ros/jazzy DEBUGINFOD_URLS=https://debuginfod.ubuntu.com /usr/bin/cmake --install /home/v1/Desktop/Beizo/arm_ws/build/roarm_msgs
[1.364s] Level 1:colcon.colcon_core.shell:create_environment_hook('roarm_msgs', 'cmake_prefix_path')
[1.364s] INFO:colcon.colcon_core.shell:Creating environment hook '/home/v1/Desktop/Beizo/arm_ws/install/roarm_msgs/share/roarm_msgs/hook/cmake_prefix_path.ps1'
[1.364s] INFO:colcon.colcon_core.shell:Creating environment descriptor '/home/v1/Desktop/Beizo/arm_ws/install/roarm_msgs/share/roarm_msgs/hook/cmake_prefix_path.dsv'
[1.365s] INFO:colcon.colcon_core.shell:Creating environment hook '/home/v1/Desktop/Beizo/arm_ws/install/roarm_msgs/share/roarm_msgs/hook/cmake_prefix_path.sh'
[1.365s] Level 1:colcon.colcon_core.environment:checking '/home/v1/Desktop/Beizo/arm_ws/install/roarm_msgs/lib'
[1.366s] Level 1:colcon.colcon_core.shell:create_environment_hook('roarm_msgs', 'ld_library_path_lib')
[1.366s] INFO:colcon.colcon_core.shell:Creating environment hook '/home/v1/Desktop/Beizo/arm_ws/install/roarm_msgs/share/roarm_msgs/hook/ld_library_path_lib.ps1'
[1.366s] INFO:colcon.colcon_core.shell:Creating environment descriptor '/home/v1/Desktop/Beizo/arm_ws/install/roarm_msgs/share/roarm_msgs/hook/ld_library_path_lib.dsv'
[1.367s] INFO:colcon.colcon_core.shell:Creating environment hook '/home/v1/Desktop/Beizo/arm_ws/install/roarm_msgs/share/roarm_msgs/hook/ld_library_path_lib.sh'
[1.367s] Level 1:colcon.colcon_core.environment:checking '/home/v1/Desktop/Beizo/arm_ws/install/roarm_msgs/bin'
[1.367s] Level 1:colcon.colcon_core.environment:checking '/home/v1/Desktop/Beizo/arm_ws/install/roarm_msgs/lib/pkgconfig/roarm_msgs.pc'
[1.367s] Level 1:colcon.colcon_core.environment:checking '/home/v1/Desktop/Beizo/arm_ws/install/roarm_msgs/lib/python3.12/site-packages'
[1.367s] Level 1:colcon.colcon_core.shell:create_environment_hook('roarm_msgs', 'pythonpath')
[1.368s] INFO:colcon.colcon_core.shell:Creating environment hook '/home/v1/Desktop/Beizo/arm_ws/install/roarm_msgs/share/roarm_msgs/hook/pythonpath.ps1'
[1.368s] INFO:colcon.colcon_core.shell:Creating environment descriptor '/home/v1/Desktop/Beizo/arm_ws/install/roarm_msgs/share/roarm_msgs/hook/pythonpath.dsv'
[1.368s] INFO:colcon.colcon_core.shell:Creating environment hook '/home/v1/Desktop/Beizo/arm_ws/install/roarm_msgs/share/roarm_msgs/hook/pythonpath.sh'
[1.369s] Level 1:colcon.colcon_core.environment:checking '/home/v1/Desktop/Beizo/arm_ws/install/roarm_msgs/bin'
[1.369s] INFO:colcon.colcon_core.shell:Creating package script '/home/v1/Desktop/Beizo/arm_ws/install/roarm_msgs/share/roarm_msgs/package.ps1'
[1.370s] INFO:colcon.colcon_core.shell:Creating package descriptor '/home/v1/Desktop/Beizo/arm_ws/install/roarm_msgs/share/roarm_msgs/package.dsv'
[1.371s] INFO:colcon.colcon_core.shell:Creating package script '/home/v1/Desktop/Beizo/arm_ws/install/roarm_msgs/share/roarm_msgs/package.sh'
[1.371s] INFO:colcon.colcon_core.shell:Creating package script '/home/v1/Desktop/Beizo/arm_ws/install/roarm_msgs/share/roarm_msgs/package.bash'
[1.372s] INFO:colcon.colcon_core.shell:Creating package script '/home/v1/Desktop/Beizo/arm_ws/install/roarm_msgs/share/roarm_msgs/package.zsh'
[1.373s] Level 1:colcon.colcon_core.environment:create_file_with_runtime_dependencies(/home/v1/Desktop/Beizo/arm_ws/install/roarm_msgs/share/colcon-core/packages/roarm_msgs)
[1.373s] Level 1:colcon.colcon_core.environment:create_environment_scripts_only(roarm_msgs)
[1.373s] Level 1:colcon.colcon_core.environment:checking '/home/v1/Desktop/Beizo/arm_ws/install/roarm_msgs' for CMake module files
[1.374s] Level 1:colcon.colcon_core.environment:checking '/home/v1/Desktop/Beizo/arm_ws/install/roarm_msgs' for CMake config files
[1.374s] Level 1:colcon.colcon_core.shell:create_environment_hook('roarm_msgs', 'cmake_prefix_path')
[1.375s] INFO:colcon.colcon_core.shell:Creating environment hook '/home/v1/Desktop/Beizo/arm_ws/install/roarm_msgs/share/roarm_msgs/hook/cmake_prefix_path.ps1'
[1.376s] INFO:colcon.colcon_core.shell:Creating environment descriptor '/home/v1/Desktop/Beizo/arm_ws/install/roarm_msgs/share/roarm_msgs/hook/cmake_prefix_path.dsv'
[1.376s] INFO:colcon.colcon_core.shell:Creating environment hook '/home/v1/Desktop/Beizo/arm_ws/install/roarm_msgs/share/roarm_msgs/hook/cmake_prefix_path.sh'
[1.377s] Level 1:colcon.colcon_core.environment:checking '/home/v1/Desktop/Beizo/arm_ws/install/roarm_msgs/lib'
[1.377s] Level 1:colcon.colcon_core.shell:create_environment_hook('roarm_msgs', 'ld_library_path_lib')
[1.377s] INFO:colcon.colcon_core.shell:Creating environment hook '/home/v1/Desktop/Beizo/arm_ws/install/roarm_msgs/share/roarm_msgs/hook/ld_library_path_lib.ps1'
[1.378s] INFO:colcon.colcon_core.shell:Creating environment descriptor '/home/v1/Desktop/Beizo/arm_ws/install/roarm_msgs/share/roarm_msgs/hook/ld_library_path_lib.dsv'
[1.378s] INFO:colcon.colcon_core.shell:Creating environment hook '/home/v1/Desktop/Beizo/arm_ws/install/roarm_msgs/share/roarm_msgs/hook/ld_library_path_lib.sh'
[1.378s] Level 1:colcon.colcon_core.environment:checking '/home/v1/Desktop/Beizo/arm_ws/install/roarm_msgs/bin'
[1.379s] Level 1:colcon.colcon_core.environment:checking '/home/v1/Desktop/Beizo/arm_ws/install/roarm_msgs/lib/pkgconfig/roarm_msgs.pc'
[1.379s] Level 1:colcon.colcon_core.environment:checking '/home/v1/Desktop/Beizo/arm_ws/install/roarm_msgs/lib/python3.12/site-packages'
[1.379s] Level 1:colcon.colcon_core.shell:create_environment_hook('roarm_msgs', 'pythonpath')
[1.379s] INFO:colcon.colcon_core.shell:Creating environment hook '/home/v1/Desktop/Beizo/arm_ws/install/roarm_msgs/share/roarm_msgs/hook/pythonpath.ps1'
[1.380s] INFO:colcon.colcon_core.shell:Creating environment descriptor '/home/v1/Desktop/Beizo/arm_ws/install/roarm_msgs/share/roarm_msgs/hook/pythonpath.dsv'
[1.380s] INFO:colcon.colcon_core.shell:Creating environment hook '/home/v1/Desktop/Beizo/arm_ws/install/roarm_msgs/share/roarm_msgs/hook/pythonpath.sh'
[1.381s] Level 1:colcon.colcon_core.environment:checking '/home/v1/Desktop/Beizo/arm_ws/install/roarm_msgs/bin'
[1.381s] INFO:colcon.colcon_core.shell:Creating package script '/home/v1/Desktop/Beizo/arm_ws/install/roarm_msgs/share/roarm_msgs/package.ps1'
[1.382s] INFO:colcon.colcon_core.shell:Creating package descriptor '/home/v1/Desktop/Beizo/arm_ws/install/roarm_msgs/share/roarm_msgs/package.dsv'
[1.383s] INFO:colcon.colcon_core.shell:Creating package script '/home/v1/Desktop/Beizo/arm_ws/install/roarm_msgs/share/roarm_msgs/package.sh'
[1.383s] INFO:colcon.colcon_core.shell:Creating package script '/home/v1/Desktop/Beizo/arm_ws/install/roarm_msgs/share/roarm_msgs/package.bash'
[1.384s] INFO:colcon.colcon_core.shell:Creating package script '/home/v1/Desktop/Beizo/arm_ws/install/roarm_msgs/share/roarm_msgs/package.zsh'
[1.384s] Level 1:colcon.colcon_core.environment:create_file_with_runtime_dependencies(/home/v1/Desktop/Beizo/arm_ws/install/roarm_msgs/share/colcon-core/packages/roarm_msgs)
[1.384s] INFO:colcon.colcon_ros.task.ament_python.build:Building ROS package in '/home/v1/Desktop/Beizo/arm_ws/src/roarm_moveit_cmd' with build type 'ament_python'
[1.384s] Level 1:colcon.colcon_core.shell:create_environment_hook('roarm_moveit_cmd', 'ament_prefix_path')
[1.385s] INFO:colcon.colcon_core.shell:Creating environment hook '/home/v1/Desktop/Beizo/arm_ws/install/roarm_moveit_cmd/share/roarm_moveit_cmd/hook/ament_prefix_path.ps1'
[1.386s] INFO:colcon.colcon_core.shell:Creating environment descriptor '/home/v1/Desktop/Beizo/arm_ws/install/roarm_moveit_cmd/share/roarm_moveit_cmd/hook/ament_prefix_path.dsv'
[1.386s] INFO:colcon.colcon_core.shell:Creating environment hook '/home/v1/Desktop/Beizo/arm_ws/install/roarm_moveit_cmd/share/roarm_moveit_cmd/hook/ament_prefix_path.sh'
[1.387s] INFO:colcon.colcon_core.shell:Skip shell extension 'powershell' for command environment: Not usable outside of PowerShell
[1.387s] DEBUG:colcon.colcon_core.shell:Skip shell extension 'dsv' for command environment
[1.730s] INFO:colcon.colcon_core.task.python.build:Building Python package in '/home/v1/Desktop/Beizo/arm_ws/src/roarm_moveit_cmd'
[1.730s] INFO:colcon.colcon_core.shell:Skip shell extension 'powershell' for command environment: Not usable outside of PowerShell
[1.731s] DEBUG:colcon.colcon_core.shell:Skip shell extension 'dsv' for command environment
[2.151s] DEBUG:colcon.colcon_core.event_handler.log_command:Invoking command in '/home/v1/Desktop/Beizo/arm_ws/src/roarm_description': DEBUGINFOD_URLS=https://debuginfod.ubuntu.com PYTHONPATH=/home/v1/Desktop/Beizo/arm_ws/build/roarm_description/prefix_override:/usr/lib/python3/dist-packages/colcon_core/task/python/colcon_distutils_commands:/home/v1/Desktop/Beizo/arm_ws/install/roarm_description/lib/python3.12/site-packages:${PYTHONPATH} /usr/bin/python3 -W ignore:setup.py install is deprecated -W ignore:easy_install command is deprecated setup.py egg_info --egg-base ../../build/roarm_description build --build-base /home/v1/Desktop/Beizo/arm_ws/build/roarm_description/build install --record /home/v1/Desktop/Beizo/arm_ws/build/roarm_description/install.log --single-version-externally-managed install_data
[2.163s] DEBUG:colcon.colcon_core.event_handler.log_command:Invoking command in '/home/v1/Desktop/Beizo/arm_ws/src/roarm_driver': DEBUGINFOD_URLS=https://debuginfod.ubuntu.com PYTHONPATH=/home/v1/Desktop/Beizo/arm_ws/build/roarm_driver/prefix_override:/usr/lib/python3/dist-packages/colcon_core/task/python/colcon_distutils_commands:/home/v1/Desktop/Beizo/arm_ws/install/roarm_driver/lib/python3.12/site-packages:${PYTHONPATH} /usr/bin/python3 -W ignore:setup.py install is deprecated -W ignore:easy_install command is deprecated setup.py egg_info --egg-base ../../build/roarm_driver build --build-base /home/v1/Desktop/Beizo/arm_ws/build/roarm_driver/build install --record /home/v1/Desktop/Beizo/arm_ws/build/roarm_driver/install.log --single-version-externally-managed install_data
[3.469s] DEBUG:colcon.colcon_core.event_handler.log_command:Invoking command in '/home/v1/Desktop/Beizo/arm_ws/src/roarm_moveit_cmd': DEBUGINFOD_URLS=https://debuginfod.ubuntu.com PYTHONPATH=/home/v1/Desktop/Beizo/arm_ws/build/roarm_moveit_cmd/prefix_override:/usr/lib/python3/dist-packages/colcon_core/task/python/colcon_distutils_commands:/home/v1/Desktop/Beizo/arm_ws/install/roarm_moveit_cmd/lib/python3.12/site-packages:${PYTHONPATH} /usr/bin/python3 -W ignore:setup.py install is deprecated -W ignore:easy_install command is deprecated setup.py egg_info --egg-base ../../build/roarm_moveit_cmd build --build-base /home/v1/Desktop/Beizo/arm_ws/build/roarm_moveit_cmd/build install --record /home/v1/Desktop/Beizo/arm_ws/build/roarm_moveit_cmd/install.log --single-version-externally-managed install_data
[3.649s] Level 1:colcon.colcon_core.environment:checking '/home/v1/Desktop/Beizo/arm_ws/install/roarm_description' for CMake module files
[3.650s] DEBUG:colcon.colcon_core.event_handler.log_command:Invoked command in '/home/v1/Desktop/Beizo/arm_ws/src/roarm_description' returned '0': DEBUGINFOD_URLS=https://debuginfod.ubuntu.com PYTHONPATH=/home/v1/Desktop/Beizo/arm_ws/build/roarm_description/prefix_override:/usr/lib/python3/dist-packages/colcon_core/task/python/colcon_distutils_commands:/home/v1/Desktop/Beizo/arm_ws/install/roarm_description/lib/python3.12/site-packages:${PYTHONPATH} /usr/bin/python3 -W ignore:setup.py install is deprecated -W ignore:easy_install command is deprecated setup.py egg_info --egg-base ../../build/roarm_description build --build-base /home/v1/Desktop/Beizo/arm_ws/build/roarm_description/build install --record /home/v1/Desktop/Beizo/arm_ws/build/roarm_description/install.log --single-version-externally-managed install_data
[3.650s] Level 1:colcon.colcon_core.environment:checking '/home/v1/Desktop/Beizo/arm_ws/install/roarm_description' for CMake config files
[3.651s] Level 1:colcon.colcon_core.environment:checking '/home/v1/Desktop/Beizo/arm_ws/install/roarm_description/lib'
[3.652s] Level 1:colcon.colcon_core.environment:checking '/home/v1/Desktop/Beizo/arm_ws/install/roarm_description/bin'
[3.652s] Level 1:colcon.colcon_core.environment:checking '/home/v1/Desktop/Beizo/arm_ws/install/roarm_description/lib/pkgconfig/roarm_description.pc'
[3.652s] Level 1:colcon.colcon_core.environment:checking '/home/v1/Desktop/Beizo/arm_ws/install/roarm_description/lib/python3.12/site-packages'
[3.652s] Level 1:colcon.colcon_core.shell:create_environment_hook('roarm_description', 'pythonpath')
[3.653s] INFO:colcon.colcon_core.shell:Creating environment hook '/home/v1/Desktop/Beizo/arm_ws/install/roarm_description/share/roarm_description/hook/pythonpath.ps1'
[3.653s] INFO:colcon.colcon_core.shell:Creating environment descriptor '/home/v1/Desktop/Beizo/arm_ws/install/roarm_description/share/roarm_description/hook/pythonpath.dsv'
[3.654s] INFO:colcon.colcon_core.shell:Creating environment hook '/home/v1/Desktop/Beizo/arm_ws/install/roarm_description/share/roarm_description/hook/pythonpath.sh'
[3.655s] Level 1:colcon.colcon_core.environment:checking '/home/v1/Desktop/Beizo/arm_ws/install/roarm_description/bin'
[3.655s] Level 1:colcon.colcon_core.environment:create_environment_scripts_only(roarm_description)
[3.656s] INFO:colcon.colcon_core.shell:Creating package script '/home/v1/Desktop/Beizo/arm_ws/install/roarm_description/share/roarm_description/package.ps1'
[3.657s] INFO:colcon.colcon_core.shell:Creating package descriptor '/home/v1/Desktop/Beizo/arm_ws/install/roarm_description/share/roarm_description/package.dsv'
[3.658s] INFO:colcon.colcon_core.shell:Creating package script '/home/v1/Desktop/Beizo/arm_ws/install/roarm_description/share/roarm_description/package.sh'
[3.658s] INFO:colcon.colcon_core.shell:Creating package script '/home/v1/Desktop/Beizo/arm_ws/install/roarm_description/share/roarm_description/package.bash'
[3.659s] INFO:colcon.colcon_core.shell:Creating package script '/home/v1/Desktop/Beizo/arm_ws/install/roarm_description/share/roarm_description/package.zsh'
[3.660s] Level 1:colcon.colcon_core.environment:create_file_with_runtime_dependencies(/home/v1/Desktop/Beizo/arm_ws/install/roarm_description/share/colcon-core/packages/roarm_description)
[3.661s] INFO:colcon.colcon_ros.task.ament_cmake.build:Building ROS package in '/home/v1/Desktop/Beizo/arm_ws/src/roarm_moveit_config' with build type 'ament_cmake'
[3.661s] INFO:colcon.colcon_cmake.task.cmake.build:Building CMake package in '/home/v1/Desktop/Beizo/arm_ws/src/roarm_moveit_config'
[3.661s] INFO:colcon.colcon_core.shell:Skip shell extension 'powershell' for command environment: Not usable outside of PowerShell
[3.661s] DEBUG:colcon.colcon_core.shell:Skip shell extension 'dsv' for command environment
[3.671s] Level 1:colcon.colcon_core.environment:checking '/home/v1/Desktop/Beizo/arm_ws/install/roarm_driver' for CMake module files
[3.672s] DEBUG:colcon.colcon_core.event_handler.log_command:Invoked command in '/home/v1/Desktop/Beizo/arm_ws/src/roarm_driver' returned '0': DEBUGINFOD_URLS=https://debuginfod.ubuntu.com PYTHONPATH=/home/v1/Desktop/Beizo/arm_ws/build/roarm_driver/prefix_override:/usr/lib/python3/dist-packages/colcon_core/task/python/colcon_distutils_commands:/home/v1/Desktop/Beizo/arm_ws/install/roarm_driver/lib/python3.12/site-packages:${PYTHONPATH} /usr/bin/python3 -W ignore:setup.py install is deprecated -W ignore:easy_install command is deprecated setup.py egg_info --egg-base ../../build/roarm_driver build --build-base /home/v1/Desktop/Beizo/arm_ws/build/roarm_driver/build install --record /home/v1/Desktop/Beizo/arm_ws/build/roarm_driver/install.log --single-version-externally-managed install_data
[3.672s] Level 1:colcon.colcon_core.environment:checking '/home/v1/Desktop/Beizo/arm_ws/install/roarm_driver' for CMake config files
[3.673s] Level 1:colcon.colcon_core.environment:checking '/home/v1/Desktop/Beizo/arm_ws/install/roarm_driver/lib'
[3.673s] Level 1:colcon.colcon_core.environment:checking '/home/v1/Desktop/Beizo/arm_ws/install/roarm_driver/bin'
[3.673s] Level 1:colcon.colcon_core.environment:checking '/home/v1/Desktop/Beizo/arm_ws/install/roarm_driver/lib/pkgconfig/roarm_driver.pc'
[3.674s] Level 1:colcon.colcon_core.environment:checking '/home/v1/Desktop/Beizo/arm_ws/install/roarm_driver/lib/python3.12/site-packages'
[3.674s] Level 1:colcon.colcon_core.shell:create_environment_hook('roarm_driver', 'pythonpath')
[3.674s] INFO:colcon.colcon_core.shell:Creating environment hook '/home/v1/Desktop/Beizo/arm_ws/install/roarm_driver/share/roarm_driver/hook/pythonpath.ps1'
[3.675s] INFO:colcon.colcon_core.shell:Creating environment descriptor '/home/v1/Desktop/Beizo/arm_ws/install/roarm_driver/share/roarm_driver/hook/pythonpath.dsv'
[3.676s] INFO:colcon.colcon_core.shell:Creating environment hook '/home/v1/Desktop/Beizo/arm_ws/install/roarm_driver/share/roarm_driver/hook/pythonpath.sh'
[3.677s] Level 1:colcon.colcon_core.environment:checking '/home/v1/Desktop/Beizo/arm_ws/install/roarm_driver/bin'
[3.677s] Level 1:colcon.colcon_core.environment:create_environment_scripts_only(roarm_driver)
[3.678s] INFO:colcon.colcon_core.shell:Creating package script '/home/v1/Desktop/Beizo/arm_ws/install/roarm_driver/share/roarm_driver/package.ps1'
[3.678s] INFO:colcon.colcon_core.shell:Creating package descriptor '/home/v1/Desktop/Beizo/arm_ws/install/roarm_driver/share/roarm_driver/package.dsv'
[3.679s] INFO:colcon.colcon_core.shell:Creating package script '/home/v1/Desktop/Beizo/arm_ws/install/roarm_driver/share/roarm_driver/package.sh'
[3.680s] INFO:colcon.colcon_core.shell:Creating package script '/home/v1/Desktop/Beizo/arm_ws/install/roarm_driver/share/roarm_driver/package.bash'
[3.681s] INFO:colcon.colcon_core.shell:Creating package script '/home/v1/Desktop/Beizo/arm_ws/install/roarm_driver/share/roarm_driver/package.zsh'
[3.681s] Level 1:colcon.colcon_core.environment:create_file_with_runtime_dependencies(/home/v1/Desktop/Beizo/arm_ws/install/roarm_driver/share/colcon-core/packages/roarm_driver)
[3.687s] DEBUG:colcon.colcon_core.event_handler.log_command:Invoking command in '/home/v1/Desktop/Beizo/arm_ws/build/roarm_moveit_config': AMENT_PREFIX_PATH=/home/v1/Desktop/Beizo/arm_ws/install/roarm_description:/home/v1/Desktop/Beizo/arm_ws/install/roarm_msgs:/home/v1/Desktop/Beizo/arm_ws/install/roarm_moveit_config:/home/v1/Desktop/Beizo/arm_ws/install/roarm_moveit_cmd:/home/v1/Desktop/Beizo/arm_ws/install/roarm_driver:/opt/ros/jazzy CMAKE_PREFIX_PATH=${CMAKE_PREFIX_PATH}:/home/v1/Desktop/Beizo/arm_ws/install/roarm_moveit_cmd:/home/v1/Desktop/Beizo/arm_ws/install/roarm_driver:/home/v1/Desktop/Beizo/arm_ws/install/roarm_description:/opt/ros/jazzy DEBUGINFOD_URLS=https://debuginfod.ubuntu.com PYTHONPATH=/home/v1/Desktop/Beizo/arm_ws/install/roarm_description/lib/python3.12/site-packages:/home/v1/Desktop/Beizo/arm_ws/install/roarm_msgs/lib/python3.12/site-packages:/home/v1/Desktop/Beizo/arm_ws/install/roarm_moveit_cmd/lib/python3.12/site-packages:/home/v1/Desktop/Beizo/arm_ws/install/roarm_driver/lib/python3.12/site-packages:/opt/ros/jazzy/lib/python3.12/site-packages /usr/bin/cmake --build /home/v1/Desktop/Beizo/arm_ws/build/roarm_moveit_config -- -j8 -l8
[3.730s] DEBUG:colcon.colcon_core.event_handler.log_command:Invoked command in '/home/v1/Desktop/Beizo/arm_ws/build/roarm_moveit_config' returned '0': AMENT_PREFIX_PATH=/home/v1/Desktop/Beizo/arm_ws/install/roarm_description:/home/v1/Desktop/Beizo/arm_ws/install/roarm_msgs:/home/v1/Desktop/Beizo/arm_ws/install/roarm_moveit_config:/home/v1/Desktop/Beizo/arm_ws/install/roarm_moveit_cmd:/home/v1/Desktop/Beizo/arm_ws/install/roarm_driver:/opt/ros/jazzy CMAKE_PREFIX_PATH=${CMAKE_PREFIX_PATH}:/home/v1/Desktop/Beizo/arm_ws/install/roarm_moveit_cmd:/home/v1/Desktop/Beizo/arm_ws/install/roarm_driver:/home/v1/Desktop/Beizo/arm_ws/install/roarm_description:/opt/ros/jazzy DEBUGINFOD_URLS=https://debuginfod.ubuntu.com PYTHONPATH=/home/v1/Desktop/Beizo/arm_ws/install/roarm_description/lib/python3.12/site-packages:/home/v1/Desktop/Beizo/arm_ws/install/roarm_msgs/lib/python3.12/site-packages:/home/v1/Desktop/Beizo/arm_ws/install/roarm_moveit_cmd/lib/python3.12/site-packages:/home/v1/Desktop/Beizo/arm_ws/install/roarm_driver/lib/python3.12/site-packages:/opt/ros/jazzy/lib/python3.12/site-packages /usr/bin/cmake --build /home/v1/Desktop/Beizo/arm_ws/build/roarm_moveit_config -- -j8 -l8
[3.731s] DEBUG:colcon.colcon_core.event_handler.log_command:Invoking command in '/home/v1/Desktop/Beizo/arm_ws/build/roarm_moveit_config': AMENT_PREFIX_PATH=/home/v1/Desktop/Beizo/arm_ws/install/roarm_description:/home/v1/Desktop/Beizo/arm_ws/install/roarm_msgs:/home/v1/Desktop/Beizo/arm_ws/install/roarm_moveit_config:/home/v1/Desktop/Beizo/arm_ws/install/roarm_moveit_cmd:/home/v1/Desktop/Beizo/arm_ws/install/roarm_driver:/opt/ros/jazzy CMAKE_PREFIX_PATH=${CMAKE_PREFIX_PATH}:/home/v1/Desktop/Beizo/arm_ws/install/roarm_moveit_cmd:/home/v1/Desktop/Beizo/arm_ws/install/roarm_driver:/home/v1/Desktop/Beizo/arm_ws/install/roarm_description:/opt/ros/jazzy DEBUGINFOD_URLS=https://debuginfod.ubuntu.com PYTHONPATH=/home/v1/Desktop/Beizo/arm_ws/install/roarm_description/lib/python3.12/site-packages:/home/v1/Desktop/Beizo/arm_ws/install/roarm_msgs/lib/python3.12/site-packages:/home/v1/Desktop/Beizo/arm_ws/install/roarm_moveit_cmd/lib/python3.12/site-packages:/home/v1/Desktop/Beizo/arm_ws/install/roarm_driver/lib/python3.12/site-packages:/opt/ros/jazzy/lib/python3.12/site-packages /usr/bin/cmake --install /home/v1/Desktop/Beizo/arm_ws/build/roarm_moveit_config
[3.742s] Level 1:colcon.colcon_core.environment:create_environment_scripts_only(roarm_moveit_config)
[3.743s] Level 1:colcon.colcon_core.environment:checking '/home/v1/Desktop/Beizo/arm_ws/install/roarm_moveit_config' for CMake module files
[3.744s] Level 1:colcon.colcon_core.environment:checking '/home/v1/Desktop/Beizo/arm_ws/install/roarm_moveit_config' for CMake config files
[3.745s] Level 1:colcon.colcon_core.shell:create_environment_hook('roarm_moveit_config', 'cmake_prefix_path')
[3.745s] INFO:colcon.colcon_core.shell:Creating environment hook '/home/v1/Desktop/Beizo/arm_ws/install/roarm_moveit_config/share/roarm_moveit_config/hook/cmake_prefix_path.ps1'
[3.746s] INFO:colcon.colcon_core.shell:Creating environment descriptor '/home/v1/Desktop/Beizo/arm_ws/install/roarm_moveit_config/share/roarm_moveit_config/hook/cmake_prefix_path.dsv'
[3.747s] INFO:colcon.colcon_core.shell:Creating environment hook '/home/v1/Desktop/Beizo/arm_ws/install/roarm_moveit_config/share/roarm_moveit_config/hook/cmake_prefix_path.sh'
[3.748s] DEBUG:colcon.colcon_core.event_handler.log_command:Invoked command in '/home/v1/Desktop/Beizo/arm_ws/build/roarm_moveit_config' returned '0': AMENT_PREFIX_PATH=/home/v1/Desktop/Beizo/arm_ws/install/roarm_description:/home/v1/Desktop/Beizo/arm_ws/install/roarm_msgs:/home/v1/Desktop/Beizo/arm_ws/install/roarm_moveit_config:/home/v1/Desktop/Beizo/arm_ws/install/roarm_moveit_cmd:/home/v1/Desktop/Beizo/arm_ws/install/roarm_driver:/opt/ros/jazzy CMAKE_PREFIX_PATH=${CMAKE_PREFIX_PATH}:/home/v1/Desktop/Beizo/arm_ws/install/roarm_moveit_cmd:/home/v1/Desktop/Beizo/arm_ws/install/roarm_driver:/home/v1/Desktop/Beizo/arm_ws/install/roarm_description:/opt/ros/jazzy DEBUGINFOD_URLS=https://debuginfod.ubuntu.com PYTHONPATH=/home/v1/Desktop/Beizo/arm_ws/install/roarm_description/lib/python3.12/site-packages:/home/v1/Desktop/Beizo/arm_ws/install/roarm_msgs/lib/python3.12/site-packages:/home/v1/Desktop/Beizo/arm_ws/install/roarm_moveit_cmd/lib/python3.12/site-packages:/home/v1/Desktop/Beizo/arm_ws/install/roarm_driver/lib/python3.12/site-packages:/opt/ros/jazzy/lib/python3.12/site-packages /usr/bin/cmake --install /home/v1/Desktop/Beizo/arm_ws/build/roarm_moveit_config
[3.748s] Level 1:colcon.colcon_core.environment:checking '/home/v1/Desktop/Beizo/arm_ws/install/roarm_moveit_config/bin'
[3.748s] Level 1:colcon.colcon_core.environment:checking '/home/v1/Desktop/Beizo/arm_ws/install/roarm_moveit_config/lib/pkgconfig/roarm_moveit_config.pc'
[3.748s] Level 1:colcon.colcon_core.environment:checking '/home/v1/Desktop/Beizo/arm_ws/install/roarm_moveit_config/lib/python3.12/site-packages'
[3.749s] Level 1:colcon.colcon_core.environment:checking '/home/v1/Desktop/Beizo/arm_ws/install/roarm_moveit_config/bin'
[3.749s] INFO:colcon.colcon_core.shell:Creating package script '/home/v1/Desktop/Beizo/arm_ws/install/roarm_moveit_config/share/roarm_moveit_config/package.ps1'
[3.749s] INFO:colcon.colcon_core.shell:Creating package descriptor '/home/v1/Desktop/Beizo/arm_ws/install/roarm_moveit_config/share/roarm_moveit_config/package.dsv'
[3.750s] INFO:colcon.colcon_core.shell:Creating package script '/home/v1/Desktop/Beizo/arm_ws/install/roarm_moveit_config/share/roarm_moveit_config/package.sh'
[3.750s] INFO:colcon.colcon_core.shell:Creating package script '/home/v1/Desktop/Beizo/arm_ws/install/roarm_moveit_config/share/roarm_moveit_config/package.bash'
[3.750s] INFO:colcon.colcon_core.shell:Creating package script '/home/v1/Desktop/Beizo/arm_ws/install/roarm_moveit_config/share/roarm_moveit_config/package.zsh'
[3.751s] Level 1:colcon.colcon_core.environment:create_file_with_runtime_dependencies(/home/v1/Desktop/Beizo/arm_ws/install/roarm_moveit_config/share/colcon-core/packages/roarm_moveit_config)
[3.751s] Level 1:colcon.colcon_core.environment:create_environment_scripts_only(roarm_moveit_config)
[3.751s] Level 1:colcon.colcon_core.environment:checking '/home/v1/Desktop/Beizo/arm_ws/install/roarm_moveit_config' for CMake module files
[3.752s] Level 1:colcon.colcon_core.environment:checking '/home/v1/Desktop/Beizo/arm_ws/install/roarm_moveit_config' for CMake config files
[3.752s] Level 1:colcon.colcon_core.shell:create_environment_hook('roarm_moveit_config', 'cmake_prefix_path')
[3.752s] INFO:colcon.colcon_core.shell:Creating environment hook '/home/v1/Desktop/Beizo/arm_ws/install/roarm_moveit_config/share/roarm_moveit_config/hook/cmake_prefix_path.ps1'
[3.753s] INFO:colcon.colcon_core.shell:Creating environment descriptor '/home/v1/Desktop/Beizo/arm_ws/install/roarm_moveit_config/share/roarm_moveit_config/hook/cmake_prefix_path.dsv'
[3.753s] INFO:colcon.colcon_core.shell:Creating environment hook '/home/v1/Desktop/Beizo/arm_ws/install/roarm_moveit_config/share/roarm_moveit_config/hook/cmake_prefix_path.sh'
[3.754s] Level 1:colcon.colcon_core.environment:checking '/home/v1/Desktop/Beizo/arm_ws/install/roarm_moveit_config/bin'
[3.754s] Level 1:colcon.colcon_core.environment:checking '/home/v1/Desktop/Beizo/arm_ws/install/roarm_moveit_config/lib/pkgconfig/roarm_moveit_config.pc'
[3.754s] Level 1:colcon.colcon_core.environment:checking '/home/v1/Desktop/Beizo/arm_ws/install/roarm_moveit_config/lib/python3.12/site-packages'
[3.754s] Level 1:colcon.colcon_core.environment:checking '/home/v1/Desktop/Beizo/arm_ws/install/roarm_moveit_config/bin'
[3.755s] INFO:colcon.colcon_core.shell:Creating package script '/home/v1/Desktop/Beizo/arm_ws/install/roarm_moveit_config/share/roarm_moveit_config/package.ps1'
[3.755s] INFO:colcon.colcon_core.shell:Creating package descriptor '/home/v1/Desktop/Beizo/arm_ws/install/roarm_moveit_config/share/roarm_moveit_config/package.dsv'
[3.755s] INFO:colcon.colcon_core.shell:Creating package script '/home/v1/Desktop/Beizo/arm_ws/install/roarm_moveit_config/share/roarm_moveit_config/package.sh'
[3.756s] INFO:colcon.colcon_core.shell:Creating package script '/home/v1/Desktop/Beizo/arm_ws/install/roarm_moveit_config/share/roarm_moveit_config/package.bash'
[3.756s] INFO:colcon.colcon_core.shell:Creating package script '/home/v1/Desktop/Beizo/arm_ws/install/roarm_moveit_config/share/roarm_moveit_config/package.zsh'
[3.757s] Level 1:colcon.colcon_core.environment:create_file_with_runtime_dependencies(/home/v1/Desktop/Beizo/arm_ws/install/roarm_moveit_config/share/colcon-core/packages/roarm_moveit_config)
[4.339s] Level 1:colcon.colcon_core.environment:checking '/home/v1/Desktop/Beizo/arm_ws/install/roarm_moveit_cmd' for CMake module files
[4.339s] DEBUG:colcon.colcon_core.event_handler.log_command:Invoked command in '/home/v1/Desktop/Beizo/arm_ws/src/roarm_moveit_cmd' returned '0': DEBUGINFOD_URLS=https://debuginfod.ubuntu.com PYTHONPATH=/home/v1/Desktop/Beizo/arm_ws/build/roarm_moveit_cmd/prefix_override:/usr/lib/python3/dist-packages/colcon_core/task/python/colcon_distutils_commands:/home/v1/Desktop/Beizo/arm_ws/install/roarm_moveit_cmd/lib/python3.12/site-packages:${PYTHONPATH} /usr/bin/python3 -W ignore:setup.py install is deprecated -W ignore:easy_install command is deprecated setup.py egg_info --egg-base ../../build/roarm_moveit_cmd build --build-base /home/v1/Desktop/Beizo/arm_ws/build/roarm_moveit_cmd/build install --record /home/v1/Desktop/Beizo/arm_ws/build/roarm_moveit_cmd/install.log --single-version-externally-managed install_data
[4.340s] Level 1:colcon.colcon_core.environment:checking '/home/v1/Desktop/Beizo/arm_ws/install/roarm_moveit_cmd' for CMake config files
[4.340s] Level 1:colcon.colcon_core.environment:checking '/home/v1/Desktop/Beizo/arm_ws/install/roarm_moveit_cmd/lib'
[4.341s] Level 1:colcon.colcon_core.environment:checking '/home/v1/Desktop/Beizo/arm_ws/install/roarm_moveit_cmd/bin'
[4.341s] Level 1:colcon.colcon_core.environment:checking '/home/v1/Desktop/Beizo/arm_ws/install/roarm_moveit_cmd/lib/pkgconfig/roarm_moveit_cmd.pc'
[4.341s] Level 1:colcon.colcon_core.environment:checking '/home/v1/Desktop/Beizo/arm_ws/install/roarm_moveit_cmd/lib/python3.12/site-packages'
[4.341s] Level 1:colcon.colcon_core.shell:create_environment_hook('roarm_moveit_cmd', 'pythonpath')
[4.341s] INFO:colcon.colcon_core.shell:Creating environment hook '/home/v1/Desktop/Beizo/arm_ws/install/roarm_moveit_cmd/share/roarm_moveit_cmd/hook/pythonpath.ps1'
[4.342s] INFO:colcon.colcon_core.shell:Creating environment descriptor '/home/v1/Desktop/Beizo/arm_ws/install/roarm_moveit_cmd/share/roarm_moveit_cmd/hook/pythonpath.dsv'
[4.342s] INFO:colcon.colcon_core.shell:Creating environment hook '/home/v1/Desktop/Beizo/arm_ws/install/roarm_moveit_cmd/share/roarm_moveit_cmd/hook/pythonpath.sh'
[4.343s] Level 1:colcon.colcon_core.environment:checking '/home/v1/Desktop/Beizo/arm_ws/install/roarm_moveit_cmd/bin'
[4.343s] Level 1:colcon.colcon_core.environment:create_environment_scripts_only(roarm_moveit_cmd)
[4.343s] INFO:colcon.colcon_core.shell:Creating package script '/home/v1/Desktop/Beizo/arm_ws/install/roarm_moveit_cmd/share/roarm_moveit_cmd/package.ps1'
[4.344s] INFO:colcon.colcon_core.shell:Creating package descriptor '/home/v1/Desktop/Beizo/arm_ws/install/roarm_moveit_cmd/share/roarm_moveit_cmd/package.dsv'
[4.345s] INFO:colcon.colcon_core.shell:Creating package script '/home/v1/Desktop/Beizo/arm_ws/install/roarm_moveit_cmd/share/roarm_moveit_cmd/package.sh'
[4.345s] INFO:colcon.colcon_core.shell:Creating package script '/home/v1/Desktop/Beizo/arm_ws/install/roarm_moveit_cmd/share/roarm_moveit_cmd/package.bash'
[4.346s] INFO:colcon.colcon_core.shell:Creating package script '/home/v1/Desktop/Beizo/arm_ws/install/roarm_moveit_cmd/share/roarm_moveit_cmd/package.zsh'
[4.346s] Level 1:colcon.colcon_core.environment:create_file_with_runtime_dependencies(/home/v1/Desktop/Beizo/arm_ws/install/roarm_moveit_cmd/share/colcon-core/packages/roarm_moveit_cmd)
[4.346s] DEBUG:colcon.colcon_parallel_executor.executor.parallel:closing loop
[4.347s] DEBUG:colcon.colcon_parallel_executor.executor.parallel:loop closed
[4.347s] DEBUG:colcon.colcon_parallel_executor.executor.parallel:run_until_complete finished with '0'
[4.347s] DEBUG:colcon.colcon_core.event_reactor:joining thread
[4.353s] INFO:colcon.colcon_core.plugin_system:Skipping extension 'colcon_notification.desktop_notification.terminal_notifier': Not used on non-Darwin systems
[4.353s] INFO:colcon.colcon_core.plugin_system:Skipping extension 'colcon_notification.desktop_notification.win32': Not used on non-Windows systems
[4.353s] INFO:colcon.colcon_notification.desktop_notification:Sending desktop notification using 'notify2'
[4.366s] DEBUG:colcon.colcon_core.event_reactor:joined thread
[4.366s] INFO:colcon.colcon_core.shell:Creating prefix script '/home/v1/Desktop/Beizo/arm_ws/install/local_setup.ps1'
[4.367s] INFO:colcon.colcon_core.shell:Creating prefix util module '/home/v1/Desktop/Beizo/arm_ws/install/_local_setup_util_ps1.py'
[4.368s] INFO:colcon.colcon_core.shell:Creating prefix chain script '/home/v1/Desktop/Beizo/arm_ws/install/setup.ps1'
[4.369s] INFO:colcon.colcon_core.shell:Creating prefix script '/home/v1/Desktop/Beizo/arm_ws/install/local_setup.sh'
[4.370s] INFO:colcon.colcon_core.shell:Creating prefix util module '/home/v1/Desktop/Beizo/arm_ws/install/_local_setup_util_sh.py'
[4.370s] INFO:colcon.colcon_core.shell:Creating prefix chain script '/home/v1/Desktop/Beizo/arm_ws/install/setup.sh'
[4.372s] INFO:colcon.colcon_core.shell:Creating prefix script '/home/v1/Desktop/Beizo/arm_ws/install/local_setup.bash'
[4.372s] INFO:colcon.colcon_core.shell:Creating prefix chain script '/home/v1/Desktop/Beizo/arm_ws/install/setup.bash'
[4.373s] INFO:colcon.colcon_core.shell:Creating prefix script '/home/v1/Desktop/Beizo/arm_ws/install/local_setup.zsh'
[4.373s] INFO:colcon.colcon_core.shell:Creating prefix chain script '/home/v1/Desktop/Beizo/arm_ws/install/setup.zsh'
