[2.264s] Invoking command in '/home/v1/Desktop/Beizo/arm_ws/src/roarm_moveit_cmd': DEBUGINFOD_URLS=https://debuginfod.ubuntu.com PYTHONPATH=/home/v1/Desktop/Beizo/arm_ws/build/roarm_moveit_cmd/prefix_override:/usr/lib/python3/dist-packages/colcon_core/task/python/colcon_distutils_commands:/home/v1/Desktop/Beizo/arm_ws/install/roarm_moveit_cmd/lib/python3.12/site-packages:${PYTHONPATH} /usr/bin/python3 -W ignore:setup.py install is deprecated -W ignore:easy_install command is deprecated setup.py egg_info --egg-base ../../build/roarm_moveit_cmd build --build-base /home/v1/Desktop/Beizo/arm_ws/build/roarm_moveit_cmd/build install --record /home/v1/Desktop/Beizo/arm_ws/build/roarm_moveit_cmd/install.log --single-version-externally-managed install_data
[3.055s] running egg_info
[3.120s] writing ../../build/roarm_moveit_cmd/roarm_moveit_cmd.egg-info/PKG-INFO
[3.121s] writing dependency_links to ../../build/roarm_moveit_cmd/roarm_moveit_cmd.egg-info/dependency_links.txt
[3.121s] writing entry points to ../../build/roarm_moveit_cmd/roarm_moveit_cmd.egg-info/entry_points.txt
[3.122s] writing requirements to ../../build/roarm_moveit_cmd/roarm_moveit_cmd.egg-info/requires.txt
[3.122s] writing top-level names to ../../build/roarm_moveit_cmd/roarm_moveit_cmd.egg-info/top_level.txt
[3.264s] reading manifest file '../../build/roarm_moveit_cmd/roarm_moveit_cmd.egg-info/SOURCES.txt'
[3.266s] writing manifest file '../../build/roarm_moveit_cmd/roarm_moveit_cmd.egg-info/SOURCES.txt'
[3.267s] running build
[3.267s] running build_py
[3.267s] running install
[3.280s] running install_lib
[3.356s] running install_data
[3.356s] running install_egg_info
[3.426s] removing '/home/v1/Desktop/Beizo/arm_ws/install/roarm_moveit_cmd/lib/python3.12/site-packages/roarm_moveit_cmd-0.0.0-py3.12.egg-info' (and everything under it)
[3.427s] Copying ../../build/roarm_moveit_cmd/roarm_moveit_cmd.egg-info to /home/v1/Desktop/Beizo/arm_ws/install/roarm_moveit_cmd/lib/python3.12/site-packages/roarm_moveit_cmd-0.0.0-py3.12.egg-info
[3.430s] running install_scripts
[3.811s] Installing xyz_control script to /home/v1/Desktop/Beizo/arm_ws/install/roarm_moveit_cmd/lib/roarm_moveit_cmd
[3.812s] writing list of installed files to '/home/v1/Desktop/Beizo/arm_ws/build/roarm_moveit_cmd/install.log'
[3.863s] Invoked command in '/home/v1/Desktop/Beizo/arm_ws/src/roarm_moveit_cmd' returned '0': DEBUGINFOD_URLS=https://debuginfod.ubuntu.com PYTHONPATH=/home/v1/Desktop/Beizo/arm_ws/build/roarm_moveit_cmd/prefix_override:/usr/lib/python3/dist-packages/colcon_core/task/python/colcon_distutils_commands:/home/v1/Desktop/Beizo/arm_ws/install/roarm_moveit_cmd/lib/python3.12/site-packages:${PYTHONPATH} /usr/bin/python3 -W ignore:setup.py install is deprecated -W ignore:easy_install command is deprecated setup.py egg_info --egg-base ../../build/roarm_moveit_cmd build --build-base /home/v1/Desktop/Beizo/arm_ws/build/roarm_moveit_cmd/build install --record /home/v1/Desktop/Beizo/arm_ws/build/roarm_moveit_cmd/install.log --single-version-externally-managed install_data
