[3.560s] Invoking command in '/home/v1/Desktop/Beizo/arm_ws/src/roarm_driver': CONDA_PROMPT_MODIFIER=(opencv) DEBUGINFOD_URLS=https://debuginfod.ubuntu.com PYTHONPATH=/home/v1/Desktop/Beizo/arm_ws/build/roarm_driver/prefix_override:/usr/lib/python3/dist-packages/colcon_core/task/python/colcon_distutils_commands:/home/v1/Desktop/Beizo/arm_ws/install/roarm_driver/lib/python3.12/site-packages:${PYTHONPATH} /usr/bin/python3 -W ignore:setup.py install is deprecated -W ignore:easy_install command is deprecated setup.py egg_info --egg-base ../../build/roarm_driver build --build-base /home/v1/Desktop/Beizo/arm_ws/build/roarm_driver/build install --record /home/v1/Desktop/Beizo/arm_ws/build/roarm_driver/install.log --single-version-externally-managed install_data
[4.365s] running egg_info
[4.425s] writing ../../build/roarm_driver/roarm_driver.egg-info/PKG-INFO
[4.426s] writing dependency_links to ../../build/roarm_driver/roarm_driver.egg-info/dependency_links.txt
[4.427s] writing entry points to ../../build/roarm_driver/roarm_driver.egg-info/entry_points.txt
[4.427s] writing requirements to ../../build/roarm_driver/roarm_driver.egg-info/requires.txt
[4.428s] writing top-level names to ../../build/roarm_driver/roarm_driver.egg-info/top_level.txt
[4.524s] reading manifest file '../../build/roarm_driver/roarm_driver.egg-info/SOURCES.txt'
[4.525s] writing manifest file '../../build/roarm_driver/roarm_driver.egg-info/SOURCES.txt'
[4.525s] running build
[4.526s] running build_py
[4.529s] running install
[4.538s] running install_lib
[4.587s] running install_data
[4.588s] running install_egg_info
[4.656s] removing '/home/v1/Desktop/Beizo/arm_ws/install/roarm_driver/lib/python3.12/site-packages/roarm_driver-0.0.0-py3.12.egg-info' (and everything under it)
[4.659s] Copying ../../build/roarm_driver/roarm_driver.egg-info to /home/v1/Desktop/Beizo/arm_ws/install/roarm_driver/lib/python3.12/site-packages/roarm_driver-0.0.0-py3.12.egg-info
[4.664s] running install_scripts
[5.137s] Installing roarm_driver script to /home/v1/Desktop/Beizo/arm_ws/install/roarm_driver/lib/roarm_driver
[5.138s] writing list of installed files to '/home/v1/Desktop/Beizo/arm_ws/build/roarm_driver/install.log'
[5.182s] Invoked command in '/home/v1/Desktop/Beizo/arm_ws/src/roarm_driver' returned '0': CONDA_PROMPT_MODIFIER=(opencv) DEBUGINFOD_URLS=https://debuginfod.ubuntu.com PYTHONPATH=/home/v1/Desktop/Beizo/arm_ws/build/roarm_driver/prefix_override:/usr/lib/python3/dist-packages/colcon_core/task/python/colcon_distutils_commands:/home/v1/Desktop/Beizo/arm_ws/install/roarm_driver/lib/python3.12/site-packages:${PYTHONPATH} /usr/bin/python3 -W ignore:setup.py install is deprecated -W ignore:easy_install command is deprecated setup.py egg_info --egg-base ../../build/roarm_driver build --build-base /home/v1/Desktop/Beizo/arm_ws/build/roarm_driver/build install --record /home/v1/Desktop/Beizo/arm_ws/build/roarm_driver/install.log --single-version-externally-managed install_data
