running egg_info
creating ../../build/roarm_moveit_cmd/roarm_moveit_cmd.egg-info
writing ../../build/roarm_moveit_cmd/roarm_moveit_cmd.egg-info/PKG-INFO
writing dependency_links to ../../build/roarm_moveit_cmd/roarm_moveit_cmd.egg-info/dependency_links.txt
writing entry points to ../../build/roarm_moveit_cmd/roarm_moveit_cmd.egg-info/entry_points.txt
writing requirements to ../../build/roarm_moveit_cmd/roarm_moveit_cmd.egg-info/requires.txt
writing top-level names to ../../build/roarm_moveit_cmd/roarm_moveit_cmd.egg-info/top_level.txt
writing manifest file '../../build/roarm_moveit_cmd/roarm_moveit_cmd.egg-info/SOURCES.txt'
reading manifest file '../../build/roarm_moveit_cmd/roarm_moveit_cmd.egg-info/SOURCES.txt'
writing manifest file '../../build/roarm_moveit_cmd/roarm_moveit_cmd.egg-info/SOURCES.txt'
running build
running build_py
creating /home/v1/Desktop/Beizo/arm_ws/build/roarm_moveit_cmd/build
creating /home/v1/Desktop/Beizo/arm_ws/build/roarm_moveit_cmd/build/lib
creating /home/v1/Desktop/Beizo/arm_ws/build/roarm_moveit_cmd/build/lib/roarm_moveit_cmd
copying roarm_moveit_cmd/xyz_control.py -> /home/v1/Desktop/Beizo/arm_ws/build/roarm_moveit_cmd/build/lib/roarm_moveit_cmd
copying roarm_moveit_cmd/__init__.py -> /home/v1/Desktop/Beizo/arm_ws/build/roarm_moveit_cmd/build/lib/roarm_moveit_cmd
running install
running install_lib
creating /home/v1/Desktop/Beizo/arm_ws/install/roarm_moveit_cmd/lib/python3.12/site-packages/roarm_moveit_cmd
copying /home/v1/Desktop/Beizo/arm_ws/build/roarm_moveit_cmd/build/lib/roarm_moveit_cmd/xyz_control.py -> /home/v1/Desktop/Beizo/arm_ws/install/roarm_moveit_cmd/lib/python3.12/site-packages/roarm_moveit_cmd
copying /home/v1/Desktop/Beizo/arm_ws/build/roarm_moveit_cmd/build/lib/roarm_moveit_cmd/__init__.py -> /home/v1/Desktop/Beizo/arm_ws/install/roarm_moveit_cmd/lib/python3.12/site-packages/roarm_moveit_cmd
byte-compiling /home/v1/Desktop/Beizo/arm_ws/install/roarm_moveit_cmd/lib/python3.12/site-packages/roarm_moveit_cmd/xyz_control.py to xyz_control.cpython-312.pyc
byte-compiling /home/v1/Desktop/Beizo/arm_ws/install/roarm_moveit_cmd/lib/python3.12/site-packages/roarm_moveit_cmd/__init__.py to __init__.cpython-312.pyc
running install_data
creating /home/v1/Desktop/Beizo/arm_ws/install/roarm_moveit_cmd/share/ament_index
creating /home/v1/Desktop/Beizo/arm_ws/install/roarm_moveit_cmd/share/ament_index/resource_index
creating /home/v1/Desktop/Beizo/arm_ws/install/roarm_moveit_cmd/share/ament_index/resource_index/packages
copying resource/roarm_moveit_cmd -> /home/v1/Desktop/Beizo/arm_ws/install/roarm_moveit_cmd/share/ament_index/resource_index/packages
copying package.xml -> /home/v1/Desktop/Beizo/arm_ws/install/roarm_moveit_cmd/share/roarm_moveit_cmd
running install_egg_info
Copying ../../build/roarm_moveit_cmd/roarm_moveit_cmd.egg-info to /home/v1/Desktop/Beizo/arm_ws/install/roarm_moveit_cmd/lib/python3.12/site-packages/roarm_moveit_cmd-0.0.0-py3.12.egg-info
running install_scripts
Installing xyz_control script to /home/v1/Desktop/Beizo/arm_ws/install/roarm_moveit_cmd/lib/roarm_moveit_cmd
writing list of installed files to '/home/v1/Desktop/Beizo/arm_ws/build/roarm_moveit_cmd/install.log'
