[1.368s] Invoking command in '/home/v1/Desktop/Beizo/arm_ws/src/roarm_moveit_cmd': DEBUGINFOD_URLS=https://debuginfod.ubuntu.com PYTHONPATH=/home/v1/Desktop/Beizo/arm_ws/build/roarm_moveit_cmd/prefix_override:/usr/lib/python3/dist-packages/colcon_core/task/python/colcon_distutils_commands:/home/v1/Desktop/Beizo/arm_ws/install/roarm_moveit_cmd/lib/python3.12/site-packages:${PYTHONPATH} /usr/bin/python3 -W ignore:setup.py install is deprecated -W ignore:easy_install command is deprecated setup.py egg_info --egg-base ../../build/roarm_moveit_cmd build --build-base /home/v1/Desktop/Beizo/arm_ws/build/roarm_moveit_cmd/build install --record /home/v1/Desktop/Beizo/arm_ws/build/roarm_moveit_cmd/install.log --single-version-externally-managed install_data
[1.746s] running egg_info
[1.747s] creating ../../build/roarm_moveit_cmd/roarm_moveit_cmd.egg-info
[1.781s] writing ../../build/roarm_moveit_cmd/roarm_moveit_cmd.egg-info/PKG-INFO
[1.781s] writing dependency_links to ../../build/roarm_moveit_cmd/roarm_moveit_cmd.egg-info/dependency_links.txt
[1.781s] writing entry points to ../../build/roarm_moveit_cmd/roarm_moveit_cmd.egg-info/entry_points.txt
[1.781s] writing requirements to ../../build/roarm_moveit_cmd/roarm_moveit_cmd.egg-info/requires.txt
[1.782s] writing top-level names to ../../build/roarm_moveit_cmd/roarm_moveit_cmd.egg-info/top_level.txt
[1.782s] writing manifest file '../../build/roarm_moveit_cmd/roarm_moveit_cmd.egg-info/SOURCES.txt'
[1.862s] reading manifest file '../../build/roarm_moveit_cmd/roarm_moveit_cmd.egg-info/SOURCES.txt'
[1.862s] writing manifest file '../../build/roarm_moveit_cmd/roarm_moveit_cmd.egg-info/SOURCES.txt'
[1.863s] running build
[1.863s] running build_py
[1.863s] creating /home/v1/Desktop/Beizo/arm_ws/build/roarm_moveit_cmd/build
[1.863s] creating /home/v1/Desktop/Beizo/arm_ws/build/roarm_moveit_cmd/build/lib
[1.863s] creating /home/v1/Desktop/Beizo/arm_ws/build/roarm_moveit_cmd/build/lib/roarm_moveit_cmd
[1.863s] copying roarm_moveit_cmd/xyz_control.py -> /home/v1/Desktop/Beizo/arm_ws/build/roarm_moveit_cmd/build/lib/roarm_moveit_cmd
[1.863s] copying roarm_moveit_cmd/__init__.py -> /home/v1/Desktop/Beizo/arm_ws/build/roarm_moveit_cmd/build/lib/roarm_moveit_cmd
[1.864s] running install
[1.871s] running install_lib
[1.904s] creating /home/v1/Desktop/Beizo/arm_ws/install/roarm_moveit_cmd/lib/python3.12/site-packages/roarm_moveit_cmd
[1.904s] copying /home/v1/Desktop/Beizo/arm_ws/build/roarm_moveit_cmd/build/lib/roarm_moveit_cmd/xyz_control.py -> /home/v1/Desktop/Beizo/arm_ws/install/roarm_moveit_cmd/lib/python3.12/site-packages/roarm_moveit_cmd
[1.904s] copying /home/v1/Desktop/Beizo/arm_ws/build/roarm_moveit_cmd/build/lib/roarm_moveit_cmd/__init__.py -> /home/v1/Desktop/Beizo/arm_ws/install/roarm_moveit_cmd/lib/python3.12/site-packages/roarm_moveit_cmd
[1.905s] byte-compiling /home/v1/Desktop/Beizo/arm_ws/install/roarm_moveit_cmd/lib/python3.12/site-packages/roarm_moveit_cmd/xyz_control.py to xyz_control.cpython-312.pyc
[1.906s] byte-compiling /home/v1/Desktop/Beizo/arm_ws/install/roarm_moveit_cmd/lib/python3.12/site-packages/roarm_moveit_cmd/__init__.py to __init__.cpython-312.pyc
[1.906s] running install_data
[1.906s] creating /home/v1/Desktop/Beizo/arm_ws/install/roarm_moveit_cmd/share/ament_index
[1.907s] creating /home/v1/Desktop/Beizo/arm_ws/install/roarm_moveit_cmd/share/ament_index/resource_index
[1.907s] creating /home/v1/Desktop/Beizo/arm_ws/install/roarm_moveit_cmd/share/ament_index/resource_index/packages
[1.907s] copying resource/roarm_moveit_cmd -> /home/v1/Desktop/Beizo/arm_ws/install/roarm_moveit_cmd/share/ament_index/resource_index/packages
[1.907s] copying package.xml -> /home/v1/Desktop/Beizo/arm_ws/install/roarm_moveit_cmd/share/roarm_moveit_cmd
[1.907s] running install_egg_info
[1.942s] Copying ../../build/roarm_moveit_cmd/roarm_moveit_cmd.egg-info to /home/v1/Desktop/Beizo/arm_ws/install/roarm_moveit_cmd/lib/python3.12/site-packages/roarm_moveit_cmd-0.0.0-py3.12.egg-info
[1.943s] running install_scripts
[2.198s] Installing xyz_control script to /home/v1/Desktop/Beizo/arm_ws/install/roarm_moveit_cmd/lib/roarm_moveit_cmd
[2.198s] writing list of installed files to '/home/v1/Desktop/Beizo/arm_ws/build/roarm_moveit_cmd/install.log'
[2.252s] Invoked command in '/home/v1/Desktop/Beizo/arm_ws/src/roarm_moveit_cmd' returned '0': DEBUGINFOD_URLS=https://debuginfod.ubuntu.com PYTHONPATH=/home/v1/Desktop/Beizo/arm_ws/build/roarm_moveit_cmd/prefix_override:/usr/lib/python3/dist-packages/colcon_core/task/python/colcon_distutils_commands:/home/v1/Desktop/Beizo/arm_ws/install/roarm_moveit_cmd/lib/python3.12/site-packages:${PYTHONPATH} /usr/bin/python3 -W ignore:setup.py install is deprecated -W ignore:easy_install command is deprecated setup.py egg_info --egg-base ../../build/roarm_moveit_cmd build --build-base /home/v1/Desktop/Beizo/arm_ws/build/roarm_moveit_cmd/build install --record /home/v1/Desktop/Beizo/arm_ws/build/roarm_moveit_cmd/install.log --single-version-externally-managed install_data
