[2.334s] Invoking command in '/home/v1/Desktop/Beizo/arm_ws/src/roarm_driver': DEBUGINFOD_URLS=https://debuginfod.ubuntu.com PYTHONPATH=/home/v1/Desktop/Beizo/arm_ws/build/roarm_driver/prefix_override:/usr/lib/python3/dist-packages/colcon_core/task/python/colcon_distutils_commands:/home/v1/Desktop/Beizo/arm_ws/install/roarm_driver/lib/python3.12/site-packages:${PYTHONPATH} /usr/bin/python3 -W ignore:setup.py install is deprecated -W ignore:easy_install command is deprecated setup.py egg_info --egg-base ../../build/roarm_driver build --build-base /home/v1/Desktop/Beizo/arm_ws/build/roarm_driver/build install --record /home/v1/Desktop/Beizo/arm_ws/build/roarm_driver/install.log --single-version-externally-managed install_data
[2.980s] running egg_info
[2.980s] creating ../../build/roarm_driver/roarm_driver.egg-info
[3.023s] writing ../../build/roarm_driver/roarm_driver.egg-info/PKG-INFO
[3.023s] writing dependency_links to ../../build/roarm_driver/roarm_driver.egg-info/dependency_links.txt
[3.024s] writing entry points to ../../build/roarm_driver/roarm_driver.egg-info/entry_points.txt
[3.024s] writing requirements to ../../build/roarm_driver/roarm_driver.egg-info/requires.txt
[3.024s] writing top-level names to ../../build/roarm_driver/roarm_driver.egg-info/top_level.txt
[3.025s] writing manifest file '../../build/roarm_driver/roarm_driver.egg-info/SOURCES.txt'
[3.112s] reading manifest file '../../build/roarm_driver/roarm_driver.egg-info/SOURCES.txt'
[3.112s] writing manifest file '../../build/roarm_driver/roarm_driver.egg-info/SOURCES.txt'
[3.113s] running build
[3.113s] running build_py
[3.114s] creating /home/v1/Desktop/Beizo/arm_ws/build/roarm_driver/build
[3.114s] creating /home/v1/Desktop/Beizo/arm_ws/build/roarm_driver/build/lib
[3.114s] creating /home/v1/Desktop/Beizo/arm_ws/build/roarm_driver/build/lib/roarm_driver
[3.114s] copying roarm_driver/roarm_driver.py -> /home/v1/Desktop/Beizo/arm_ws/build/roarm_driver/build/lib/roarm_driver
[3.114s] copying roarm_driver/__init__.py -> /home/v1/Desktop/Beizo/arm_ws/build/roarm_driver/build/lib/roarm_driver
[3.116s] running install
[3.125s] running install_lib
[3.168s] creating /home/v1/Desktop/Beizo/arm_ws/install/roarm_driver/lib/python3.12/site-packages/roarm_driver
[3.169s] copying /home/v1/Desktop/Beizo/arm_ws/build/roarm_driver/build/lib/roarm_driver/roarm_driver.py -> /home/v1/Desktop/Beizo/arm_ws/install/roarm_driver/lib/python3.12/site-packages/roarm_driver
[3.169s] copying /home/v1/Desktop/Beizo/arm_ws/build/roarm_driver/build/lib/roarm_driver/__init__.py -> /home/v1/Desktop/Beizo/arm_ws/install/roarm_driver/lib/python3.12/site-packages/roarm_driver
[3.170s] byte-compiling /home/v1/Desktop/Beizo/arm_ws/install/roarm_driver/lib/python3.12/site-packages/roarm_driver/roarm_driver.py to roarm_driver.cpython-312.pyc
[3.171s] byte-compiling /home/v1/Desktop/Beizo/arm_ws/install/roarm_driver/lib/python3.12/site-packages/roarm_driver/__init__.py to __init__.cpython-312.pyc
[3.171s] running install_data
[3.171s] creating /home/v1/Desktop/Beizo/arm_ws/install/roarm_driver/share/ament_index
[3.171s] creating /home/v1/Desktop/Beizo/arm_ws/install/roarm_driver/share/ament_index/resource_index
[3.171s] creating /home/v1/Desktop/Beizo/arm_ws/install/roarm_driver/share/ament_index/resource_index/packages
[3.172s] copying resource/roarm_driver -> /home/v1/Desktop/Beizo/arm_ws/install/roarm_driver/share/ament_index/resource_index/packages
[3.172s] copying package.xml -> /home/v1/Desktop/Beizo/arm_ws/install/roarm_driver/share/roarm_driver
[3.172s] running install_egg_info
[3.218s] Copying ../../build/roarm_driver/roarm_driver.egg-info to /home/v1/Desktop/Beizo/arm_ws/install/roarm_driver/lib/python3.12/site-packages/roarm_driver-0.0.0-py3.12.egg-info
[3.220s] running install_scripts
[3.490s] Installing roarm_driver script to /home/v1/Desktop/Beizo/arm_ws/install/roarm_driver/lib/roarm_driver
[3.490s] writing list of installed files to '/home/v1/Desktop/Beizo/arm_ws/build/roarm_driver/install.log'
[3.558s] Invoked command in '/home/v1/Desktop/Beizo/arm_ws/src/roarm_driver' returned '0': DEBUGINFOD_URLS=https://debuginfod.ubuntu.com PYTHONPATH=/home/v1/Desktop/Beizo/arm_ws/build/roarm_driver/prefix_override:/usr/lib/python3/dist-packages/colcon_core/task/python/colcon_distutils_commands:/home/v1/Desktop/Beizo/arm_ws/install/roarm_driver/lib/python3.12/site-packages:${PYTHONPATH} /usr/bin/python3 -W ignore:setup.py install is deprecated -W ignore:easy_install command is deprecated setup.py egg_info --egg-base ../../build/roarm_driver build --build-base /home/v1/Desktop/Beizo/arm_ws/build/roarm_driver/build install --record /home/v1/Desktop/Beizo/arm_ws/build/roarm_driver/install.log --single-version-externally-managed install_data
