[3.241s] Invoking command in '/home/v1/Desktop/Beizo/arm_ws/src/roarm_driver': DEBUGINFOD_URLS=https://debuginfod.ubuntu.com PYTHONPATH=/home/v1/Desktop/Beizo/arm_ws/build/roarm_driver/prefix_override:/usr/lib/python3/dist-packages/colcon_core/task/python/colcon_distutils_commands:/home/v1/Desktop/Beizo/arm_ws/install/roarm_driver/lib/python3.12/site-packages:${PYTHONPATH} /usr/bin/python3 -W ignore:setup.py install is deprecated -W ignore:easy_install command is deprecated setup.py egg_info --egg-base ../../build/roarm_driver build --build-base /home/v1/Desktop/Beizo/arm_ws/build/roarm_driver/build install --record /home/v1/Desktop/Beizo/arm_ws/build/roarm_driver/install.log --single-version-externally-managed install_data
[4.096s] running egg_info
[4.167s] writing ../../build/roarm_driver/roarm_driver.egg-info/PKG-INFO
[4.167s] writing dependency_links to ../../build/roarm_driver/roarm_driver.egg-info/dependency_links.txt
[4.168s] writing entry points to ../../build/roarm_driver/roarm_driver.egg-info/entry_points.txt
[4.168s] writing requirements to ../../build/roarm_driver/roarm_driver.egg-info/requires.txt
[4.168s] writing top-level names to ../../build/roarm_driver/roarm_driver.egg-info/top_level.txt
[4.312s] reading manifest file '../../build/roarm_driver/roarm_driver.egg-info/SOURCES.txt'
[4.314s] writing manifest file '../../build/roarm_driver/roarm_driver.egg-info/SOURCES.txt'
[4.315s] running build
[4.315s] running build_py
[4.315s] running install
[4.330s] running install_lib
[4.412s] running install_data
[4.412s] running install_egg_info
[4.490s] removing '/home/v1/Desktop/Beizo/arm_ws/install/roarm_driver/lib/python3.12/site-packages/roarm_driver-0.0.0-py3.12.egg-info' (and everything under it)
[4.491s] Copying ../../build/roarm_driver/roarm_driver.egg-info to /home/v1/Desktop/Beizo/arm_ws/install/roarm_driver/lib/python3.12/site-packages/roarm_driver-0.0.0-py3.12.egg-info
[4.494s] running install_scripts
[4.953s] Installing roarm_driver script to /home/v1/Desktop/Beizo/arm_ws/install/roarm_driver/lib/roarm_driver
[4.954s] writing list of installed files to '/home/v1/Desktop/Beizo/arm_ws/build/roarm_driver/install.log'
[5.020s] Invoked command in '/home/v1/Desktop/Beizo/arm_ws/src/roarm_driver' returned '0': DEBUGINFOD_URLS=https://debuginfod.ubuntu.com PYTHONPATH=/home/v1/Desktop/Beizo/arm_ws/build/roarm_driver/prefix_override:/usr/lib/python3/dist-packages/colcon_core/task/python/colcon_distutils_commands:/home/v1/Desktop/Beizo/arm_ws/install/roarm_driver/lib/python3.12/site-packages:${PYTHONPATH} /usr/bin/python3 -W ignore:setup.py install is deprecated -W ignore:easy_install command is deprecated setup.py egg_info --egg-base ../../build/roarm_driver build --build-base /home/v1/Desktop/Beizo/arm_ws/build/roarm_driver/build install --record /home/v1/Desktop/Beizo/arm_ws/build/roarm_driver/install.log --single-version-externally-managed install_data
