[0.276s] DEBUG:colcon:Command line arguments: ['/usr/bin/colcon', 'build']
[0.277s] DEBUG:colcon:Parsed command line arguments: Namespace(log_base=None, log_level=None, verb_name='build', build_base='build', install_base='install', merge_install=False, symlink_install=False, test_result_base=None, continue_on_error=False, executor='parallel', parallel_workers=8, event_handlers=None, ignore_user_meta=False, metas=['./colcon.meta'], base_paths=['.'], packages_ignore=None, packages_ignore_regex=None, paths=None, packages_up_to=None, packages_up_to_regex=None, packages_above=None, packages_above_and_dependencies=None, packages_above_depth=None, packages_select_by_dep=None, packages_skip_by_dep=None, packages_skip_up_to=None, packages_select_build_failed=False, packages_skip_build_finished=False, packages_select_test_failures=False, packages_skip_test_passed=False, packages_select=None, packages_skip=None, packages_select_regex=None, packages_skip_regex=None, packages_start=None, packages_end=None, allow_overriding=[], cmake_args=None, cmake_target=None, cmake_target_skip_unavailable=False, cmake_clean_cache=False, cmake_clean_first=False, cmake_force_configure=False, ament_cmake_args=None, catkin_cmake_args=None, catkin_skip_building_tests=False, mixin_files=None, mixin=None, verb_parser=<colcon_mixin.mixin.mixin_argument.MixinArgumentDecorator object at 0x765e7d0cd4c0>, verb_extension=<colcon_core.verb.build.BuildVerb object at 0x765e7d04b740>, main=<bound method BuildVerb.main of <colcon_core.verb.build.BuildVerb object at 0x765e7d04b740>>, mixin_verb=('build',))
[0.360s] Level 1:colcon.colcon_core.package_discovery:discover_packages(colcon_meta) check parameters
[0.360s] Level 1:colcon.colcon_core.package_discovery:discover_packages(recursive) check parameters
[0.361s] Level 1:colcon.colcon_core.package_discovery:discover_packages(ignore) check parameters
[0.361s] Level 1:colcon.colcon_core.package_discovery:discover_packages(path) check parameters
[0.361s] Level 1:colcon.colcon_core.package_discovery:discover_packages(colcon_meta) discover
[0.361s] Level 1:colcon.colcon_core.package_discovery:discover_packages(recursive) discover
[0.361s] INFO:colcon.colcon_core.package_discovery:Crawling recursively for packages in '/home/v1/Desktop/Beizo/arm_ws'
[0.361s] Level 1:colcon.colcon_core.package_identification:_identify(.) by extensions ['ignore', 'ignore_ament_install']
[0.361s] Level 1:colcon.colcon_core.package_identification:_identify(.) by extension 'ignore'
[0.362s] Level 1:colcon.colcon_core.package_identification:_identify(.) by extension 'ignore_ament_install'
[0.362s] Level 1:colcon.colcon_core.package_identification:_identify(.) by extensions ['colcon_pkg']
[0.362s] Level 1:colcon.colcon_core.package_identification:_identify(.) by extension 'colcon_pkg'
[0.362s] Level 1:colcon.colcon_core.package_identification:_identify(.) by extensions ['colcon_meta']
[0.362s] Level 1:colcon.colcon_core.package_identification:_identify(.) by extension 'colcon_meta'
[0.362s] Level 1:colcon.colcon_core.package_identification:_identify(.) by extensions ['ros']
[0.362s] Level 1:colcon.colcon_core.package_identification:_identify(.) by extension 'ros'
[0.415s] Level 1:colcon.colcon_core.package_identification:_identify(.) by extensions ['cmake', 'python']
[0.415s] Level 1:colcon.colcon_core.package_identification:_identify(.) by extension 'cmake'
[0.415s] Level 1:colcon.colcon_core.package_identification:_identify(.) by extension 'python'
[0.415s] Level 1:colcon.colcon_core.package_identification:_identify(.) by extensions ['python_setup_py']
[0.416s] Level 1:colcon.colcon_core.package_identification:_identify(.) by extension 'python_setup_py'
[0.416s] Level 1:colcon.colcon_core.package_identification:_identify(build) by extensions ['ignore', 'ignore_ament_install']
[0.416s] Level 1:colcon.colcon_core.package_identification:_identify(build) by extension 'ignore'
[0.416s] Level 1:colcon.colcon_core.package_identification:_identify(build) ignored
[0.416s] Level 1:colcon.colcon_core.package_identification:_identify(install) by extensions ['ignore', 'ignore_ament_install']
[0.417s] Level 1:colcon.colcon_core.package_identification:_identify(install) by extension 'ignore'
[0.417s] Level 1:colcon.colcon_core.package_identification:_identify(install) ignored
[0.417s] Level 1:colcon.colcon_core.package_identification:_identify(log) by extensions ['ignore', 'ignore_ament_install']
[0.417s] Level 1:colcon.colcon_core.package_identification:_identify(log) by extension 'ignore'
[0.417s] Level 1:colcon.colcon_core.package_identification:_identify(log) ignored
[0.418s] Level 1:colcon.colcon_core.package_identification:_identify(src) by extensions ['ignore', 'ignore_ament_install']
[0.418s] Level 1:colcon.colcon_core.package_identification:_identify(src) by extension 'ignore'
[0.418s] Level 1:colcon.colcon_core.package_identification:_identify(src) by extension 'ignore_ament_install'
[0.418s] Level 1:colcon.colcon_core.package_identification:_identify(src) by extensions ['colcon_pkg']
[0.418s] Level 1:colcon.colcon_core.package_identification:_identify(src) by extension 'colcon_pkg'
[0.418s] Level 1:colcon.colcon_core.package_identification:_identify(src) by extensions ['colcon_meta']
[0.418s] Level 1:colcon.colcon_core.package_identification:_identify(src) by extension 'colcon_meta'
[0.418s] Level 1:colcon.colcon_core.package_identification:_identify(src) by extensions ['ros']
[0.419s] Level 1:colcon.colcon_core.package_identification:_identify(src) by extension 'ros'
[0.419s] Level 1:colcon.colcon_core.package_identification:_identify(src) by extensions ['cmake', 'python']
[0.419s] Level 1:colcon.colcon_core.package_identification:_identify(src) by extension 'cmake'
[0.419s] Level 1:colcon.colcon_core.package_identification:_identify(src) by extension 'python'
[0.419s] Level 1:colcon.colcon_core.package_identification:_identify(src) by extensions ['python_setup_py']
[0.419s] Level 1:colcon.colcon_core.package_identification:_identify(src) by extension 'python_setup_py'
[0.419s] Level 1:colcon.colcon_core.package_identification:_identify(src/roarm_description) by extensions ['ignore', 'ignore_ament_install']
[0.420s] Level 1:colcon.colcon_core.package_identification:_identify(src/roarm_description) by extension 'ignore'
[0.420s] Level 1:colcon.colcon_core.package_identification:_identify(src/roarm_description) by extension 'ignore_ament_install'
[0.420s] Level 1:colcon.colcon_core.package_identification:_identify(src/roarm_description) by extensions ['colcon_pkg']
[0.420s] Level 1:colcon.colcon_core.package_identification:_identify(src/roarm_description) by extension 'colcon_pkg'
[0.420s] Level 1:colcon.colcon_core.package_identification:_identify(src/roarm_description) by extensions ['colcon_meta']
[0.420s] Level 1:colcon.colcon_core.package_identification:_identify(src/roarm_description) by extension 'colcon_meta'
[0.420s] Level 1:colcon.colcon_core.package_identification:_identify(src/roarm_description) by extensions ['ros']
[0.420s] Level 1:colcon.colcon_core.package_identification:_identify(src/roarm_description) by extension 'ros'
[0.425s] DEBUG:colcon.colcon_core.package_identification:Package 'src/roarm_description' with type 'ros.ament_python' and name 'roarm_description'
[0.425s] Level 1:colcon.colcon_core.package_identification:_identify(src/roarm_driver) by extensions ['ignore', 'ignore_ament_install']
[0.425s] Level 1:colcon.colcon_core.package_identification:_identify(src/roarm_driver) by extension 'ignore'
[0.425s] Level 1:colcon.colcon_core.package_identification:_identify(src/roarm_driver) by extension 'ignore_ament_install'
[0.426s] Level 1:colcon.colcon_core.package_identification:_identify(src/roarm_driver) by extensions ['colcon_pkg']
[0.426s] Level 1:colcon.colcon_core.package_identification:_identify(src/roarm_driver) by extension 'colcon_pkg'
[0.426s] Level 1:colcon.colcon_core.package_identification:_identify(src/roarm_driver) by extensions ['colcon_meta']
[0.426s] Level 1:colcon.colcon_core.package_identification:_identify(src/roarm_driver) by extension 'colcon_meta'
[0.426s] Level 1:colcon.colcon_core.package_identification:_identify(src/roarm_driver) by extensions ['ros']
[0.426s] Level 1:colcon.colcon_core.package_identification:_identify(src/roarm_driver) by extension 'ros'
[0.427s] DEBUG:colcon.colcon_core.package_identification:Package 'src/roarm_driver' with type 'ros.ament_python' and name 'roarm_driver'
[0.427s] Level 1:colcon.colcon_core.package_identification:_identify(src/roarm_moveit_cmd) by extensions ['ignore', 'ignore_ament_install']
[0.427s] Level 1:colcon.colcon_core.package_identification:_identify(src/roarm_moveit_cmd) by extension 'ignore'
[0.428s] Level 1:colcon.colcon_core.package_identification:_identify(src/roarm_moveit_cmd) by extension 'ignore_ament_install'
[0.428s] Level 1:colcon.colcon_core.package_identification:_identify(src/roarm_moveit_cmd) by extensions ['colcon_pkg']
[0.428s] Level 1:colcon.colcon_core.package_identification:_identify(src/roarm_moveit_cmd) by extension 'colcon_pkg'
[0.428s] Level 1:colcon.colcon_core.package_identification:_identify(src/roarm_moveit_cmd) by extensions ['colcon_meta']
[0.428s] Level 1:colcon.colcon_core.package_identification:_identify(src/roarm_moveit_cmd) by extension 'colcon_meta'
[0.428s] Level 1:colcon.colcon_core.package_identification:_identify(src/roarm_moveit_cmd) by extensions ['ros']
[0.428s] Level 1:colcon.colcon_core.package_identification:_identify(src/roarm_moveit_cmd) by extension 'ros'
[0.429s] DEBUG:colcon.colcon_core.package_identification:Package 'src/roarm_moveit_cmd' with type 'ros.ament_python' and name 'roarm_moveit_cmd'
[0.430s] Level 1:colcon.colcon_core.package_identification:_identify(src/roarm_moveit_config) by extensions ['ignore', 'ignore_ament_install']
[0.430s] Level 1:colcon.colcon_core.package_identification:_identify(src/roarm_moveit_config) by extension 'ignore'
[0.430s] Level 1:colcon.colcon_core.package_identification:_identify(src/roarm_moveit_config) by extension 'ignore_ament_install'
[0.430s] Level 1:colcon.colcon_core.package_identification:_identify(src/roarm_moveit_config) by extensions ['colcon_pkg']
[0.430s] Level 1:colcon.colcon_core.package_identification:_identify(src/roarm_moveit_config) by extension 'colcon_pkg'
[0.431s] Level 1:colcon.colcon_core.package_identification:_identify(src/roarm_moveit_config) by extensions ['colcon_meta']
[0.431s] Level 1:colcon.colcon_core.package_identification:_identify(src/roarm_moveit_config) by extension 'colcon_meta'
[0.431s] Level 1:colcon.colcon_core.package_identification:_identify(src/roarm_moveit_config) by extensions ['ros']
[0.431s] Level 1:colcon.colcon_core.package_identification:_identify(src/roarm_moveit_config) by extension 'ros'
[0.432s] DEBUG:colcon.colcon_core.package_identification:Package 'src/roarm_moveit_config' with type 'ros.ament_cmake' and name 'roarm_moveit_config'
[0.432s] Level 1:colcon.colcon_core.package_identification:_identify(src/roarm_msgs) by extensions ['ignore', 'ignore_ament_install']
[0.433s] Level 1:colcon.colcon_core.package_identification:_identify(src/roarm_msgs) by extension 'ignore'
[0.433s] Level 1:colcon.colcon_core.package_identification:_identify(src/roarm_msgs) by extension 'ignore_ament_install'
[0.433s] Level 1:colcon.colcon_core.package_identification:_identify(src/roarm_msgs) by extensions ['colcon_pkg']
[0.433s] Level 1:colcon.colcon_core.package_identification:_identify(src/roarm_msgs) by extension 'colcon_pkg'
[0.433s] Level 1:colcon.colcon_core.package_identification:_identify(src/roarm_msgs) by extensions ['colcon_meta']
[0.433s] Level 1:colcon.colcon_core.package_identification:_identify(src/roarm_msgs) by extension 'colcon_meta'
[0.433s] Level 1:colcon.colcon_core.package_identification:_identify(src/roarm_msgs) by extensions ['ros']
[0.434s] Level 1:colcon.colcon_core.package_identification:_identify(src/roarm_msgs) by extension 'ros'
[0.434s] DEBUG:colcon.colcon_core.package_identification:Package 'src/roarm_msgs' with type 'ros.ament_cmake' and name 'roarm_msgs'
[0.435s] Level 1:colcon.colcon_core.package_discovery:discover_packages(recursive) using defaults
[0.435s] Level 1:colcon.colcon_core.package_discovery:discover_packages(ignore) discover
[0.435s] Level 1:colcon.colcon_core.package_discovery:discover_packages(ignore) using defaults
[0.435s] Level 1:colcon.colcon_core.package_discovery:discover_packages(path) discover
[0.435s] Level 1:colcon.colcon_core.package_discovery:discover_packages(path) using defaults
[0.472s] Level 1:colcon.colcon_core.package_discovery:discover_packages(prefix_path) check parameters
[0.472s] Level 1:colcon.colcon_core.package_discovery:discover_packages(prefix_path) discover
[0.476s] DEBUG:colcon.colcon_installed_package_information.package_discovery:Found 5 installed packages in /home/v1/Desktop/Beizo/arm_ws/install
[0.480s] DEBUG:colcon.colcon_installed_package_information.package_discovery:Found 420 installed packages in /opt/ros/jazzy
[0.484s] Level 1:colcon.colcon_core.package_discovery:discover_packages(prefix_path) using defaults
[0.606s] Level 5:colcon.colcon_core.verb:set package 'roarm_description' build argument 'cmake_args' from command line to 'None'
[0.606s] Level 5:colcon.colcon_core.verb:set package 'roarm_description' build argument 'cmake_target' from command line to 'None'
[0.607s] Level 5:colcon.colcon_core.verb:set package 'roarm_description' build argument 'cmake_target_skip_unavailable' from command line to 'False'
[0.607s] Level 5:colcon.colcon_core.verb:set package 'roarm_description' build argument 'cmake_clean_cache' from command line to 'False'
[0.607s] Level 5:colcon.colcon_core.verb:set package 'roarm_description' build argument 'cmake_clean_first' from command line to 'False'
[0.607s] Level 5:colcon.colcon_core.verb:set package 'roarm_description' build argument 'cmake_force_configure' from command line to 'False'
[0.607s] Level 5:colcon.colcon_core.verb:set package 'roarm_description' build argument 'ament_cmake_args' from command line to 'None'
[0.607s] Level 5:colcon.colcon_core.verb:set package 'roarm_description' build argument 'catkin_cmake_args' from command line to 'None'
[0.607s] Level 5:colcon.colcon_core.verb:set package 'roarm_description' build argument 'catkin_skip_building_tests' from command line to 'False'
[0.607s] DEBUG:colcon.colcon_core.verb:Building package 'roarm_description' with the following arguments: {'ament_cmake_args': None, 'build_base': '/home/v1/Desktop/Beizo/arm_ws/build/roarm_description', 'catkin_cmake_args': None, 'catkin_skip_building_tests': False, 'cmake_args': None, 'cmake_clean_cache': False, 'cmake_clean_first': False, 'cmake_force_configure': False, 'cmake_target': None, 'cmake_target_skip_unavailable': False, 'install_base': '/home/v1/Desktop/Beizo/arm_ws/install/roarm_description', 'merge_install': False, 'path': '/home/v1/Desktop/Beizo/arm_ws/src/roarm_description', 'symlink_install': False, 'test_result_base': None}
[0.608s] Level 5:colcon.colcon_core.verb:set package 'roarm_driver' build argument 'cmake_args' from command line to 'None'
[0.608s] Level 5:colcon.colcon_core.verb:set package 'roarm_driver' build argument 'cmake_target' from command line to 'None'
[0.608s] Level 5:colcon.colcon_core.verb:set package 'roarm_driver' build argument 'cmake_target_skip_unavailable' from command line to 'False'
[0.608s] Level 5:colcon.colcon_core.verb:set package 'roarm_driver' build argument 'cmake_clean_cache' from command line to 'False'
[0.608s] Level 5:colcon.colcon_core.verb:set package 'roarm_driver' build argument 'cmake_clean_first' from command line to 'False'
[0.608s] Level 5:colcon.colcon_core.verb:set package 'roarm_driver' build argument 'cmake_force_configure' from command line to 'False'
[0.608s] Level 5:colcon.colcon_core.verb:set package 'roarm_driver' build argument 'ament_cmake_args' from command line to 'None'
[0.608s] Level 5:colcon.colcon_core.verb:set package 'roarm_driver' build argument 'catkin_cmake_args' from command line to 'None'
[0.609s] Level 5:colcon.colcon_core.verb:set package 'roarm_driver' build argument 'catkin_skip_building_tests' from command line to 'False'
[0.609s] DEBUG:colcon.colcon_core.verb:Building package 'roarm_driver' with the following arguments: {'ament_cmake_args': None, 'build_base': '/home/v1/Desktop/Beizo/arm_ws/build/roarm_driver', 'catkin_cmake_args': None, 'catkin_skip_building_tests': False, 'cmake_args': None, 'cmake_clean_cache': False, 'cmake_clean_first': False, 'cmake_force_configure': False, 'cmake_target': None, 'cmake_target_skip_unavailable': False, 'install_base': '/home/v1/Desktop/Beizo/arm_ws/install/roarm_driver', 'merge_install': False, 'path': '/home/v1/Desktop/Beizo/arm_ws/src/roarm_driver', 'symlink_install': False, 'test_result_base': None}
[0.609s] Level 5:colcon.colcon_core.verb:set package 'roarm_msgs' build argument 'cmake_args' from command line to 'None'
[0.609s] Level 5:colcon.colcon_core.verb:set package 'roarm_msgs' build argument 'cmake_target' from command line to 'None'
[0.610s] Level 5:colcon.colcon_core.verb:set package 'roarm_msgs' build argument 'cmake_target_skip_unavailable' from command line to 'False'
[0.610s] Level 5:colcon.colcon_core.verb:set package 'roarm_msgs' build argument 'cmake_clean_cache' from command line to 'False'
[0.610s] Level 5:colcon.colcon_core.verb:set package 'roarm_msgs' build argument 'cmake_clean_first' from command line to 'False'
[0.610s] Level 5:colcon.colcon_core.verb:set package 'roarm_msgs' build argument 'cmake_force_configure' from command line to 'False'
[0.610s] Level 5:colcon.colcon_core.verb:set package 'roarm_msgs' build argument 'ament_cmake_args' from command line to 'None'
[0.610s] Level 5:colcon.colcon_core.verb:set package 'roarm_msgs' build argument 'catkin_cmake_args' from command line to 'None'
[0.610s] Level 5:colcon.colcon_core.verb:set package 'roarm_msgs' build argument 'catkin_skip_building_tests' from command line to 'False'
[0.610s] DEBUG:colcon.colcon_core.verb:Building package 'roarm_msgs' with the following arguments: {'ament_cmake_args': None, 'build_base': '/home/v1/Desktop/Beizo/arm_ws/build/roarm_msgs', 'catkin_cmake_args': None, 'catkin_skip_building_tests': False, 'cmake_args': None, 'cmake_clean_cache': False, 'cmake_clean_first': False, 'cmake_force_configure': False, 'cmake_target': None, 'cmake_target_skip_unavailable': False, 'install_base': '/home/v1/Desktop/Beizo/arm_ws/install/roarm_msgs', 'merge_install': False, 'path': '/home/v1/Desktop/Beizo/arm_ws/src/roarm_msgs', 'symlink_install': False, 'test_result_base': None}
[0.611s] Level 5:colcon.colcon_core.verb:set package 'roarm_moveit_cmd' build argument 'cmake_args' from command line to 'None'
[0.611s] Level 5:colcon.colcon_core.verb:set package 'roarm_moveit_cmd' build argument 'cmake_target' from command line to 'None'
[0.611s] Level 5:colcon.colcon_core.verb:set package 'roarm_moveit_cmd' build argument 'cmake_target_skip_unavailable' from command line to 'False'
[0.611s] Level 5:colcon.colcon_core.verb:set package 'roarm_moveit_cmd' build argument 'cmake_clean_cache' from command line to 'False'
[0.611s] Level 5:colcon.colcon_core.verb:set package 'roarm_moveit_cmd' build argument 'cmake_clean_first' from command line to 'False'
[0.611s] Level 5:colcon.colcon_core.verb:set package 'roarm_moveit_cmd' build argument 'cmake_force_configure' from command line to 'False'
[0.611s] Level 5:colcon.colcon_core.verb:set package 'roarm_moveit_cmd' build argument 'ament_cmake_args' from command line to 'None'
[0.611s] Level 5:colcon.colcon_core.verb:set package 'roarm_moveit_cmd' build argument 'catkin_cmake_args' from command line to 'None'
[0.611s] Level 5:colcon.colcon_core.verb:set package 'roarm_moveit_cmd' build argument 'catkin_skip_building_tests' from command line to 'False'
[0.612s] DEBUG:colcon.colcon_core.verb:Building package 'roarm_moveit_cmd' with the following arguments: {'ament_cmake_args': None, 'build_base': '/home/v1/Desktop/Beizo/arm_ws/build/roarm_moveit_cmd', 'catkin_cmake_args': None, 'catkin_skip_building_tests': False, 'cmake_args': None, 'cmake_clean_cache': False, 'cmake_clean_first': False, 'cmake_force_configure': False, 'cmake_target': None, 'cmake_target_skip_unavailable': False, 'install_base': '/home/v1/Desktop/Beizo/arm_ws/install/roarm_moveit_cmd', 'merge_install': False, 'path': '/home/v1/Desktop/Beizo/arm_ws/src/roarm_moveit_cmd', 'symlink_install': False, 'test_result_base': None}
[0.612s] Level 5:colcon.colcon_core.verb:set package 'roarm_moveit_config' build argument 'cmake_args' from command line to 'None'
[0.612s] Level 5:colcon.colcon_core.verb:set package 'roarm_moveit_config' build argument 'cmake_target' from command line to 'None'
[0.612s] Level 5:colcon.colcon_core.verb:set package 'roarm_moveit_config' build argument 'cmake_target_skip_unavailable' from command line to 'False'
[0.613s] Level 5:colcon.colcon_core.verb:set package 'roarm_moveit_config' build argument 'cmake_clean_cache' from command line to 'False'
[0.613s] Level 5:colcon.colcon_core.verb:set package 'roarm_moveit_config' build argument 'cmake_clean_first' from command line to 'False'
[0.613s] Level 5:colcon.colcon_core.verb:set package 'roarm_moveit_config' build argument 'cmake_force_configure' from command line to 'False'
[0.613s] Level 5:colcon.colcon_core.verb:set package 'roarm_moveit_config' build argument 'ament_cmake_args' from command line to 'None'
[0.613s] Level 5:colcon.colcon_core.verb:set package 'roarm_moveit_config' build argument 'catkin_cmake_args' from command line to 'None'
[0.613s] Level 5:colcon.colcon_core.verb:set package 'roarm_moveit_config' build argument 'catkin_skip_building_tests' from command line to 'False'
[0.613s] DEBUG:colcon.colcon_core.verb:Building package 'roarm_moveit_config' with the following arguments: {'ament_cmake_args': None, 'build_base': '/home/v1/Desktop/Beizo/arm_ws/build/roarm_moveit_config', 'catkin_cmake_args': None, 'catkin_skip_building_tests': False, 'cmake_args': None, 'cmake_clean_cache': False, 'cmake_clean_first': False, 'cmake_force_configure': False, 'cmake_target': None, 'cmake_target_skip_unavailable': False, 'install_base': '/home/v1/Desktop/Beizo/arm_ws/install/roarm_moveit_config', 'merge_install': False, 'path': '/home/v1/Desktop/Beizo/arm_ws/src/roarm_moveit_config', 'symlink_install': False, 'test_result_base': None}
[0.613s] INFO:colcon.colcon_core.executor:Executing jobs using 'parallel' executor
[0.615s] DEBUG:colcon.colcon_parallel_executor.executor.parallel:run_until_complete
[0.615s] INFO:colcon.colcon_ros.task.ament_python.build:Building ROS package in '/home/v1/Desktop/Beizo/arm_ws/src/roarm_description' with build type 'ament_python'
[0.616s] Level 1:colcon.colcon_core.shell:create_environment_hook('roarm_description', 'ament_prefix_path')
[0.620s] INFO:colcon.colcon_core.plugin_system:Skipping extension 'colcon_core.shell.bat': Not used on non-Windows systems
[0.621s] INFO:colcon.colcon_core.shell:Creating environment hook '/home/v1/Desktop/Beizo/arm_ws/install/roarm_description/share/roarm_description/hook/ament_prefix_path.ps1'
[0.622s] INFO:colcon.colcon_core.shell:Creating environment descriptor '/home/v1/Desktop/Beizo/arm_ws/install/roarm_description/share/roarm_description/hook/ament_prefix_path.dsv'
[0.623s] INFO:colcon.colcon_core.shell:Creating environment hook '/home/v1/Desktop/Beizo/arm_ws/install/roarm_description/share/roarm_description/hook/ament_prefix_path.sh'
[0.624s] INFO:colcon.colcon_core.shell:Skip shell extension 'powershell' for command environment: Not usable outside of PowerShell
[0.624s] DEBUG:colcon.colcon_core.shell:Skip shell extension 'dsv' for command environment
[0.632s] INFO:colcon.colcon_ros.task.ament_cmake.build:Building ROS package in '/home/v1/Desktop/Beizo/arm_ws/src/roarm_msgs' with build type 'ament_cmake'
[0.632s] INFO:colcon.colcon_cmake.task.cmake.build:Building CMake package in '/home/v1/Desktop/Beizo/arm_ws/src/roarm_msgs'
[0.633s] INFO:colcon.colcon_core.shell:Skip shell extension 'powershell' for command environment: Not usable outside of PowerShell
[0.633s] DEBUG:colcon.colcon_core.shell:Skip shell extension 'dsv' for command environment
[0.641s] INFO:colcon.colcon_ros.task.ament_python.build:Building ROS package in '/home/v1/Desktop/Beizo/arm_ws/src/roarm_driver' with build type 'ament_python'
[0.641s] Level 1:colcon.colcon_core.shell:create_environment_hook('roarm_driver', 'ament_prefix_path')
[0.642s] INFO:colcon.colcon_core.shell:Creating environment hook '/home/v1/Desktop/Beizo/arm_ws/install/roarm_driver/share/roarm_driver/hook/ament_prefix_path.ps1'
[0.643s] INFO:colcon.colcon_core.shell:Creating environment descriptor '/home/v1/Desktop/Beizo/arm_ws/install/roarm_driver/share/roarm_driver/hook/ament_prefix_path.dsv'
[0.644s] INFO:colcon.colcon_core.shell:Creating environment hook '/home/v1/Desktop/Beizo/arm_ws/install/roarm_driver/share/roarm_driver/hook/ament_prefix_path.sh'
[0.645s] INFO:colcon.colcon_core.shell:Skip shell extension 'powershell' for command environment: Not usable outside of PowerShell
[0.645s] DEBUG:colcon.colcon_core.shell:Skip shell extension 'dsv' for command environment
[1.257s] INFO:colcon.colcon_core.task.python.build:Building Python package in '/home/v1/Desktop/Beizo/arm_ws/src/roarm_description'
[1.257s] INFO:colcon.colcon_core.shell:Skip shell extension 'powershell' for command environment: Not usable outside of PowerShell
[1.257s] DEBUG:colcon.colcon_core.shell:Skip shell extension 'dsv' for command environment
[1.274s] DEBUG:colcon.colcon_core.event_handler.log_command:Invoking command in '/home/v1/Desktop/Beizo/arm_ws/build/roarm_msgs': CMAKE_PREFIX_PATH=${CMAKE_PREFIX_PATH}:/home/v1/Desktop/Beizo/arm_ws/install/roarm_moveit_cmd:/home/v1/Desktop/Beizo/arm_ws/install/roarm_driver:/home/v1/Desktop/Beizo/arm_ws/install/roarm_description:/opt/ros/jazzy DEBUGINFOD_URLS=https://debuginfod.ubuntu.com /usr/bin/cmake --build /home/v1/Desktop/Beizo/arm_ws/build/roarm_msgs -- -j8 -l8
[1.911s] INFO:colcon.colcon_core.task.python.build:Building Python package in '/home/v1/Desktop/Beizo/arm_ws/src/roarm_driver'
[1.912s] INFO:colcon.colcon_core.shell:Skip shell extension 'powershell' for command environment: Not usable outside of PowerShell
[1.912s] DEBUG:colcon.colcon_core.shell:Skip shell extension 'dsv' for command environment
[2.459s] DEBUG:colcon.colcon_core.event_handler.log_command:Invoked command in '/home/v1/Desktop/Beizo/arm_ws/build/roarm_msgs' returned '0': CMAKE_PREFIX_PATH=${CMAKE_PREFIX_PATH}:/home/v1/Desktop/Beizo/arm_ws/install/roarm_moveit_cmd:/home/v1/Desktop/Beizo/arm_ws/install/roarm_driver:/home/v1/Desktop/Beizo/arm_ws/install/roarm_description:/opt/ros/jazzy DEBUGINFOD_URLS=https://debuginfod.ubuntu.com /usr/bin/cmake --build /home/v1/Desktop/Beizo/arm_ws/build/roarm_msgs -- -j8 -l8
[2.480s] DEBUG:colcon.colcon_core.event_handler.log_command:Invoking command in '/home/v1/Desktop/Beizo/arm_ws/build/roarm_msgs': CMAKE_PREFIX_PATH=${CMAKE_PREFIX_PATH}:/home/v1/Desktop/Beizo/arm_ws/install/roarm_moveit_cmd:/home/v1/Desktop/Beizo/arm_ws/install/roarm_driver:/home/v1/Desktop/Beizo/arm_ws/install/roarm_description:/opt/ros/jazzy DEBUGINFOD_URLS=https://debuginfod.ubuntu.com /usr/bin/cmake --install /home/v1/Desktop/Beizo/arm_ws/build/roarm_msgs
[2.638s] Level 1:colcon.colcon_core.environment:create_environment_scripts_only(roarm_msgs)
[2.650s] Level 1:colcon.colcon_core.environment:checking '/home/v1/Desktop/Beizo/arm_ws/install/roarm_msgs' for CMake module files
[2.652s] DEBUG:colcon.colcon_core.event_handler.log_command:Invoked command in '/home/v1/Desktop/Beizo/arm_ws/build/roarm_msgs' returned '0': CMAKE_PREFIX_PATH=${CMAKE_PREFIX_PATH}:/home/v1/Desktop/Beizo/arm_ws/install/roarm_moveit_cmd:/home/v1/Desktop/Beizo/arm_ws/install/roarm_driver:/home/v1/Desktop/Beizo/arm_ws/install/roarm_description:/opt/ros/jazzy DEBUGINFOD_URLS=https://debuginfod.ubuntu.com /usr/bin/cmake --install /home/v1/Desktop/Beizo/arm_ws/build/roarm_msgs
[2.653s] Level 1:colcon.colcon_core.environment:checking '/home/v1/Desktop/Beizo/arm_ws/install/roarm_msgs' for CMake config files
[2.653s] Level 1:colcon.colcon_core.shell:create_environment_hook('roarm_msgs', 'cmake_prefix_path')
[2.654s] INFO:colcon.colcon_core.shell:Creating environment hook '/home/v1/Desktop/Beizo/arm_ws/install/roarm_msgs/share/roarm_msgs/hook/cmake_prefix_path.ps1'
[2.654s] INFO:colcon.colcon_core.shell:Creating environment descriptor '/home/v1/Desktop/Beizo/arm_ws/install/roarm_msgs/share/roarm_msgs/hook/cmake_prefix_path.dsv'
[2.655s] INFO:colcon.colcon_core.shell:Creating environment hook '/home/v1/Desktop/Beizo/arm_ws/install/roarm_msgs/share/roarm_msgs/hook/cmake_prefix_path.sh'
[2.656s] Level 1:colcon.colcon_core.environment:checking '/home/v1/Desktop/Beizo/arm_ws/install/roarm_msgs/lib'
[2.657s] Level 1:colcon.colcon_core.shell:create_environment_hook('roarm_msgs', 'ld_library_path_lib')
[2.657s] INFO:colcon.colcon_core.shell:Creating environment hook '/home/v1/Desktop/Beizo/arm_ws/install/roarm_msgs/share/roarm_msgs/hook/ld_library_path_lib.ps1'
[2.658s] INFO:colcon.colcon_core.shell:Creating environment descriptor '/home/v1/Desktop/Beizo/arm_ws/install/roarm_msgs/share/roarm_msgs/hook/ld_library_path_lib.dsv'
[2.658s] INFO:colcon.colcon_core.shell:Creating environment hook '/home/v1/Desktop/Beizo/arm_ws/install/roarm_msgs/share/roarm_msgs/hook/ld_library_path_lib.sh'
[2.659s] Level 1:colcon.colcon_core.environment:checking '/home/v1/Desktop/Beizo/arm_ws/install/roarm_msgs/bin'
[2.660s] Level 1:colcon.colcon_core.environment:checking '/home/v1/Desktop/Beizo/arm_ws/install/roarm_msgs/lib/pkgconfig/roarm_msgs.pc'
[2.660s] Level 1:colcon.colcon_core.environment:checking '/home/v1/Desktop/Beizo/arm_ws/install/roarm_msgs/lib/python3.12/site-packages'
[2.661s] Level 1:colcon.colcon_core.shell:create_environment_hook('roarm_msgs', 'pythonpath')
[2.661s] INFO:colcon.colcon_core.shell:Creating environment hook '/home/v1/Desktop/Beizo/arm_ws/install/roarm_msgs/share/roarm_msgs/hook/pythonpath.ps1'
[2.662s] INFO:colcon.colcon_core.shell:Creating environment descriptor '/home/v1/Desktop/Beizo/arm_ws/install/roarm_msgs/share/roarm_msgs/hook/pythonpath.dsv'
[2.662s] INFO:colcon.colcon_core.shell:Creating environment hook '/home/v1/Desktop/Beizo/arm_ws/install/roarm_msgs/share/roarm_msgs/hook/pythonpath.sh'
[2.664s] Level 1:colcon.colcon_core.environment:checking '/home/v1/Desktop/Beizo/arm_ws/install/roarm_msgs/bin'
[2.664s] INFO:colcon.colcon_core.shell:Creating package script '/home/v1/Desktop/Beizo/arm_ws/install/roarm_msgs/share/roarm_msgs/package.ps1'
[2.666s] INFO:colcon.colcon_core.shell:Creating package descriptor '/home/v1/Desktop/Beizo/arm_ws/install/roarm_msgs/share/roarm_msgs/package.dsv'
[2.667s] INFO:colcon.colcon_core.shell:Creating package script '/home/v1/Desktop/Beizo/arm_ws/install/roarm_msgs/share/roarm_msgs/package.sh'
[2.668s] INFO:colcon.colcon_core.shell:Creating package script '/home/v1/Desktop/Beizo/arm_ws/install/roarm_msgs/share/roarm_msgs/package.bash'
[2.670s] INFO:colcon.colcon_core.shell:Creating package script '/home/v1/Desktop/Beizo/arm_ws/install/roarm_msgs/share/roarm_msgs/package.zsh'
[2.671s] Level 1:colcon.colcon_core.environment:create_file_with_runtime_dependencies(/home/v1/Desktop/Beizo/arm_ws/install/roarm_msgs/share/colcon-core/packages/roarm_msgs)
[2.672s] Level 1:colcon.colcon_core.environment:create_environment_scripts_only(roarm_msgs)
[2.673s] Level 1:colcon.colcon_core.environment:checking '/home/v1/Desktop/Beizo/arm_ws/install/roarm_msgs' for CMake module files
[2.674s] Level 1:colcon.colcon_core.environment:checking '/home/v1/Desktop/Beizo/arm_ws/install/roarm_msgs' for CMake config files
[2.674s] Level 1:colcon.colcon_core.shell:create_environment_hook('roarm_msgs', 'cmake_prefix_path')
[2.675s] INFO:colcon.colcon_core.shell:Creating environment hook '/home/v1/Desktop/Beizo/arm_ws/install/roarm_msgs/share/roarm_msgs/hook/cmake_prefix_path.ps1'
[2.676s] INFO:colcon.colcon_core.shell:Creating environment descriptor '/home/v1/Desktop/Beizo/arm_ws/install/roarm_msgs/share/roarm_msgs/hook/cmake_prefix_path.dsv'
[2.676s] INFO:colcon.colcon_core.shell:Creating environment hook '/home/v1/Desktop/Beizo/arm_ws/install/roarm_msgs/share/roarm_msgs/hook/cmake_prefix_path.sh'
[2.678s] Level 1:colcon.colcon_core.environment:checking '/home/v1/Desktop/Beizo/arm_ws/install/roarm_msgs/lib'
[2.678s] Level 1:colcon.colcon_core.shell:create_environment_hook('roarm_msgs', 'ld_library_path_lib')
[2.679s] INFO:colcon.colcon_core.shell:Creating environment hook '/home/v1/Desktop/Beizo/arm_ws/install/roarm_msgs/share/roarm_msgs/hook/ld_library_path_lib.ps1'
[2.680s] INFO:colcon.colcon_core.shell:Creating environment descriptor '/home/v1/Desktop/Beizo/arm_ws/install/roarm_msgs/share/roarm_msgs/hook/ld_library_path_lib.dsv'
[2.681s] INFO:colcon.colcon_core.shell:Creating environment hook '/home/v1/Desktop/Beizo/arm_ws/install/roarm_msgs/share/roarm_msgs/hook/ld_library_path_lib.sh'
[2.682s] Level 1:colcon.colcon_core.environment:checking '/home/v1/Desktop/Beizo/arm_ws/install/roarm_msgs/bin'
[2.682s] Level 1:colcon.colcon_core.environment:checking '/home/v1/Desktop/Beizo/arm_ws/install/roarm_msgs/lib/pkgconfig/roarm_msgs.pc'
[2.683s] Level 1:colcon.colcon_core.environment:checking '/home/v1/Desktop/Beizo/arm_ws/install/roarm_msgs/lib/python3.12/site-packages'
[2.683s] Level 1:colcon.colcon_core.shell:create_environment_hook('roarm_msgs', 'pythonpath')
[2.684s] INFO:colcon.colcon_core.shell:Creating environment hook '/home/v1/Desktop/Beizo/arm_ws/install/roarm_msgs/share/roarm_msgs/hook/pythonpath.ps1'
[2.685s] INFO:colcon.colcon_core.shell:Creating environment descriptor '/home/v1/Desktop/Beizo/arm_ws/install/roarm_msgs/share/roarm_msgs/hook/pythonpath.dsv'
[2.685s] INFO:colcon.colcon_core.shell:Creating environment hook '/home/v1/Desktop/Beizo/arm_ws/install/roarm_msgs/share/roarm_msgs/hook/pythonpath.sh'
[2.687s] Level 1:colcon.colcon_core.environment:checking '/home/v1/Desktop/Beizo/arm_ws/install/roarm_msgs/bin'
[2.688s] INFO:colcon.colcon_core.shell:Creating package script '/home/v1/Desktop/Beizo/arm_ws/install/roarm_msgs/share/roarm_msgs/package.ps1'
[2.689s] INFO:colcon.colcon_core.shell:Creating package descriptor '/home/v1/Desktop/Beizo/arm_ws/install/roarm_msgs/share/roarm_msgs/package.dsv'
[2.690s] INFO:colcon.colcon_core.shell:Creating package script '/home/v1/Desktop/Beizo/arm_ws/install/roarm_msgs/share/roarm_msgs/package.sh'
[2.691s] INFO:colcon.colcon_core.shell:Creating package script '/home/v1/Desktop/Beizo/arm_ws/install/roarm_msgs/share/roarm_msgs/package.bash'
[2.692s] INFO:colcon.colcon_core.shell:Creating package script '/home/v1/Desktop/Beizo/arm_ws/install/roarm_msgs/share/roarm_msgs/package.zsh'
[2.693s] Level 1:colcon.colcon_core.environment:create_file_with_runtime_dependencies(/home/v1/Desktop/Beizo/arm_ws/install/roarm_msgs/share/colcon-core/packages/roarm_msgs)
[2.694s] INFO:colcon.colcon_ros.task.ament_python.build:Building ROS package in '/home/v1/Desktop/Beizo/arm_ws/src/roarm_moveit_cmd' with build type 'ament_python'
[2.694s] Level 1:colcon.colcon_core.shell:create_environment_hook('roarm_moveit_cmd', 'ament_prefix_path')
[2.694s] INFO:colcon.colcon_core.shell:Creating environment hook '/home/v1/Desktop/Beizo/arm_ws/install/roarm_moveit_cmd/share/roarm_moveit_cmd/hook/ament_prefix_path.ps1'
[2.696s] INFO:colcon.colcon_core.shell:Creating environment descriptor '/home/v1/Desktop/Beizo/arm_ws/install/roarm_moveit_cmd/share/roarm_moveit_cmd/hook/ament_prefix_path.dsv'
[2.697s] INFO:colcon.colcon_core.shell:Creating environment hook '/home/v1/Desktop/Beizo/arm_ws/install/roarm_moveit_cmd/share/roarm_moveit_cmd/hook/ament_prefix_path.sh'
[2.699s] INFO:colcon.colcon_core.shell:Skip shell extension 'powershell' for command environment: Not usable outside of PowerShell
[2.699s] DEBUG:colcon.colcon_core.shell:Skip shell extension 'dsv' for command environment
[3.338s] INFO:colcon.colcon_core.task.python.build:Building Python package in '/home/v1/Desktop/Beizo/arm_ws/src/roarm_moveit_cmd'
[3.338s] INFO:colcon.colcon_core.shell:Skip shell extension 'powershell' for command environment: Not usable outside of PowerShell
[3.338s] DEBUG:colcon.colcon_core.shell:Skip shell extension 'dsv' for command environment
[3.805s] DEBUG:colcon.colcon_core.event_handler.log_command:Invoking command in '/home/v1/Desktop/Beizo/arm_ws/src/roarm_driver': DEBUGINFOD_URLS=https://debuginfod.ubuntu.com PYTHONPATH=/home/v1/Desktop/Beizo/arm_ws/build/roarm_driver/prefix_override:/usr/lib/python3/dist-packages/colcon_core/task/python/colcon_distutils_commands:/home/v1/Desktop/Beizo/arm_ws/install/roarm_driver/lib/python3.12/site-packages:${PYTHONPATH} /usr/bin/python3 -W ignore:setup.py install is deprecated -W ignore:easy_install command is deprecated setup.py egg_info --egg-base ../../build/roarm_driver build --build-base /home/v1/Desktop/Beizo/arm_ws/build/roarm_driver/build install --record /home/v1/Desktop/Beizo/arm_ws/build/roarm_driver/install.log --single-version-externally-managed install_data
[3.811s] DEBUG:colcon.colcon_core.event_handler.log_command:Invoking command in '/home/v1/Desktop/Beizo/arm_ws/src/roarm_description': DEBUGINFOD_URLS=https://debuginfod.ubuntu.com PYTHONPATH=/home/v1/Desktop/Beizo/arm_ws/build/roarm_description/prefix_override:/usr/lib/python3/dist-packages/colcon_core/task/python/colcon_distutils_commands:/home/v1/Desktop/Beizo/arm_ws/install/roarm_description/lib/python3.12/site-packages:${PYTHONPATH} /usr/bin/python3 -W ignore:setup.py install is deprecated -W ignore:easy_install command is deprecated setup.py egg_info --egg-base ../../build/roarm_description build --build-base /home/v1/Desktop/Beizo/arm_ws/build/roarm_description/build install --record /home/v1/Desktop/Beizo/arm_ws/build/roarm_description/install.log --single-version-externally-managed install_data
[5.168s] DEBUG:colcon.colcon_core.event_handler.log_command:Invoking command in '/home/v1/Desktop/Beizo/arm_ws/src/roarm_moveit_cmd': DEBUGINFOD_URLS=https://debuginfod.ubuntu.com PYTHONPATH=/home/v1/Desktop/Beizo/arm_ws/build/roarm_moveit_cmd/prefix_override:/usr/lib/python3/dist-packages/colcon_core/task/python/colcon_distutils_commands:/home/v1/Desktop/Beizo/arm_ws/install/roarm_moveit_cmd/lib/python3.12/site-packages:${PYTHONPATH} /usr/bin/python3 -W ignore:setup.py install is deprecated -W ignore:easy_install command is deprecated setup.py egg_info --egg-base ../../build/roarm_moveit_cmd build --build-base /home/v1/Desktop/Beizo/arm_ws/build/roarm_moveit_cmd/build install --record /home/v1/Desktop/Beizo/arm_ws/build/roarm_moveit_cmd/install.log --single-version-externally-managed install_data
[5.581s] Level 1:colcon.colcon_core.environment:checking '/home/v1/Desktop/Beizo/arm_ws/install/roarm_driver' for CMake module files
[5.582s] DEBUG:colcon.colcon_core.event_handler.log_command:Invoked command in '/home/v1/Desktop/Beizo/arm_ws/src/roarm_driver' returned '0': DEBUGINFOD_URLS=https://debuginfod.ubuntu.com PYTHONPATH=/home/v1/Desktop/Beizo/arm_ws/build/roarm_driver/prefix_override:/usr/lib/python3/dist-packages/colcon_core/task/python/colcon_distutils_commands:/home/v1/Desktop/Beizo/arm_ws/install/roarm_driver/lib/python3.12/site-packages:${PYTHONPATH} /usr/bin/python3 -W ignore:setup.py install is deprecated -W ignore:easy_install command is deprecated setup.py egg_info --egg-base ../../build/roarm_driver build --build-base /home/v1/Desktop/Beizo/arm_ws/build/roarm_driver/build install --record /home/v1/Desktop/Beizo/arm_ws/build/roarm_driver/install.log --single-version-externally-managed install_data
[5.583s] Level 1:colcon.colcon_core.environment:checking '/home/v1/Desktop/Beizo/arm_ws/install/roarm_driver' for CMake config files
[5.584s] Level 1:colcon.colcon_core.environment:checking '/home/v1/Desktop/Beizo/arm_ws/install/roarm_driver/lib'
[5.584s] Level 1:colcon.colcon_core.environment:checking '/home/v1/Desktop/Beizo/arm_ws/install/roarm_driver/bin'
[5.584s] Level 1:colcon.colcon_core.environment:checking '/home/v1/Desktop/Beizo/arm_ws/install/roarm_driver/lib/pkgconfig/roarm_driver.pc'
[5.585s] Level 1:colcon.colcon_core.environment:checking '/home/v1/Desktop/Beizo/arm_ws/install/roarm_driver/lib/python3.12/site-packages'
[5.585s] Level 1:colcon.colcon_core.shell:create_environment_hook('roarm_driver', 'pythonpath')
[5.586s] INFO:colcon.colcon_core.shell:Creating environment hook '/home/v1/Desktop/Beizo/arm_ws/install/roarm_driver/share/roarm_driver/hook/pythonpath.ps1'
[5.587s] INFO:colcon.colcon_core.shell:Creating environment descriptor '/home/v1/Desktop/Beizo/arm_ws/install/roarm_driver/share/roarm_driver/hook/pythonpath.dsv'
[5.587s] INFO:colcon.colcon_core.shell:Creating environment hook '/home/v1/Desktop/Beizo/arm_ws/install/roarm_driver/share/roarm_driver/hook/pythonpath.sh'
[5.589s] Level 1:colcon.colcon_core.environment:checking '/home/v1/Desktop/Beizo/arm_ws/install/roarm_driver/bin'
[5.589s] Level 1:colcon.colcon_core.environment:create_environment_scripts_only(roarm_driver)
[5.590s] INFO:colcon.colcon_core.shell:Creating package script '/home/v1/Desktop/Beizo/arm_ws/install/roarm_driver/share/roarm_driver/package.ps1'
[5.591s] INFO:colcon.colcon_core.shell:Creating package descriptor '/home/v1/Desktop/Beizo/arm_ws/install/roarm_driver/share/roarm_driver/package.dsv'
[5.592s] INFO:colcon.colcon_core.shell:Creating package script '/home/v1/Desktop/Beizo/arm_ws/install/roarm_driver/share/roarm_driver/package.sh'
[5.593s] INFO:colcon.colcon_core.shell:Creating package script '/home/v1/Desktop/Beizo/arm_ws/install/roarm_driver/share/roarm_driver/package.bash'
[5.594s] INFO:colcon.colcon_core.shell:Creating package script '/home/v1/Desktop/Beizo/arm_ws/install/roarm_driver/share/roarm_driver/package.zsh'
[5.595s] Level 1:colcon.colcon_core.environment:create_file_with_runtime_dependencies(/home/v1/Desktop/Beizo/arm_ws/install/roarm_driver/share/colcon-core/packages/roarm_driver)
[5.605s] Level 1:colcon.colcon_core.environment:checking '/home/v1/Desktop/Beizo/arm_ws/install/roarm_description' for CMake module files
[5.606s] DEBUG:colcon.colcon_core.event_handler.log_command:Invoked command in '/home/v1/Desktop/Beizo/arm_ws/src/roarm_description' returned '0': DEBUGINFOD_URLS=https://debuginfod.ubuntu.com PYTHONPATH=/home/v1/Desktop/Beizo/arm_ws/build/roarm_description/prefix_override:/usr/lib/python3/dist-packages/colcon_core/task/python/colcon_distutils_commands:/home/v1/Desktop/Beizo/arm_ws/install/roarm_description/lib/python3.12/site-packages:${PYTHONPATH} /usr/bin/python3 -W ignore:setup.py install is deprecated -W ignore:easy_install command is deprecated setup.py egg_info --egg-base ../../build/roarm_description build --build-base /home/v1/Desktop/Beizo/arm_ws/build/roarm_description/build install --record /home/v1/Desktop/Beizo/arm_ws/build/roarm_description/install.log --single-version-externally-managed install_data
[5.607s] Level 1:colcon.colcon_core.environment:checking '/home/v1/Desktop/Beizo/arm_ws/install/roarm_description' for CMake config files
[5.608s] Level 1:colcon.colcon_core.environment:checking '/home/v1/Desktop/Beizo/arm_ws/install/roarm_description/lib'
[5.608s] Level 1:colcon.colcon_core.environment:checking '/home/v1/Desktop/Beizo/arm_ws/install/roarm_description/bin'
[5.608s] Level 1:colcon.colcon_core.environment:checking '/home/v1/Desktop/Beizo/arm_ws/install/roarm_description/lib/pkgconfig/roarm_description.pc'
[5.608s] Level 1:colcon.colcon_core.environment:checking '/home/v1/Desktop/Beizo/arm_ws/install/roarm_description/lib/python3.12/site-packages'
[5.609s] Level 1:colcon.colcon_core.shell:create_environment_hook('roarm_description', 'pythonpath')
[5.609s] INFO:colcon.colcon_core.shell:Creating environment hook '/home/v1/Desktop/Beizo/arm_ws/install/roarm_description/share/roarm_description/hook/pythonpath.ps1'
[5.610s] INFO:colcon.colcon_core.shell:Creating environment descriptor '/home/v1/Desktop/Beizo/arm_ws/install/roarm_description/share/roarm_description/hook/pythonpath.dsv'
[5.611s] INFO:colcon.colcon_core.shell:Creating environment hook '/home/v1/Desktop/Beizo/arm_ws/install/roarm_description/share/roarm_description/hook/pythonpath.sh'
[5.612s] Level 1:colcon.colcon_core.environment:checking '/home/v1/Desktop/Beizo/arm_ws/install/roarm_description/bin'
[5.612s] Level 1:colcon.colcon_core.environment:create_environment_scripts_only(roarm_description)
[5.613s] INFO:colcon.colcon_core.shell:Creating package script '/home/v1/Desktop/Beizo/arm_ws/install/roarm_description/share/roarm_description/package.ps1'
[5.614s] INFO:colcon.colcon_core.shell:Creating package descriptor '/home/v1/Desktop/Beizo/arm_ws/install/roarm_description/share/roarm_description/package.dsv'
[5.615s] INFO:colcon.colcon_core.shell:Creating package script '/home/v1/Desktop/Beizo/arm_ws/install/roarm_description/share/roarm_description/package.sh'
[5.616s] INFO:colcon.colcon_core.shell:Creating package script '/home/v1/Desktop/Beizo/arm_ws/install/roarm_description/share/roarm_description/package.bash'
[5.617s] INFO:colcon.colcon_core.shell:Creating package script '/home/v1/Desktop/Beizo/arm_ws/install/roarm_description/share/roarm_description/package.zsh'
[5.617s] Level 1:colcon.colcon_core.environment:create_file_with_runtime_dependencies(/home/v1/Desktop/Beizo/arm_ws/install/roarm_description/share/colcon-core/packages/roarm_description)
[5.618s] INFO:colcon.colcon_ros.task.ament_cmake.build:Building ROS package in '/home/v1/Desktop/Beizo/arm_ws/src/roarm_moveit_config' with build type 'ament_cmake'
[5.618s] INFO:colcon.colcon_cmake.task.cmake.build:Building CMake package in '/home/v1/Desktop/Beizo/arm_ws/src/roarm_moveit_config'
[5.619s] INFO:colcon.colcon_core.shell:Skip shell extension 'powershell' for command environment: Not usable outside of PowerShell
[5.619s] DEBUG:colcon.colcon_core.shell:Skip shell extension 'dsv' for command environment
[5.638s] DEBUG:colcon.colcon_core.event_handler.log_command:Invoking command in '/home/v1/Desktop/Beizo/arm_ws/build/roarm_moveit_config': AMENT_PREFIX_PATH=/home/v1/Desktop/Beizo/arm_ws/install/roarm_description:/home/v1/Desktop/Beizo/arm_ws/install/roarm_msgs:/home/v1/Desktop/Beizo/arm_ws/install/roarm_moveit_config:/home/v1/Desktop/Beizo/arm_ws/install/roarm_moveit_cmd:/home/v1/Desktop/Beizo/arm_ws/install/roarm_driver:/opt/ros/jazzy CMAKE_PREFIX_PATH=${CMAKE_PREFIX_PATH}:/home/v1/Desktop/Beizo/arm_ws/install/roarm_moveit_cmd:/home/v1/Desktop/Beizo/arm_ws/install/roarm_driver:/home/v1/Desktop/Beizo/arm_ws/install/roarm_description:/opt/ros/jazzy DEBUGINFOD_URLS=https://debuginfod.ubuntu.com PYTHONPATH=/home/v1/Desktop/Beizo/arm_ws/install/roarm_description/lib/python3.12/site-packages:/home/v1/Desktop/Beizo/arm_ws/install/roarm_msgs/lib/python3.12/site-packages:/home/v1/Desktop/Beizo/arm_ws/install/roarm_msgs/lib/python3.13/site-packages:/home/v1/Desktop/Beizo/arm_ws/install/roarm_moveit_cmd/lib/python3.12/site-packages:/home/v1/Desktop/Beizo/arm_ws/install/roarm_driver/lib/python3.12/site-packages:/opt/ros/jazzy/lib/python3.12/site-packages /usr/bin/cmake --build /home/v1/Desktop/Beizo/arm_ws/build/roarm_moveit_config -- -j8 -l8
[5.712s] DEBUG:colcon.colcon_core.event_handler.log_command:Invoked command in '/home/v1/Desktop/Beizo/arm_ws/build/roarm_moveit_config' returned '0': AMENT_PREFIX_PATH=/home/v1/Desktop/Beizo/arm_ws/install/roarm_description:/home/v1/Desktop/Beizo/arm_ws/install/roarm_msgs:/home/v1/Desktop/Beizo/arm_ws/install/roarm_moveit_config:/home/v1/Desktop/Beizo/arm_ws/install/roarm_moveit_cmd:/home/v1/Desktop/Beizo/arm_ws/install/roarm_driver:/opt/ros/jazzy CMAKE_PREFIX_PATH=${CMAKE_PREFIX_PATH}:/home/v1/Desktop/Beizo/arm_ws/install/roarm_moveit_cmd:/home/v1/Desktop/Beizo/arm_ws/install/roarm_driver:/home/v1/Desktop/Beizo/arm_ws/install/roarm_description:/opt/ros/jazzy DEBUGINFOD_URLS=https://debuginfod.ubuntu.com PYTHONPATH=/home/v1/Desktop/Beizo/arm_ws/install/roarm_description/lib/python3.12/site-packages:/home/v1/Desktop/Beizo/arm_ws/install/roarm_msgs/lib/python3.12/site-packages:/home/v1/Desktop/Beizo/arm_ws/install/roarm_msgs/lib/python3.13/site-packages:/home/v1/Desktop/Beizo/arm_ws/install/roarm_moveit_cmd/lib/python3.12/site-packages:/home/v1/Desktop/Beizo/arm_ws/install/roarm_driver/lib/python3.12/site-packages:/opt/ros/jazzy/lib/python3.12/site-packages /usr/bin/cmake --build /home/v1/Desktop/Beizo/arm_ws/build/roarm_moveit_config -- -j8 -l8
[5.714s] DEBUG:colcon.colcon_core.event_handler.log_command:Invoking command in '/home/v1/Desktop/Beizo/arm_ws/build/roarm_moveit_config': AMENT_PREFIX_PATH=/home/v1/Desktop/Beizo/arm_ws/install/roarm_description:/home/v1/Desktop/Beizo/arm_ws/install/roarm_msgs:/home/v1/Desktop/Beizo/arm_ws/install/roarm_moveit_config:/home/v1/Desktop/Beizo/arm_ws/install/roarm_moveit_cmd:/home/v1/Desktop/Beizo/arm_ws/install/roarm_driver:/opt/ros/jazzy CMAKE_PREFIX_PATH=${CMAKE_PREFIX_PATH}:/home/v1/Desktop/Beizo/arm_ws/install/roarm_moveit_cmd:/home/v1/Desktop/Beizo/arm_ws/install/roarm_driver:/home/v1/Desktop/Beizo/arm_ws/install/roarm_description:/opt/ros/jazzy DEBUGINFOD_URLS=https://debuginfod.ubuntu.com PYTHONPATH=/home/v1/Desktop/Beizo/arm_ws/install/roarm_description/lib/python3.12/site-packages:/home/v1/Desktop/Beizo/arm_ws/install/roarm_msgs/lib/python3.12/site-packages:/home/v1/Desktop/Beizo/arm_ws/install/roarm_msgs/lib/python3.13/site-packages:/home/v1/Desktop/Beizo/arm_ws/install/roarm_moveit_cmd/lib/python3.12/site-packages:/home/v1/Desktop/Beizo/arm_ws/install/roarm_driver/lib/python3.12/site-packages:/opt/ros/jazzy/lib/python3.12/site-packages /usr/bin/cmake --install /home/v1/Desktop/Beizo/arm_ws/build/roarm_moveit_config
[5.735s] Level 1:colcon.colcon_core.environment:create_environment_scripts_only(roarm_moveit_config)
[5.735s] Level 1:colcon.colcon_core.environment:checking '/home/v1/Desktop/Beizo/arm_ws/install/roarm_moveit_config' for CMake module files
[5.737s] Level 1:colcon.colcon_core.environment:checking '/home/v1/Desktop/Beizo/arm_ws/install/roarm_moveit_config' for CMake config files
[5.739s] Level 1:colcon.colcon_core.shell:create_environment_hook('roarm_moveit_config', 'cmake_prefix_path')
[5.740s] INFO:colcon.colcon_core.shell:Creating environment hook '/home/v1/Desktop/Beizo/arm_ws/install/roarm_moveit_config/share/roarm_moveit_config/hook/cmake_prefix_path.ps1'
[5.742s] INFO:colcon.colcon_core.shell:Creating environment descriptor '/home/v1/Desktop/Beizo/arm_ws/install/roarm_moveit_config/share/roarm_moveit_config/hook/cmake_prefix_path.dsv'
[5.744s] INFO:colcon.colcon_core.shell:Creating environment hook '/home/v1/Desktop/Beizo/arm_ws/install/roarm_moveit_config/share/roarm_moveit_config/hook/cmake_prefix_path.sh'
[5.746s] Level 1:colcon.colcon_core.environment:checking '/home/v1/Desktop/Beizo/arm_ws/install/roarm_moveit_config/bin'
[5.747s] Level 1:colcon.colcon_core.environment:checking '/home/v1/Desktop/Beizo/arm_ws/install/roarm_moveit_config/lib/pkgconfig/roarm_moveit_config.pc'
[5.747s] Level 1:colcon.colcon_core.environment:checking '/home/v1/Desktop/Beizo/arm_ws/install/roarm_moveit_config/lib/python3.12/site-packages'
[5.748s] Level 1:colcon.colcon_core.environment:checking '/home/v1/Desktop/Beizo/arm_ws/install/roarm_moveit_config/bin'
[5.749s] INFO:colcon.colcon_core.shell:Creating package script '/home/v1/Desktop/Beizo/arm_ws/install/roarm_moveit_config/share/roarm_moveit_config/package.ps1'
[5.751s] DEBUG:colcon.colcon_core.event_handler.log_command:Invoked command in '/home/v1/Desktop/Beizo/arm_ws/build/roarm_moveit_config' returned '0': AMENT_PREFIX_PATH=/home/v1/Desktop/Beizo/arm_ws/install/roarm_description:/home/v1/Desktop/Beizo/arm_ws/install/roarm_msgs:/home/v1/Desktop/Beizo/arm_ws/install/roarm_moveit_config:/home/v1/Desktop/Beizo/arm_ws/install/roarm_moveit_cmd:/home/v1/Desktop/Beizo/arm_ws/install/roarm_driver:/opt/ros/jazzy CMAKE_PREFIX_PATH=${CMAKE_PREFIX_PATH}:/home/v1/Desktop/Beizo/arm_ws/install/roarm_moveit_cmd:/home/v1/Desktop/Beizo/arm_ws/install/roarm_driver:/home/v1/Desktop/Beizo/arm_ws/install/roarm_description:/opt/ros/jazzy DEBUGINFOD_URLS=https://debuginfod.ubuntu.com PYTHONPATH=/home/v1/Desktop/Beizo/arm_ws/install/roarm_description/lib/python3.12/site-packages:/home/v1/Desktop/Beizo/arm_ws/install/roarm_msgs/lib/python3.12/site-packages:/home/v1/Desktop/Beizo/arm_ws/install/roarm_msgs/lib/python3.13/site-packages:/home/v1/Desktop/Beizo/arm_ws/install/roarm_moveit_cmd/lib/python3.12/site-packages:/home/v1/Desktop/Beizo/arm_ws/install/roarm_driver/lib/python3.12/site-packages:/opt/ros/jazzy/lib/python3.12/site-packages /usr/bin/cmake --install /home/v1/Desktop/Beizo/arm_ws/build/roarm_moveit_config
[5.751s] INFO:colcon.colcon_core.shell:Creating package descriptor '/home/v1/Desktop/Beizo/arm_ws/install/roarm_moveit_config/share/roarm_moveit_config/package.dsv'
[5.752s] INFO:colcon.colcon_core.shell:Creating package script '/home/v1/Desktop/Beizo/arm_ws/install/roarm_moveit_config/share/roarm_moveit_config/package.sh'
[5.753s] INFO:colcon.colcon_core.shell:Creating package script '/home/v1/Desktop/Beizo/arm_ws/install/roarm_moveit_config/share/roarm_moveit_config/package.bash'
[5.754s] INFO:colcon.colcon_core.shell:Creating package script '/home/v1/Desktop/Beizo/arm_ws/install/roarm_moveit_config/share/roarm_moveit_config/package.zsh'
[5.755s] Level 1:colcon.colcon_core.environment:create_file_with_runtime_dependencies(/home/v1/Desktop/Beizo/arm_ws/install/roarm_moveit_config/share/colcon-core/packages/roarm_moveit_config)
[5.756s] Level 1:colcon.colcon_core.environment:create_environment_scripts_only(roarm_moveit_config)
[5.756s] Level 1:colcon.colcon_core.environment:checking '/home/v1/Desktop/Beizo/arm_ws/install/roarm_moveit_config' for CMake module files
[5.757s] Level 1:colcon.colcon_core.environment:checking '/home/v1/Desktop/Beizo/arm_ws/install/roarm_moveit_config' for CMake config files
[5.757s] Level 1:colcon.colcon_core.shell:create_environment_hook('roarm_moveit_config', 'cmake_prefix_path')
[5.758s] INFO:colcon.colcon_core.shell:Creating environment hook '/home/v1/Desktop/Beizo/arm_ws/install/roarm_moveit_config/share/roarm_moveit_config/hook/cmake_prefix_path.ps1'
[5.758s] INFO:colcon.colcon_core.shell:Creating environment descriptor '/home/v1/Desktop/Beizo/arm_ws/install/roarm_moveit_config/share/roarm_moveit_config/hook/cmake_prefix_path.dsv'
[5.759s] INFO:colcon.colcon_core.shell:Creating environment hook '/home/v1/Desktop/Beizo/arm_ws/install/roarm_moveit_config/share/roarm_moveit_config/hook/cmake_prefix_path.sh'
[5.760s] Level 1:colcon.colcon_core.environment:checking '/home/v1/Desktop/Beizo/arm_ws/install/roarm_moveit_config/bin'
[5.761s] Level 1:colcon.colcon_core.environment:checking '/home/v1/Desktop/Beizo/arm_ws/install/roarm_moveit_config/lib/pkgconfig/roarm_moveit_config.pc'
[5.761s] Level 1:colcon.colcon_core.environment:checking '/home/v1/Desktop/Beizo/arm_ws/install/roarm_moveit_config/lib/python3.12/site-packages'
[5.762s] Level 1:colcon.colcon_core.environment:checking '/home/v1/Desktop/Beizo/arm_ws/install/roarm_moveit_config/bin'
[5.762s] INFO:colcon.colcon_core.shell:Creating package script '/home/v1/Desktop/Beizo/arm_ws/install/roarm_moveit_config/share/roarm_moveit_config/package.ps1'
[5.763s] INFO:colcon.colcon_core.shell:Creating package descriptor '/home/v1/Desktop/Beizo/arm_ws/install/roarm_moveit_config/share/roarm_moveit_config/package.dsv'
[5.764s] INFO:colcon.colcon_core.shell:Creating package script '/home/v1/Desktop/Beizo/arm_ws/install/roarm_moveit_config/share/roarm_moveit_config/package.sh'
[5.765s] INFO:colcon.colcon_core.shell:Creating package script '/home/v1/Desktop/Beizo/arm_ws/install/roarm_moveit_config/share/roarm_moveit_config/package.bash'
[5.766s] INFO:colcon.colcon_core.shell:Creating package script '/home/v1/Desktop/Beizo/arm_ws/install/roarm_moveit_config/share/roarm_moveit_config/package.zsh'
[5.767s] Level 1:colcon.colcon_core.environment:create_file_with_runtime_dependencies(/home/v1/Desktop/Beizo/arm_ws/install/roarm_moveit_config/share/colcon-core/packages/roarm_moveit_config)
[6.885s] Level 1:colcon.colcon_core.environment:checking '/home/v1/Desktop/Beizo/arm_ws/install/roarm_moveit_cmd' for CMake module files
[6.886s] DEBUG:colcon.colcon_core.event_handler.log_command:Invoked command in '/home/v1/Desktop/Beizo/arm_ws/src/roarm_moveit_cmd' returned '0': DEBUGINFOD_URLS=https://debuginfod.ubuntu.com PYTHONPATH=/home/v1/Desktop/Beizo/arm_ws/build/roarm_moveit_cmd/prefix_override:/usr/lib/python3/dist-packages/colcon_core/task/python/colcon_distutils_commands:/home/v1/Desktop/Beizo/arm_ws/install/roarm_moveit_cmd/lib/python3.12/site-packages:${PYTHONPATH} /usr/bin/python3 -W ignore:setup.py install is deprecated -W ignore:easy_install command is deprecated setup.py egg_info --egg-base ../../build/roarm_moveit_cmd build --build-base /home/v1/Desktop/Beizo/arm_ws/build/roarm_moveit_cmd/build install --record /home/v1/Desktop/Beizo/arm_ws/build/roarm_moveit_cmd/install.log --single-version-externally-managed install_data
[6.887s] Level 1:colcon.colcon_core.environment:checking '/home/v1/Desktop/Beizo/arm_ws/install/roarm_moveit_cmd' for CMake config files
[6.888s] Level 1:colcon.colcon_core.environment:checking '/home/v1/Desktop/Beizo/arm_ws/install/roarm_moveit_cmd/lib'
[6.888s] Level 1:colcon.colcon_core.environment:checking '/home/v1/Desktop/Beizo/arm_ws/install/roarm_moveit_cmd/bin'
[6.888s] Level 1:colcon.colcon_core.environment:checking '/home/v1/Desktop/Beizo/arm_ws/install/roarm_moveit_cmd/lib/pkgconfig/roarm_moveit_cmd.pc'
[6.889s] Level 1:colcon.colcon_core.environment:checking '/home/v1/Desktop/Beizo/arm_ws/install/roarm_moveit_cmd/lib/python3.12/site-packages'
[6.889s] Level 1:colcon.colcon_core.shell:create_environment_hook('roarm_moveit_cmd', 'pythonpath')
[6.889s] INFO:colcon.colcon_core.shell:Creating environment hook '/home/v1/Desktop/Beizo/arm_ws/install/roarm_moveit_cmd/share/roarm_moveit_cmd/hook/pythonpath.ps1'
[6.890s] INFO:colcon.colcon_core.shell:Creating environment descriptor '/home/v1/Desktop/Beizo/arm_ws/install/roarm_moveit_cmd/share/roarm_moveit_cmd/hook/pythonpath.dsv'
[6.891s] INFO:colcon.colcon_core.shell:Creating environment hook '/home/v1/Desktop/Beizo/arm_ws/install/roarm_moveit_cmd/share/roarm_moveit_cmd/hook/pythonpath.sh'
[6.892s] Level 1:colcon.colcon_core.environment:checking '/home/v1/Desktop/Beizo/arm_ws/install/roarm_moveit_cmd/bin'
[6.892s] Level 1:colcon.colcon_core.environment:create_environment_scripts_only(roarm_moveit_cmd)
[6.893s] INFO:colcon.colcon_core.shell:Creating package script '/home/v1/Desktop/Beizo/arm_ws/install/roarm_moveit_cmd/share/roarm_moveit_cmd/package.ps1'
[6.894s] INFO:colcon.colcon_core.shell:Creating package descriptor '/home/v1/Desktop/Beizo/arm_ws/install/roarm_moveit_cmd/share/roarm_moveit_cmd/package.dsv'
[6.895s] INFO:colcon.colcon_core.shell:Creating package script '/home/v1/Desktop/Beizo/arm_ws/install/roarm_moveit_cmd/share/roarm_moveit_cmd/package.sh'
[6.896s] INFO:colcon.colcon_core.shell:Creating package script '/home/v1/Desktop/Beizo/arm_ws/install/roarm_moveit_cmd/share/roarm_moveit_cmd/package.bash'
[6.896s] INFO:colcon.colcon_core.shell:Creating package script '/home/v1/Desktop/Beizo/arm_ws/install/roarm_moveit_cmd/share/roarm_moveit_cmd/package.zsh'
[6.897s] Level 1:colcon.colcon_core.environment:create_file_with_runtime_dependencies(/home/v1/Desktop/Beizo/arm_ws/install/roarm_moveit_cmd/share/colcon-core/packages/roarm_moveit_cmd)
[6.898s] DEBUG:colcon.colcon_parallel_executor.executor.parallel:closing loop
[6.898s] DEBUG:colcon.colcon_parallel_executor.executor.parallel:loop closed
[6.898s] DEBUG:colcon.colcon_parallel_executor.executor.parallel:run_until_complete finished with '0'
[6.899s] DEBUG:colcon.colcon_core.event_reactor:joining thread
[6.910s] INFO:colcon.colcon_core.plugin_system:Skipping extension 'colcon_notification.desktop_notification.terminal_notifier': Not used on non-Darwin systems
[6.910s] INFO:colcon.colcon_core.plugin_system:Skipping extension 'colcon_notification.desktop_notification.win32': Not used on non-Windows systems
[6.910s] INFO:colcon.colcon_notification.desktop_notification:Sending desktop notification using 'notify2'
[6.938s] DEBUG:colcon.colcon_core.event_reactor:joined thread
[6.938s] INFO:colcon.colcon_core.shell:Creating prefix script '/home/v1/Desktop/Beizo/arm_ws/install/local_setup.ps1'
[6.940s] INFO:colcon.colcon_core.shell:Creating prefix util module '/home/v1/Desktop/Beizo/arm_ws/install/_local_setup_util_ps1.py'
[6.943s] INFO:colcon.colcon_core.shell:Creating prefix chain script '/home/v1/Desktop/Beizo/arm_ws/install/setup.ps1'
[6.945s] INFO:colcon.colcon_core.shell:Creating prefix script '/home/v1/Desktop/Beizo/arm_ws/install/local_setup.sh'
[6.946s] INFO:colcon.colcon_core.shell:Creating prefix util module '/home/v1/Desktop/Beizo/arm_ws/install/_local_setup_util_sh.py'
[6.947s] INFO:colcon.colcon_core.shell:Creating prefix chain script '/home/v1/Desktop/Beizo/arm_ws/install/setup.sh'
[6.950s] INFO:colcon.colcon_core.shell:Creating prefix script '/home/v1/Desktop/Beizo/arm_ws/install/local_setup.bash'
[6.951s] INFO:colcon.colcon_core.shell:Creating prefix chain script '/home/v1/Desktop/Beizo/arm_ws/install/setup.bash'
[6.953s] INFO:colcon.colcon_core.shell:Creating prefix script '/home/v1/Desktop/Beizo/arm_ws/install/local_setup.zsh'
[6.955s] INFO:colcon.colcon_core.shell:Creating prefix chain script '/home/v1/Desktop/Beizo/arm_ws/install/setup.zsh'
