-- Install configuration: ""
-- Up-to-date: /home/v1/Desktop/Beizo/arm_ws/install/roarm_moveit_config/share/roarm_moveit_config/config
-- Up-to-date: /home/v1/Desktop/Beizo/arm_ws/install/roarm_moveit_config/share/roarm_moveit_config/config/moveit_controllers.yaml
-- Up-to-date: /home/v1/Desktop/Beizo/arm_ws/install/roarm_moveit_config/share/roarm_moveit_config/config/joint_limits.yaml
-- Up-to-date: /home/v1/Desktop/Beizo/arm_ws/install/roarm_moveit_config/share/roarm_moveit_config/config/ros2_controllers.yaml
-- Up-to-date: /home/v1/Desktop/Beizo/arm_ws/install/roarm_moveit_config/share/roarm_moveit_config/config/sensors_3d.yaml
-- Up-to-date: /home/v1/Desktop/Beizo/arm_ws/install/roarm_moveit_config/share/roarm_moveit_config/config/kinematics.yaml
-- Up-to-date: /home/v1/Desktop/Beizo/arm_ws/install/roarm_moveit_config/share/roarm_moveit_config/config/ompl_planning.yaml
-- Up-to-date: /home/v1/Desktop/Beizo/arm_ws/install/roarm_moveit_config/share/roarm_moveit_config/config/roarm_m3.srdf
-- Up-to-date: /home/v1/Desktop/Beizo/arm_ws/install/roarm_moveit_config/share/roarm_moveit_config/config/moveit.rviz
-- Up-to-date: /home/v1/Desktop/Beizo/arm_ws/install/roarm_moveit_config/share/roarm_moveit_config/config/initial_positions.yaml
-- Up-to-date: /home/v1/Desktop/Beizo/arm_ws/install/roarm_moveit_config/share/roarm_moveit_config/config/roarm_m3.ros2_control.xacro
-- Up-to-date: /home/v1/Desktop/Beizo/arm_ws/install/roarm_moveit_config/share/roarm_moveit_config/config/roarm_m3.urdf.xacro
-- Up-to-date: /home/v1/Desktop/Beizo/arm_ws/install/roarm_moveit_config/share/roarm_moveit_config/launch
-- Up-to-date: /home/v1/Desktop/Beizo/arm_ws/install/roarm_moveit_config/share/roarm_moveit_config/launch/demo.launch.py
-- Up-to-date: /home/v1/Desktop/Beizo/arm_ws/install/roarm_moveit_config/share/roarm_moveit_config/launch/xyz_control.launch.py
-- Up-to-date: /home/v1/Desktop/Beizo/arm_ws/install/roarm_moveit_config/share/roarm_moveit_config/launch/roarm_moveit.launch.py
-- Up-to-date: /home/v1/Desktop/Beizo/arm_ws/install/roarm_moveit_config/share/ament_index/resource_index/package_run_dependencies/roarm_moveit_config
-- Up-to-date: /home/v1/Desktop/Beizo/arm_ws/install/roarm_moveit_config/share/ament_index/resource_index/parent_prefix_path/roarm_moveit_config
-- Up-to-date: /home/v1/Desktop/Beizo/arm_ws/install/roarm_moveit_config/share/roarm_moveit_config/environment/ament_prefix_path.sh
-- Up-to-date: /home/v1/Desktop/Beizo/arm_ws/install/roarm_moveit_config/share/roarm_moveit_config/environment/ament_prefix_path.dsv
-- Up-to-date: /home/v1/Desktop/Beizo/arm_ws/install/roarm_moveit_config/share/roarm_moveit_config/environment/path.sh
-- Up-to-date: /home/v1/Desktop/Beizo/arm_ws/install/roarm_moveit_config/share/roarm_moveit_config/environment/path.dsv
-- Up-to-date: /home/v1/Desktop/Beizo/arm_ws/install/roarm_moveit_config/share/roarm_moveit_config/local_setup.bash
-- Up-to-date: /home/v1/Desktop/Beizo/arm_ws/install/roarm_moveit_config/share/roarm_moveit_config/local_setup.sh
-- Up-to-date: /home/v1/Desktop/Beizo/arm_ws/install/roarm_moveit_config/share/roarm_moveit_config/local_setup.zsh
-- Up-to-date: /home/v1/Desktop/Beizo/arm_ws/install/roarm_moveit_config/share/roarm_moveit_config/local_setup.dsv
-- Up-to-date: /home/v1/Desktop/Beizo/arm_ws/install/roarm_moveit_config/share/roarm_moveit_config/package.dsv
-- Up-to-date: /home/v1/Desktop/Beizo/arm_ws/install/roarm_moveit_config/share/ament_index/resource_index/packages/roarm_moveit_config
-- Up-to-date: /home/v1/Desktop/Beizo/arm_ws/install/roarm_moveit_config/share/roarm_moveit_config/cmake/roarm_moveit_configConfig.cmake
-- Up-to-date: /home/v1/Desktop/Beizo/arm_ws/install/roarm_moveit_config/share/roarm_moveit_config/cmake/roarm_moveit_configConfig-version.cmake
-- Up-to-date: /home/v1/Desktop/Beizo/arm_ws/install/roarm_moveit_config/share/roarm_moveit_config/package.xml
