/home/v1/Desktop/Beizo/arm_ws/install/roarm_description/lib/python3.12/site-packages/roarm_description/__init__.py
/home/v1/Desktop/Beizo/arm_ws/install/roarm_description/lib/python3.12/site-packages/roarm_description/__pycache__/__init__.cpython-312.pyc
/home/v1/Desktop/Beizo/arm_ws/install/roarm_description/share/ament_index/resource_index/packages/roarm_description
/home/v1/Desktop/Beizo/arm_ws/install/roarm_description/share/roarm_description/package.xml
/home/v1/Desktop/Beizo/arm_ws/install/roarm_description/share/roarm_description/launch/display.launch.py
/home/v1/Desktop/Beizo/arm_ws/install/roarm_description/share/roarm_description/urdf/roarm_m3_moveit.xacro
/home/v1/Desktop/Beizo/arm_ws/install/roarm_description/share/roarm_description/urdf/roarm_m3_description.xacro
/home/v1/Desktop/Beizo/arm_ws/install/roarm_description/share/roarm_description/urdf/roarm_m3/roarm_m3.xacro
/home/v1/Desktop/Beizo/arm_ws/install/roarm_description/share/roarm_description/urdf/roarm_m3/roarm_m3.gazebo
/home/v1/Desktop/Beizo/arm_ws/install/roarm_description/share/roarm_description/urdf/roarm_m3/roarm_m3.trans
/home/v1/Desktop/Beizo/arm_ws/install/roarm_description/share/roarm_description/urdf/roarm_m3/materials.xacro
/home/v1/Desktop/Beizo/arm_ws/install/roarm_description/share/roarm_description/meshes/roarm_m3/link1.stl
/home/v1/Desktop/Beizo/arm_ws/install/roarm_description/share/roarm_description/meshes/roarm_m3/link2.stl
/home/v1/Desktop/Beizo/arm_ws/install/roarm_description/share/roarm_description/meshes/roarm_m3/link3.stl
/home/v1/Desktop/Beizo/arm_ws/install/roarm_description/share/roarm_description/meshes/roarm_m3/base_link.stl
/home/v1/Desktop/Beizo/arm_ws/install/roarm_description/share/roarm_description/meshes/roarm_m3/gripper_left_link.stl
/home/v1/Desktop/Beizo/arm_ws/install/roarm_description/share/roarm_description/meshes/roarm_m3/link4.stl
/home/v1/Desktop/Beizo/arm_ws/install/roarm_description/share/roarm_description/meshes/roarm_m3/gripper_link.stl
/home/v1/Desktop/Beizo/arm_ws/install/roarm_description/share/roarm_description/meshes/roarm_m3/link5.stl
/home/v1/Desktop/Beizo/arm_ws/install/roarm_description/share/roarm_description/rviz/view_description.rviz
/home/v1/Desktop/Beizo/arm_ws/install/roarm_description/lib/python3.12/site-packages/roarm_description-0.0.1-py3.12.egg-info/dependency_links.txt
/home/v1/Desktop/Beizo/arm_ws/install/roarm_description/lib/python3.12/site-packages/roarm_description-0.0.1-py3.12.egg-info/requires.txt
/home/v1/Desktop/Beizo/arm_ws/install/roarm_description/lib/python3.12/site-packages/roarm_description-0.0.1-py3.12.egg-info/top_level.txt
/home/v1/Desktop/Beizo/arm_ws/install/roarm_description/lib/python3.12/site-packages/roarm_description-0.0.1-py3.12.egg-info/zip-safe
/home/v1/Desktop/Beizo/arm_ws/install/roarm_description/lib/python3.12/site-packages/roarm_description-0.0.1-py3.12.egg-info/SOURCES.txt
/home/v1/Desktop/Beizo/arm_ws/install/roarm_description/lib/python3.12/site-packages/roarm_description-0.0.1-py3.12.egg-info/PKG-INFO
