-- Found ament_cmake: 2.5.5 (/opt/ros/jazzy/share/ament_cmake/cmake)
-- Found Python3: /usr/bin/python3 (found version "3.12.3") found components: Interpreter 
-- Override CMake install command with custom implementation using symlinks instead of copying resources
-- Found rosidl_default_generators: 1.6.0 (/opt/ros/jazzy/share/rosidl_default_generators/cmake)
-- Using all available rosidl_typesupport_c: rosidl_typesupport_fastrtps_c;rosidl_typesupport_introspection_c
-- Using all available rosidl_typesupport_cpp: rosidl_typesupport_fastrtps_cpp;rosidl_typesupport_introspection_cpp
-- Found rosidl_adapter: 4.6.7 (/opt/ros/jazzy/share/rosidl_adapter/cmake)
-- Found ament_lint_auto: 0.17.4 (/opt/ros/jazzy/share/ament_lint_auto/cmake)
-- Found ament_cmake_ros: 0.12.0 (/opt/ros/jazzy/share/ament_cmake_ros/cmake)
-- Using all available rosidl_typesupport_c: rosidl_typesupport_fastrtps_c;rosidl_typesupport_introspection_c
-- Using all available rosidl_typesupport_cpp: rosidl_typesupport_fastrtps_cpp;rosidl_typesupport_introspection_cpp
-- Found python_cmake_module: 0.11.1 (/opt/ros/jazzy/share/python_cmake_module/cmake)
-- Found Python3: /usr/bin/python3 (found version "3.12.3") found components: Interpreter Development NumPy Development.Module Development.Embed 
-- Configuring done (2.0s)
-- Generating done (0.1s)
-- Build files have been written to: /home/v1/Desktop/Beizo/arm_ws/build/roarm_msgs
[  2%] Built target roarm_msgs__rosidl_generator_type_description
[  2%] Built target ament_cmake_python_symlink_roarm_msgs
[  5%] Built target roarm_msgs__cpp
[ 20%] Built target roarm_msgs__rosidl_generator_c
[ 29%] Built target roarm_msgs__rosidl_typesupport_introspection_c
[ 38%] Built target roarm_msgs__rosidl_typesupport_fastrtps_cpp
[ 47%] Built target roarm_msgs__rosidl_typesupport_introspection_cpp
[ 55%] Built target roarm_msgs__rosidl_typesupport_c
[ 64%] Built target roarm_msgs__rosidl_typesupport_cpp
[ 73%] Built target roarm_msgs__rosidl_typesupport_fastrtps_c
[ 73%] Built target roarm_msgs
[ 76%] Built target roarm_msgs__py
[ 82%] Built target roarm_msgs__rosidl_generator_py
[ 88%] Built target roarm_msgs_s__rosidl_typesupport_fastrtps_c
[100%] Built target roarm_msgs_s__rosidl_typesupport_introspection_c
[100%] Built target roarm_msgs_s__rosidl_typesupport_c
running egg_info
writing roarm_msgs.egg-info/PKG-INFO
writing dependency_links to roarm_msgs.egg-info/dependency_links.txt
writing top-level names to roarm_msgs.egg-info/top_level.txt
reading manifest file 'roarm_msgs.egg-info/SOURCES.txt'
writing manifest file 'roarm_msgs.egg-info/SOURCES.txt'
[100%] Built target ament_cmake_python_build_roarm_msgs_egg
-- Install configuration: ""
-- Execute custom install script
-- Up-to-date symlink: /home/v1/Desktop/Beizo/arm_ws/install/roarm_msgs/share/ament_index/resource_index/rosidl_interfaces/roarm_msgs
-- Up-to-date symlink: /home/v1/Desktop/Beizo/arm_ws/install/roarm_msgs/share/roarm_msgs/srv/MoveToXYZ.json
-- Up-to-date symlink: /home/v1/Desktop/Beizo/arm_ws/install/roarm_msgs/include/roarm_msgs/roarm_msgs/msg/rosidl_generator_c__visibility_control.h
-- Up-to-date symlink: /home/v1/Desktop/Beizo/arm_ws/install/roarm_msgs/include/roarm_msgs/roarm_msgs/srv/detail/move_to_xyz__functions.h
-- Up-to-date symlink: /home/v1/Desktop/Beizo/arm_ws/install/roarm_msgs/include/roarm_msgs/roarm_msgs/srv/detail/move_to_xyz__struct.h
-- Up-to-date symlink: /home/v1/Desktop/Beizo/arm_ws/install/roarm_msgs/include/roarm_msgs/roarm_msgs/srv/detail/move_to_xyz__type_support.h
-- Up-to-date symlink: /home/v1/Desktop/Beizo/arm_ws/install/roarm_msgs/include/roarm_msgs/roarm_msgs/srv/move_to_xyz.h
-- Up-to-date symlink: /home/v1/Desktop/Beizo/arm_ws/install/roarm_msgs/share/roarm_msgs/environment/library_path.sh
-- Up-to-date symlink: /home/v1/Desktop/Beizo/arm_ws/install/roarm_msgs/share/roarm_msgs/environment/library_path.dsv
-- Up-to-date symlink: /home/v1/Desktop/Beizo/arm_ws/install/roarm_msgs/include/roarm_msgs/roarm_msgs/msg/rosidl_typesupport_fastrtps_c__visibility_control.h
-- Up-to-date symlink: /home/v1/Desktop/Beizo/arm_ws/install/roarm_msgs/include/roarm_msgs/roarm_msgs/srv/detail/move_to_xyz__rosidl_typesupport_fastrtps_c.h
-- Up-to-date symlink: /home/v1/Desktop/Beizo/arm_ws/install/roarm_msgs/include/roarm_msgs/roarm_msgs/msg/rosidl_typesupport_introspection_c__visibility_control.h
-- Up-to-date symlink: /home/v1/Desktop/Beizo/arm_ws/install/roarm_msgs/include/roarm_msgs/roarm_msgs/srv/detail/move_to_xyz__rosidl_typesupport_introspection_c.h
-- Up-to-date symlink: /home/v1/Desktop/Beizo/arm_ws/install/roarm_msgs/include/roarm_msgs/roarm_msgs/msg/rosidl_generator_cpp__visibility_control.hpp
-- Up-to-date symlink: /home/v1/Desktop/Beizo/arm_ws/install/roarm_msgs/include/roarm_msgs/roarm_msgs/srv/detail/move_to_xyz__builder.hpp
-- Up-to-date symlink: /home/v1/Desktop/Beizo/arm_ws/install/roarm_msgs/include/roarm_msgs/roarm_msgs/srv/detail/move_to_xyz__struct.hpp
-- Up-to-date symlink: /home/v1/Desktop/Beizo/arm_ws/install/roarm_msgs/include/roarm_msgs/roarm_msgs/srv/detail/move_to_xyz__traits.hpp
-- Up-to-date symlink: /home/v1/Desktop/Beizo/arm_ws/install/roarm_msgs/include/roarm_msgs/roarm_msgs/srv/detail/move_to_xyz__type_support.hpp
-- Up-to-date symlink: /home/v1/Desktop/Beizo/arm_ws/install/roarm_msgs/include/roarm_msgs/roarm_msgs/srv/move_to_xyz.hpp
-- Up-to-date symlink: /home/v1/Desktop/Beizo/arm_ws/install/roarm_msgs/include/roarm_msgs/roarm_msgs/msg/rosidl_typesupport_fastrtps_cpp__visibility_control.h
-- Up-to-date symlink: /home/v1/Desktop/Beizo/arm_ws/install/roarm_msgs/include/roarm_msgs/roarm_msgs/srv/detail/move_to_xyz__rosidl_typesupport_fastrtps_cpp.hpp
-- Up-to-date symlink: /home/v1/Desktop/Beizo/arm_ws/install/roarm_msgs/include/roarm_msgs/roarm_msgs/srv/detail/move_to_xyz__rosidl_typesupport_introspection_cpp.hpp
-- Up-to-date symlink: /home/v1/Desktop/Beizo/arm_ws/install/roarm_msgs/share/roarm_msgs/environment/pythonpath.sh
-- Up-to-date symlink: /home/v1/Desktop/Beizo/arm_ws/install/roarm_msgs/share/roarm_msgs/environment/pythonpath.dsv
-- Up-to-date symlink: /home/v1/Desktop/Beizo/arm_ws/install/roarm_msgs/lib/python3.12/site-packages/roarm_msgs-0.0.1-py3.12.egg-info/PKG-INFO
-- Up-to-date symlink: /home/v1/Desktop/Beizo/arm_ws/install/roarm_msgs/lib/python3.12/site-packages/roarm_msgs-0.0.1-py3.12.egg-info/SOURCES.txt
-- Up-to-date symlink: /home/v1/Desktop/Beizo/arm_ws/install/roarm_msgs/lib/python3.12/site-packages/roarm_msgs-0.0.1-py3.12.egg-info/dependency_links.txt
-- Up-to-date symlink: /home/v1/Desktop/Beizo/arm_ws/install/roarm_msgs/lib/python3.12/site-packages/roarm_msgs-0.0.1-py3.12.egg-info/top_level.txt
-- Up-to-date symlink: /home/v1/Desktop/Beizo/arm_ws/install/roarm_msgs/lib/python3.12/site-packages/roarm_msgs/__init__.py
-- Up-to-date symlink: /home/v1/Desktop/Beizo/arm_ws/install/roarm_msgs/lib/python3.12/site-packages/roarm_msgs/_roarm_msgs_s.ep.rosidl_typesupport_c.c
-- Up-to-date symlink: /home/v1/Desktop/Beizo/arm_ws/install/roarm_msgs/lib/python3.12/site-packages/roarm_msgs/_roarm_msgs_s.ep.rosidl_typesupport_fastrtps_c.c
-- Up-to-date symlink: /home/v1/Desktop/Beizo/arm_ws/install/roarm_msgs/lib/python3.12/site-packages/roarm_msgs/_roarm_msgs_s.ep.rosidl_typesupport_introspection_c.c
-- Up-to-date symlink: /home/v1/Desktop/Beizo/arm_ws/install/roarm_msgs/lib/python3.12/site-packages/roarm_msgs/roarm_msgs_s__rosidl_typesupport_c.so
-- Up-to-date symlink: /home/v1/Desktop/Beizo/arm_ws/install/roarm_msgs/lib/python3.12/site-packages/roarm_msgs/roarm_msgs_s__rosidl_typesupport_fastrtps_c.so
-- Up-to-date symlink: /home/v1/Desktop/Beizo/arm_ws/install/roarm_msgs/lib/python3.12/site-packages/roarm_msgs/roarm_msgs_s__rosidl_typesupport_introspection_c.so
-- Up-to-date symlink: /home/v1/Desktop/Beizo/arm_ws/install/roarm_msgs/lib/python3.12/site-packages/roarm_msgs/srv/__init__.py
-- Up-to-date symlink: /home/v1/Desktop/Beizo/arm_ws/install/roarm_msgs/lib/python3.12/site-packages/roarm_msgs/srv/_move_to_xyz.py
-- Up-to-date symlink: /home/v1/Desktop/Beizo/arm_ws/install/roarm_msgs/lib/python3.12/site-packages/roarm_msgs/srv/_move_to_xyz_s.c
-- Up-to-date symlink: /home/v1/Desktop/Beizo/arm_ws/install/roarm_msgs/lib/python3.12/site-packages/roarm_msgs/roarm_msgs_s__rosidl_typesupport_fastrtps_c.so
-- Up-to-date symlink: /home/v1/Desktop/Beizo/arm_ws/install/roarm_msgs/lib/python3.12/site-packages/roarm_msgs/roarm_msgs_s__rosidl_typesupport_introspection_c.so
-- Up-to-date symlink: /home/v1/Desktop/Beizo/arm_ws/install/roarm_msgs/lib/python3.12/site-packages/roarm_msgs/roarm_msgs_s__rosidl_typesupport_c.so
-- Up-to-date symlink: /home/v1/Desktop/Beizo/arm_ws/install/roarm_msgs/share/roarm_msgs/srv/MoveToXYZ.idl
-- Up-to-date symlink: /home/v1/Desktop/Beizo/arm_ws/install/roarm_msgs/share/roarm_msgs/srv/MoveToXYZ.srv
-- Up-to-date symlink: /home/v1/Desktop/Beizo/arm_ws/install/roarm_msgs/share/ament_index/resource_index/package_run_dependencies/roarm_msgs
-- Up-to-date symlink: /home/v1/Desktop/Beizo/arm_ws/install/roarm_msgs/share/ament_index/resource_index/parent_prefix_path/roarm_msgs
-- Up-to-date symlink: /home/v1/Desktop/Beizo/arm_ws/install/roarm_msgs/share/roarm_msgs/environment/ament_prefix_path.sh
-- Up-to-date symlink: /home/v1/Desktop/Beizo/arm_ws/install/roarm_msgs/share/roarm_msgs/environment/ament_prefix_path.dsv
-- Up-to-date symlink: /home/v1/Desktop/Beizo/arm_ws/install/roarm_msgs/share/roarm_msgs/environment/path.sh
-- Up-to-date symlink: /home/v1/Desktop/Beizo/arm_ws/install/roarm_msgs/share/roarm_msgs/environment/path.dsv
-- Up-to-date symlink: /home/v1/Desktop/Beizo/arm_ws/install/roarm_msgs/share/roarm_msgs/local_setup.bash
-- Up-to-date symlink: /home/v1/Desktop/Beizo/arm_ws/install/roarm_msgs/share/roarm_msgs/local_setup.sh
-- Up-to-date symlink: /home/v1/Desktop/Beizo/arm_ws/install/roarm_msgs/share/roarm_msgs/local_setup.zsh
-- Up-to-date symlink: /home/v1/Desktop/Beizo/arm_ws/install/roarm_msgs/share/roarm_msgs/local_setup.dsv
-- Symlinking: /home/v1/Desktop/Beizo/arm_ws/install/roarm_msgs/share/roarm_msgs/package.dsv
-- Up-to-date symlink: /home/v1/Desktop/Beizo/arm_ws/install/roarm_msgs/share/ament_index/resource_index/packages/roarm_msgs
-- Up-to-date symlink: /home/v1/Desktop/Beizo/arm_ws/install/roarm_msgs/share/roarm_msgs/cmake/rosidl_cmake-extras.cmake
-- Up-to-date symlink: /home/v1/Desktop/Beizo/arm_ws/install/roarm_msgs/share/roarm_msgs/cmake/ament_cmake_export_dependencies-extras.cmake
-- Up-to-date symlink: /home/v1/Desktop/Beizo/arm_ws/install/roarm_msgs/share/roarm_msgs/cmake/ament_cmake_export_include_directories-extras.cmake
-- Up-to-date symlink: /home/v1/Desktop/Beizo/arm_ws/install/roarm_msgs/share/roarm_msgs/cmake/ament_cmake_export_libraries-extras.cmake
-- Up-to-date symlink: /home/v1/Desktop/Beizo/arm_ws/install/roarm_msgs/share/roarm_msgs/cmake/ament_cmake_export_targets-extras.cmake
-- Up-to-date symlink: /home/v1/Desktop/Beizo/arm_ws/install/roarm_msgs/share/roarm_msgs/cmake/rosidl_cmake_export_typesupport_targets-extras.cmake
-- Up-to-date symlink: /home/v1/Desktop/Beizo/arm_ws/install/roarm_msgs/share/roarm_msgs/cmake/rosidl_cmake_export_typesupport_libraries-extras.cmake
-- Up-to-date symlink: /home/v1/Desktop/Beizo/arm_ws/install/roarm_msgs/share/roarm_msgs/cmake/roarm_msgsConfig.cmake
-- Up-to-date symlink: /home/v1/Desktop/Beizo/arm_ws/install/roarm_msgs/share/roarm_msgs/cmake/roarm_msgsConfig-version.cmake
-- Up-to-date symlink: /home/v1/Desktop/Beizo/arm_ws/install/roarm_msgs/share/roarm_msgs/package.xml
-- Up-to-date: /home/v1/Desktop/Beizo/arm_ws/install/roarm_msgs/lib/libroarm_msgs__rosidl_generator_c.so
-- Up-to-date: /home/v1/Desktop/Beizo/arm_ws/install/roarm_msgs/lib/libroarm_msgs__rosidl_typesupport_fastrtps_c.so
-- Up-to-date: /home/v1/Desktop/Beizo/arm_ws/install/roarm_msgs/lib/libroarm_msgs__rosidl_typesupport_introspection_c.so
-- Up-to-date: /home/v1/Desktop/Beizo/arm_ws/install/roarm_msgs/lib/libroarm_msgs__rosidl_typesupport_c.so
-- Up-to-date: /home/v1/Desktop/Beizo/arm_ws/install/roarm_msgs/lib/libroarm_msgs__rosidl_typesupport_fastrtps_cpp.so
-- Up-to-date: /home/v1/Desktop/Beizo/arm_ws/install/roarm_msgs/lib/libroarm_msgs__rosidl_typesupport_introspection_cpp.so
-- Up-to-date: /home/v1/Desktop/Beizo/arm_ws/install/roarm_msgs/lib/libroarm_msgs__rosidl_typesupport_cpp.so
Listing '/home/v1/Desktop/Beizo/arm_ws/install/roarm_msgs/lib/python3.12/site-packages/roarm_msgs'...
Compiling '/home/v1/Desktop/Beizo/arm_ws/install/roarm_msgs/lib/python3.12/site-packages/roarm_msgs/__init__.py'...
Listing '/home/v1/Desktop/Beizo/arm_ws/install/roarm_msgs/lib/python3.12/site-packages/roarm_msgs/srv'...
-- Up-to-date: /home/v1/Desktop/Beizo/arm_ws/install/roarm_msgs/lib/libroarm_msgs__rosidl_generator_py.so
-- Up-to-date: /home/v1/Desktop/Beizo/arm_ws/install/roarm_msgs/share/roarm_msgs/cmake/export_roarm_msgs__rosidl_generator_cExport.cmake
-- Up-to-date: /home/v1/Desktop/Beizo/arm_ws/install/roarm_msgs/share/roarm_msgs/cmake/export_roarm_msgs__rosidl_generator_cExport-noconfig.cmake
-- Up-to-date: /home/v1/Desktop/Beizo/arm_ws/install/roarm_msgs/share/roarm_msgs/cmake/export_roarm_msgs__rosidl_typesupport_fastrtps_cExport.cmake
-- Up-to-date: /home/v1/Desktop/Beizo/arm_ws/install/roarm_msgs/share/roarm_msgs/cmake/export_roarm_msgs__rosidl_typesupport_fastrtps_cExport-noconfig.cmake
-- Up-to-date: /home/v1/Desktop/Beizo/arm_ws/install/roarm_msgs/share/roarm_msgs/cmake/roarm_msgs__rosidl_typesupport_introspection_cExport.cmake
-- Up-to-date: /home/v1/Desktop/Beizo/arm_ws/install/roarm_msgs/share/roarm_msgs/cmake/roarm_msgs__rosidl_typesupport_introspection_cExport-noconfig.cmake
-- Up-to-date: /home/v1/Desktop/Beizo/arm_ws/install/roarm_msgs/share/roarm_msgs/cmake/roarm_msgs__rosidl_typesupport_cExport.cmake
-- Up-to-date: /home/v1/Desktop/Beizo/arm_ws/install/roarm_msgs/share/roarm_msgs/cmake/roarm_msgs__rosidl_typesupport_cExport-noconfig.cmake
-- Up-to-date: /home/v1/Desktop/Beizo/arm_ws/install/roarm_msgs/share/roarm_msgs/cmake/export_roarm_msgs__rosidl_generator_cppExport.cmake
-- Up-to-date: /home/v1/Desktop/Beizo/arm_ws/install/roarm_msgs/share/roarm_msgs/cmake/export_roarm_msgs__rosidl_typesupport_fastrtps_cppExport.cmake
-- Up-to-date: /home/v1/Desktop/Beizo/arm_ws/install/roarm_msgs/share/roarm_msgs/cmake/export_roarm_msgs__rosidl_typesupport_fastrtps_cppExport-noconfig.cmake
-- Up-to-date: /home/v1/Desktop/Beizo/arm_ws/install/roarm_msgs/share/roarm_msgs/cmake/roarm_msgs__rosidl_typesupport_introspection_cppExport.cmake
-- Up-to-date: /home/v1/Desktop/Beizo/arm_ws/install/roarm_msgs/share/roarm_msgs/cmake/roarm_msgs__rosidl_typesupport_introspection_cppExport-noconfig.cmake
-- Up-to-date: /home/v1/Desktop/Beizo/arm_ws/install/roarm_msgs/share/roarm_msgs/cmake/roarm_msgs__rosidl_typesupport_cppExport.cmake
-- Up-to-date: /home/v1/Desktop/Beizo/arm_ws/install/roarm_msgs/share/roarm_msgs/cmake/roarm_msgs__rosidl_typesupport_cppExport-noconfig.cmake
-- Up-to-date: /home/v1/Desktop/Beizo/arm_ws/install/roarm_msgs/share/roarm_msgs/cmake/export_roarm_msgs__rosidl_generator_pyExport.cmake
-- Up-to-date: /home/v1/Desktop/Beizo/arm_ws/install/roarm_msgs/share/roarm_msgs/cmake/export_roarm_msgs__rosidl_generator_pyExport-noconfig.cmake
