running egg_info
creating ../../build/roarm_description/roarm_description.egg-info
writing ../../build/roarm_description/roarm_description.egg-info/PKG-INFO
writing dependency_links to ../../build/roarm_description/roarm_description.egg-info/dependency_links.txt
writing requirements to ../../build/roarm_description/roarm_description.egg-info/requires.txt
writing top-level names to ../../build/roarm_description/roarm_description.egg-info/top_level.txt
writing manifest file '../../build/roarm_description/roarm_description.egg-info/SOURCES.txt'
reading manifest file '../../build/roarm_description/roarm_description.egg-info/SOURCES.txt'
writing manifest file '../../build/roarm_description/roarm_description.egg-info/SOURCES.txt'
running build
running build_py
creating /home/v1/Desktop/Beizo/arm_ws/build/roarm_description/build
creating /home/v1/Desktop/Beizo/arm_ws/build/roarm_description/build/lib
creating /home/v1/Desktop/Beizo/arm_ws/build/roarm_description/build/lib/roarm_description
copying roarm_description/__init__.py -> /home/v1/Desktop/Beizo/arm_ws/build/roarm_description/build/lib/roarm_description
running install
running install_lib
creating /home/v1/Desktop/Beizo/arm_ws/install/roarm_description/lib/python3.12/site-packages/roarm_description
copying /home/v1/Desktop/Beizo/arm_ws/build/roarm_description/build/lib/roarm_description/__init__.py -> /home/v1/Desktop/Beizo/arm_ws/install/roarm_description/lib/python3.12/site-packages/roarm_description
byte-compiling /home/v1/Desktop/Beizo/arm_ws/install/roarm_description/lib/python3.12/site-packages/roarm_description/__init__.py to __init__.cpython-312.pyc
running install_data
creating /home/v1/Desktop/Beizo/arm_ws/install/roarm_description/share/ament_index
creating /home/v1/Desktop/Beizo/arm_ws/install/roarm_description/share/ament_index/resource_index
creating /home/v1/Desktop/Beizo/arm_ws/install/roarm_description/share/ament_index/resource_index/packages
copying resource/roarm_description -> /home/v1/Desktop/Beizo/arm_ws/install/roarm_description/share/ament_index/resource_index/packages
copying package.xml -> /home/v1/Desktop/Beizo/arm_ws/install/roarm_description/share/roarm_description
creating /home/v1/Desktop/Beizo/arm_ws/install/roarm_description/share/roarm_description/launch
copying launch/display.launch.py -> /home/v1/Desktop/Beizo/arm_ws/install/roarm_description/share/roarm_description/launch
creating /home/v1/Desktop/Beizo/arm_ws/install/roarm_description/share/roarm_description/urdf
copying urdf/roarm_m3_moveit.xacro -> /home/v1/Desktop/Beizo/arm_ws/install/roarm_description/share/roarm_description/urdf
copying urdf/roarm_m3_description.xacro -> /home/v1/Desktop/Beizo/arm_ws/install/roarm_description/share/roarm_description/urdf
creating /home/v1/Desktop/Beizo/arm_ws/install/roarm_description/share/roarm_description/urdf/roarm_m3
copying urdf/roarm_m3/roarm_m3.xacro -> /home/v1/Desktop/Beizo/arm_ws/install/roarm_description/share/roarm_description/urdf/roarm_m3
copying urdf/roarm_m3/roarm_m3.gazebo -> /home/v1/Desktop/Beizo/arm_ws/install/roarm_description/share/roarm_description/urdf/roarm_m3
copying urdf/roarm_m3/roarm_m3.trans -> /home/v1/Desktop/Beizo/arm_ws/install/roarm_description/share/roarm_description/urdf/roarm_m3
copying urdf/roarm_m3/materials.xacro -> /home/v1/Desktop/Beizo/arm_ws/install/roarm_description/share/roarm_description/urdf/roarm_m3
creating /home/v1/Desktop/Beizo/arm_ws/install/roarm_description/share/roarm_description/meshes
creating /home/v1/Desktop/Beizo/arm_ws/install/roarm_description/share/roarm_description/meshes/roarm_m3
copying meshes/roarm_m3/link1.stl -> /home/v1/Desktop/Beizo/arm_ws/install/roarm_description/share/roarm_description/meshes/roarm_m3
copying meshes/roarm_m3/link2.stl -> /home/v1/Desktop/Beizo/arm_ws/install/roarm_description/share/roarm_description/meshes/roarm_m3
copying meshes/roarm_m3/link3.stl -> /home/v1/Desktop/Beizo/arm_ws/install/roarm_description/share/roarm_description/meshes/roarm_m3
copying meshes/roarm_m3/base_link.stl -> /home/v1/Desktop/Beizo/arm_ws/install/roarm_description/share/roarm_description/meshes/roarm_m3
copying meshes/roarm_m3/gripper_left_link.stl -> /home/v1/Desktop/Beizo/arm_ws/install/roarm_description/share/roarm_description/meshes/roarm_m3
copying meshes/roarm_m3/link4.stl -> /home/v1/Desktop/Beizo/arm_ws/install/roarm_description/share/roarm_description/meshes/roarm_m3
copying meshes/roarm_m3/gripper_link.stl -> /home/v1/Desktop/Beizo/arm_ws/install/roarm_description/share/roarm_description/meshes/roarm_m3
copying meshes/roarm_m3/link5.stl -> /home/v1/Desktop/Beizo/arm_ws/install/roarm_description/share/roarm_description/meshes/roarm_m3
creating /home/v1/Desktop/Beizo/arm_ws/install/roarm_description/share/roarm_description/rviz
copying rviz/view_description.rviz -> /home/v1/Desktop/Beizo/arm_ws/install/roarm_description/share/roarm_description/rviz
running install_egg_info
Copying ../../build/roarm_description/roarm_description.egg-info to /home/v1/Desktop/Beizo/arm_ws/install/roarm_description/lib/python3.12/site-packages/roarm_description-0.0.1-py3.12.egg-info
running install_scripts
writing list of installed files to '/home/v1/Desktop/Beizo/arm_ws/build/roarm_description/install.log'
