[1.639s] Invoking command in '/home/v1/Desktop/Beizo/arm_ws/src/roarm_description': DEBUGINFOD_URLS=https://debuginfod.ubuntu.com PYTHONPATH=/home/v1/Desktop/Beizo/arm_ws/build/roarm_description/prefix_override:/usr/lib/python3/dist-packages/colcon_core/task/python/colcon_distutils_commands:/home/v1/Desktop/Beizo/arm_ws/install/roarm_description/lib/python3.12/site-packages:${PYTHONPATH} /usr/bin/python3 -W ignore:setup.py install is deprecated -W ignore:easy_install command is deprecated setup.py egg_info --egg-base ../../build/roarm_description build --build-base /home/v1/Desktop/Beizo/arm_ws/build/roarm_description/build install --record /home/v1/Desktop/Beizo/arm_ws/build/roarm_description/install.log --single-version-externally-managed install_data
[2.663s] running egg_info
[2.664s] creating ../../build/roarm_description/roarm_description.egg-info
[2.756s] writing ../../build/roarm_description/roarm_description.egg-info/PKG-INFO
[2.757s] writing dependency_links to ../../build/roarm_description/roarm_description.egg-info/dependency_links.txt
[2.757s] writing requirements to ../../build/roarm_description/roarm_description.egg-info/requires.txt
[2.758s] writing top-level names to ../../build/roarm_description/roarm_description.egg-info/top_level.txt
[2.759s] writing manifest file '../../build/roarm_description/roarm_description.egg-info/SOURCES.txt'
[2.911s] reading manifest file '../../build/roarm_description/roarm_description.egg-info/SOURCES.txt'
[2.913s] writing manifest file '../../build/roarm_description/roarm_description.egg-info/SOURCES.txt'
[2.913s] running build
[2.913s] running build_py
[2.913s] creating /home/v1/Desktop/Beizo/arm_ws/build/roarm_description/build
[2.914s] creating /home/v1/Desktop/Beizo/arm_ws/build/roarm_description/build/lib
[2.914s] creating /home/v1/Desktop/Beizo/arm_ws/build/roarm_description/build/lib/roarm_description
[2.914s] copying roarm_description/__init__.py -> /home/v1/Desktop/Beizo/arm_ws/build/roarm_description/build/lib/roarm_description
[2.915s] running install
[2.923s] running install_lib
[2.962s] creating /home/v1/Desktop/Beizo/arm_ws/install/roarm_description/lib/python3.12/site-packages/roarm_description
[2.962s] copying /home/v1/Desktop/Beizo/arm_ws/build/roarm_description/build/lib/roarm_description/__init__.py -> /home/v1/Desktop/Beizo/arm_ws/install/roarm_description/lib/python3.12/site-packages/roarm_description
[2.963s] byte-compiling /home/v1/Desktop/Beizo/arm_ws/install/roarm_description/lib/python3.12/site-packages/roarm_description/__init__.py to __init__.cpython-312.pyc
[2.963s] running install_data
[2.963s] creating /home/v1/Desktop/Beizo/arm_ws/install/roarm_description/share/ament_index
[2.964s] creating /home/v1/Desktop/Beizo/arm_ws/install/roarm_description/share/ament_index/resource_index
[2.964s] creating /home/v1/Desktop/Beizo/arm_ws/install/roarm_description/share/ament_index/resource_index/packages
[2.964s] copying resource/roarm_description -> /home/v1/Desktop/Beizo/arm_ws/install/roarm_description/share/ament_index/resource_index/packages
[2.964s] copying package.xml -> /home/v1/Desktop/Beizo/arm_ws/install/roarm_description/share/roarm_description
[2.965s] creating /home/v1/Desktop/Beizo/arm_ws/install/roarm_description/share/roarm_description/launch
[2.965s] copying launch/display.launch.py -> /home/v1/Desktop/Beizo/arm_ws/install/roarm_description/share/roarm_description/launch
[2.965s] creating /home/v1/Desktop/Beizo/arm_ws/install/roarm_description/share/roarm_description/urdf
[2.965s] copying urdf/roarm_m3_moveit.xacro -> /home/v1/Desktop/Beizo/arm_ws/install/roarm_description/share/roarm_description/urdf
[2.965s] copying urdf/roarm_m3_description.xacro -> /home/v1/Desktop/Beizo/arm_ws/install/roarm_description/share/roarm_description/urdf
[2.965s] creating /home/v1/Desktop/Beizo/arm_ws/install/roarm_description/share/roarm_description/urdf/roarm_m3
[2.966s] copying urdf/roarm_m3/roarm_m3.xacro -> /home/v1/Desktop/Beizo/arm_ws/install/roarm_description/share/roarm_description/urdf/roarm_m3
[2.966s] copying urdf/roarm_m3/roarm_m3.gazebo -> /home/v1/Desktop/Beizo/arm_ws/install/roarm_description/share/roarm_description/urdf/roarm_m3
[2.966s] copying urdf/roarm_m3/roarm_m3.trans -> /home/v1/Desktop/Beizo/arm_ws/install/roarm_description/share/roarm_description/urdf/roarm_m3
[2.966s] copying urdf/roarm_m3/materials.xacro -> /home/v1/Desktop/Beizo/arm_ws/install/roarm_description/share/roarm_description/urdf/roarm_m3
[2.966s] creating /home/v1/Desktop/Beizo/arm_ws/install/roarm_description/share/roarm_description/meshes
[2.966s] creating /home/v1/Desktop/Beizo/arm_ws/install/roarm_description/share/roarm_description/meshes/roarm_m3
[2.966s] copying meshes/roarm_m3/link1.stl -> /home/v1/Desktop/Beizo/arm_ws/install/roarm_description/share/roarm_description/meshes/roarm_m3
[2.966s] copying meshes/roarm_m3/link2.stl -> /home/v1/Desktop/Beizo/arm_ws/install/roarm_description/share/roarm_description/meshes/roarm_m3
[2.966s] copying meshes/roarm_m3/link3.stl -> /home/v1/Desktop/Beizo/arm_ws/install/roarm_description/share/roarm_description/meshes/roarm_m3
[2.966s] copying meshes/roarm_m3/base_link.stl -> /home/v1/Desktop/Beizo/arm_ws/install/roarm_description/share/roarm_description/meshes/roarm_m3
[2.967s] copying meshes/roarm_m3/gripper_left_link.stl -> /home/v1/Desktop/Beizo/arm_ws/install/roarm_description/share/roarm_description/meshes/roarm_m3
[2.967s] copying meshes/roarm_m3/link4.stl -> /home/v1/Desktop/Beizo/arm_ws/install/roarm_description/share/roarm_description/meshes/roarm_m3
[2.967s] copying meshes/roarm_m3/gripper_link.stl -> /home/v1/Desktop/Beizo/arm_ws/install/roarm_description/share/roarm_description/meshes/roarm_m3
[2.968s] copying meshes/roarm_m3/link5.stl -> /home/v1/Desktop/Beizo/arm_ws/install/roarm_description/share/roarm_description/meshes/roarm_m3
[2.969s] creating /home/v1/Desktop/Beizo/arm_ws/install/roarm_description/share/roarm_description/rviz
[2.969s] copying rviz/view_description.rviz -> /home/v1/Desktop/Beizo/arm_ws/install/roarm_description/share/roarm_description/rviz
[2.969s] running install_egg_info
[3.013s] Copying ../../build/roarm_description/roarm_description.egg-info to /home/v1/Desktop/Beizo/arm_ws/install/roarm_description/lib/python3.12/site-packages/roarm_description-0.0.1-py3.12.egg-info
[3.017s] running install_scripts
[3.247s] writing list of installed files to '/home/v1/Desktop/Beizo/arm_ws/build/roarm_description/install.log'
[3.336s] Invoked command in '/home/v1/Desktop/Beizo/arm_ws/src/roarm_description' returned '0': DEBUGINFOD_URLS=https://debuginfod.ubuntu.com PYTHONPATH=/home/v1/Desktop/Beizo/arm_ws/build/roarm_description/prefix_override:/usr/lib/python3/dist-packages/colcon_core/task/python/colcon_distutils_commands:/home/v1/Desktop/Beizo/arm_ws/install/roarm_description/lib/python3.12/site-packages:${PYTHONPATH} /usr/bin/python3 -W ignore:setup.py install is deprecated -W ignore:easy_install command is deprecated setup.py egg_info --egg-base ../../build/roarm_description build --build-base /home/v1/Desktop/Beizo/arm_ws/build/roarm_description/build install --record /home/v1/Desktop/Beizo/arm_ws/build/roarm_description/install.log --single-version-externally-managed install_data
