[0.140s] DEBUG:colcon:Command line arguments: ['/usr/bin/colcon', 'build']
[0.140s] DEBUG:colcon:Parsed command line arguments: Namespace(log_base=None, log_level=None, verb_name='build', build_base='build', install_base='install', merge_install=False, symlink_install=False, test_result_base=None, continue_on_error=False, executor='parallel', parallel_workers=8, event_handlers=None, ignore_user_meta=False, metas=['./colcon.meta'], base_paths=['.'], packages_ignore=None, packages_ignore_regex=None, paths=None, packages_up_to=None, packages_up_to_regex=None, packages_above=None, packages_above_and_dependencies=None, packages_above_depth=None, packages_select_by_dep=None, packages_skip_by_dep=None, packages_skip_up_to=None, packages_select_build_failed=False, packages_skip_build_finished=False, packages_select_test_failures=False, packages_skip_test_passed=False, packages_select=None, packages_skip=None, packages_select_regex=None, packages_skip_regex=None, packages_start=None, packages_end=None, allow_overriding=[], cmake_args=None, cmake_target=None, cmake_target_skip_unavailable=False, cmake_clean_cache=False, cmake_clean_first=False, cmake_force_configure=False, ament_cmake_args=None, catkin_cmake_args=None, catkin_skip_building_tests=False, mixin_files=None, mixin=None, verb_parser=<colcon_mixin.mixin.mixin_argument.MixinArgumentDecorator object at 0x77fb549d1430>, verb_extension=<colcon_core.verb.build.BuildVerb object at 0x77fb54951010>, main=<bound method BuildVerb.main of <colcon_core.verb.build.BuildVerb object at 0x77fb54951010>>, mixin_verb=('build',))
[0.179s] Level 1:colcon.colcon_core.package_discovery:discover_packages(colcon_meta) check parameters
[0.179s] Level 1:colcon.colcon_core.package_discovery:discover_packages(recursive) check parameters
[0.179s] Level 1:colcon.colcon_core.package_discovery:discover_packages(ignore) check parameters
[0.179s] Level 1:colcon.colcon_core.package_discovery:discover_packages(path) check parameters
[0.179s] Level 1:colcon.colcon_core.package_discovery:discover_packages(colcon_meta) discover
[0.180s] Level 1:colcon.colcon_core.package_discovery:discover_packages(recursive) discover
[0.180s] INFO:colcon.colcon_core.package_discovery:Crawling recursively for packages in '/home/v1/Desktop/Beizo/arm_ws'
[0.180s] Level 1:colcon.colcon_core.package_identification:_identify(.) by extensions ['ignore', 'ignore_ament_install']
[0.180s] Level 1:colcon.colcon_core.package_identification:_identify(.) by extension 'ignore'
[0.180s] Level 1:colcon.colcon_core.package_identification:_identify(.) by extension 'ignore_ament_install'
[0.180s] Level 1:colcon.colcon_core.package_identification:_identify(.) by extensions ['colcon_pkg']
[0.180s] Level 1:colcon.colcon_core.package_identification:_identify(.) by extension 'colcon_pkg'
[0.180s] Level 1:colcon.colcon_core.package_identification:_identify(.) by extensions ['colcon_meta']
[0.180s] Level 1:colcon.colcon_core.package_identification:_identify(.) by extension 'colcon_meta'
[0.180s] Level 1:colcon.colcon_core.package_identification:_identify(.) by extensions ['ros']
[0.180s] Level 1:colcon.colcon_core.package_identification:_identify(.) by extension 'ros'
[0.207s] Level 1:colcon.colcon_core.package_identification:_identify(.) by extensions ['cmake', 'python']
[0.207s] Level 1:colcon.colcon_core.package_identification:_identify(.) by extension 'cmake'
[0.207s] Level 1:colcon.colcon_core.package_identification:_identify(.) by extension 'python'
[0.207s] Level 1:colcon.colcon_core.package_identification:_identify(.) by extensions ['python_setup_py']
[0.207s] Level 1:colcon.colcon_core.package_identification:_identify(.) by extension 'python_setup_py'
[0.207s] Level 1:colcon.colcon_core.package_identification:_identify(build) by extensions ['ignore', 'ignore_ament_install']
[0.207s] Level 1:colcon.colcon_core.package_identification:_identify(build) by extension 'ignore'
[0.207s] Level 1:colcon.colcon_core.package_identification:_identify(build) ignored
[0.207s] Level 1:colcon.colcon_core.package_identification:_identify(install) by extensions ['ignore', 'ignore_ament_install']
[0.208s] Level 1:colcon.colcon_core.package_identification:_identify(install) by extension 'ignore'
[0.208s] Level 1:colcon.colcon_core.package_identification:_identify(install) ignored
[0.208s] Level 1:colcon.colcon_core.package_identification:_identify(log) by extensions ['ignore', 'ignore_ament_install']
[0.208s] Level 1:colcon.colcon_core.package_identification:_identify(log) by extension 'ignore'
[0.208s] Level 1:colcon.colcon_core.package_identification:_identify(log) ignored
[0.208s] Level 1:colcon.colcon_core.package_identification:_identify(src) by extensions ['ignore', 'ignore_ament_install']
[0.208s] Level 1:colcon.colcon_core.package_identification:_identify(src) by extension 'ignore'
[0.208s] Level 1:colcon.colcon_core.package_identification:_identify(src) by extension 'ignore_ament_install'
[0.208s] Level 1:colcon.colcon_core.package_identification:_identify(src) by extensions ['colcon_pkg']
[0.208s] Level 1:colcon.colcon_core.package_identification:_identify(src) by extension 'colcon_pkg'
[0.208s] Level 1:colcon.colcon_core.package_identification:_identify(src) by extensions ['colcon_meta']
[0.208s] Level 1:colcon.colcon_core.package_identification:_identify(src) by extension 'colcon_meta'
[0.208s] Level 1:colcon.colcon_core.package_identification:_identify(src) by extensions ['ros']
[0.209s] Level 1:colcon.colcon_core.package_identification:_identify(src) by extension 'ros'
[0.209s] Level 1:colcon.colcon_core.package_identification:_identify(src) by extensions ['cmake', 'python']
[0.209s] Level 1:colcon.colcon_core.package_identification:_identify(src) by extension 'cmake'
[0.209s] Level 1:colcon.colcon_core.package_identification:_identify(src) by extension 'python'
[0.209s] Level 1:colcon.colcon_core.package_identification:_identify(src) by extensions ['python_setup_py']
[0.209s] Level 1:colcon.colcon_core.package_identification:_identify(src) by extension 'python_setup_py'
[0.209s] Level 1:colcon.colcon_core.package_identification:_identify(src/roarm_description) by extensions ['ignore', 'ignore_ament_install']
[0.209s] Level 1:colcon.colcon_core.package_identification:_identify(src/roarm_description) by extension 'ignore'
[0.209s] Level 1:colcon.colcon_core.package_identification:_identify(src/roarm_description) by extension 'ignore_ament_install'
[0.209s] Level 1:colcon.colcon_core.package_identification:_identify(src/roarm_description) by extensions ['colcon_pkg']
[0.209s] Level 1:colcon.colcon_core.package_identification:_identify(src/roarm_description) by extension 'colcon_pkg'
[0.209s] Level 1:colcon.colcon_core.package_identification:_identify(src/roarm_description) by extensions ['colcon_meta']
[0.209s] Level 1:colcon.colcon_core.package_identification:_identify(src/roarm_description) by extension 'colcon_meta'
[0.209s] Level 1:colcon.colcon_core.package_identification:_identify(src/roarm_description) by extensions ['ros']
[0.209s] Level 1:colcon.colcon_core.package_identification:_identify(src/roarm_description) by extension 'ros'
[0.212s] DEBUG:colcon.colcon_core.package_identification:Package 'src/roarm_description' with type 'ros.ament_python' and name 'roarm_description'
[0.212s] Level 1:colcon.colcon_core.package_identification:_identify(src/roarm_driver) by extensions ['ignore', 'ignore_ament_install']
[0.212s] Level 1:colcon.colcon_core.package_identification:_identify(src/roarm_driver) by extension 'ignore'
[0.212s] Level 1:colcon.colcon_core.package_identification:_identify(src/roarm_driver) by extension 'ignore_ament_install'
[0.212s] Level 1:colcon.colcon_core.package_identification:_identify(src/roarm_driver) by extensions ['colcon_pkg']
[0.212s] Level 1:colcon.colcon_core.package_identification:_identify(src/roarm_driver) by extension 'colcon_pkg'
[0.212s] Level 1:colcon.colcon_core.package_identification:_identify(src/roarm_driver) by extensions ['colcon_meta']
[0.212s] Level 1:colcon.colcon_core.package_identification:_identify(src/roarm_driver) by extension 'colcon_meta'
[0.212s] Level 1:colcon.colcon_core.package_identification:_identify(src/roarm_driver) by extensions ['ros']
[0.212s] Level 1:colcon.colcon_core.package_identification:_identify(src/roarm_driver) by extension 'ros'
[0.213s] DEBUG:colcon.colcon_core.package_identification:Package 'src/roarm_driver' with type 'ros.ament_python' and name 'roarm_driver'
[0.213s] Level 1:colcon.colcon_core.package_identification:_identify(src/roarm_moveit_cmd) by extensions ['ignore', 'ignore_ament_install']
[0.213s] Level 1:colcon.colcon_core.package_identification:_identify(src/roarm_moveit_cmd) by extension 'ignore'
[0.213s] Level 1:colcon.colcon_core.package_identification:_identify(src/roarm_moveit_cmd) by extension 'ignore_ament_install'
[0.213s] Level 1:colcon.colcon_core.package_identification:_identify(src/roarm_moveit_cmd) by extensions ['colcon_pkg']
[0.214s] Level 1:colcon.colcon_core.package_identification:_identify(src/roarm_moveit_cmd) by extension 'colcon_pkg'
[0.214s] Level 1:colcon.colcon_core.package_identification:_identify(src/roarm_moveit_cmd) by extensions ['colcon_meta']
[0.214s] Level 1:colcon.colcon_core.package_identification:_identify(src/roarm_moveit_cmd) by extension 'colcon_meta'
[0.214s] Level 1:colcon.colcon_core.package_identification:_identify(src/roarm_moveit_cmd) by extensions ['ros']
[0.214s] Level 1:colcon.colcon_core.package_identification:_identify(src/roarm_moveit_cmd) by extension 'ros'
[0.214s] DEBUG:colcon.colcon_core.package_identification:Package 'src/roarm_moveit_cmd' with type 'ros.ament_python' and name 'roarm_moveit_cmd'
[0.214s] Level 1:colcon.colcon_core.package_identification:_identify(src/roarm_moveit_config) by extensions ['ignore', 'ignore_ament_install']
[0.214s] Level 1:colcon.colcon_core.package_identification:_identify(src/roarm_moveit_config) by extension 'ignore'
[0.215s] Level 1:colcon.colcon_core.package_identification:_identify(src/roarm_moveit_config) by extension 'ignore_ament_install'
[0.215s] Level 1:colcon.colcon_core.package_identification:_identify(src/roarm_moveit_config) by extensions ['colcon_pkg']
[0.215s] Level 1:colcon.colcon_core.package_identification:_identify(src/roarm_moveit_config) by extension 'colcon_pkg'
[0.215s] Level 1:colcon.colcon_core.package_identification:_identify(src/roarm_moveit_config) by extensions ['colcon_meta']
[0.215s] Level 1:colcon.colcon_core.package_identification:_identify(src/roarm_moveit_config) by extension 'colcon_meta'
[0.215s] Level 1:colcon.colcon_core.package_identification:_identify(src/roarm_moveit_config) by extensions ['ros']
[0.215s] Level 1:colcon.colcon_core.package_identification:_identify(src/roarm_moveit_config) by extension 'ros'
[0.215s] DEBUG:colcon.colcon_core.package_identification:Package 'src/roarm_moveit_config' with type 'ros.ament_cmake' and name 'roarm_moveit_config'
[0.215s] Level 1:colcon.colcon_core.package_identification:_identify(src/roarm_msgs) by extensions ['ignore', 'ignore_ament_install']
[0.216s] Level 1:colcon.colcon_core.package_identification:_identify(src/roarm_msgs) by extension 'ignore'
[0.216s] Level 1:colcon.colcon_core.package_identification:_identify(src/roarm_msgs) by extension 'ignore_ament_install'
[0.216s] Level 1:colcon.colcon_core.package_identification:_identify(src/roarm_msgs) by extensions ['colcon_pkg']
[0.216s] Level 1:colcon.colcon_core.package_identification:_identify(src/roarm_msgs) by extension 'colcon_pkg'
[0.216s] Level 1:colcon.colcon_core.package_identification:_identify(src/roarm_msgs) by extensions ['colcon_meta']
[0.216s] Level 1:colcon.colcon_core.package_identification:_identify(src/roarm_msgs) by extension 'colcon_meta'
[0.216s] Level 1:colcon.colcon_core.package_identification:_identify(src/roarm_msgs) by extensions ['ros']
[0.216s] Level 1:colcon.colcon_core.package_identification:_identify(src/roarm_msgs) by extension 'ros'
[0.216s] DEBUG:colcon.colcon_core.package_identification:Package 'src/roarm_msgs' with type 'ros.ament_cmake' and name 'roarm_msgs'
[0.216s] Level 1:colcon.colcon_core.package_discovery:discover_packages(recursive) using defaults
[0.217s] Level 1:colcon.colcon_core.package_discovery:discover_packages(ignore) discover
[0.217s] Level 1:colcon.colcon_core.package_discovery:discover_packages(ignore) using defaults
[0.217s] Level 1:colcon.colcon_core.package_discovery:discover_packages(path) discover
[0.217s] Level 1:colcon.colcon_core.package_discovery:discover_packages(path) using defaults
[0.236s] Level 1:colcon.colcon_core.package_discovery:discover_packages(prefix_path) check parameters
[0.236s] Level 1:colcon.colcon_core.package_discovery:discover_packages(prefix_path) discover
[0.238s] DEBUG:colcon.colcon_installed_package_information.package_discovery:Found 5 installed packages in /home/v1/Desktop/Beizo/arm_ws/install
[0.240s] DEBUG:colcon.colcon_installed_package_information.package_discovery:Found 420 installed packages in /opt/ros/jazzy
[0.241s] Level 1:colcon.colcon_core.package_discovery:discover_packages(prefix_path) using defaults
[0.313s] Level 5:colcon.colcon_core.verb:set package 'roarm_description' build argument 'cmake_args' from command line to 'None'
[0.313s] Level 5:colcon.colcon_core.verb:set package 'roarm_description' build argument 'cmake_target' from command line to 'None'
[0.313s] Level 5:colcon.colcon_core.verb:set package 'roarm_description' build argument 'cmake_target_skip_unavailable' from command line to 'False'
[0.313s] Level 5:colcon.colcon_core.verb:set package 'roarm_description' build argument 'cmake_clean_cache' from command line to 'False'
[0.313s] Level 5:colcon.colcon_core.verb:set package 'roarm_description' build argument 'cmake_clean_first' from command line to 'False'
[0.313s] Level 5:colcon.colcon_core.verb:set package 'roarm_description' build argument 'cmake_force_configure' from command line to 'False'
[0.313s] Level 5:colcon.colcon_core.verb:set package 'roarm_description' build argument 'ament_cmake_args' from command line to 'None'
[0.313s] Level 5:colcon.colcon_core.verb:set package 'roarm_description' build argument 'catkin_cmake_args' from command line to 'None'
[0.313s] Level 5:colcon.colcon_core.verb:set package 'roarm_description' build argument 'catkin_skip_building_tests' from command line to 'False'
[0.313s] DEBUG:colcon.colcon_core.verb:Building package 'roarm_description' with the following arguments: {'ament_cmake_args': None, 'build_base': '/home/v1/Desktop/Beizo/arm_ws/build/roarm_description', 'catkin_cmake_args': None, 'catkin_skip_building_tests': False, 'cmake_args': None, 'cmake_clean_cache': False, 'cmake_clean_first': False, 'cmake_force_configure': False, 'cmake_target': None, 'cmake_target_skip_unavailable': False, 'install_base': '/home/v1/Desktop/Beizo/arm_ws/install/roarm_description', 'merge_install': False, 'path': '/home/v1/Desktop/Beizo/arm_ws/src/roarm_description', 'symlink_install': False, 'test_result_base': None}
[0.314s] Level 5:colcon.colcon_core.verb:set package 'roarm_driver' build argument 'cmake_args' from command line to 'None'
[0.314s] Level 5:colcon.colcon_core.verb:set package 'roarm_driver' build argument 'cmake_target' from command line to 'None'
[0.314s] Level 5:colcon.colcon_core.verb:set package 'roarm_driver' build argument 'cmake_target_skip_unavailable' from command line to 'False'
[0.314s] Level 5:colcon.colcon_core.verb:set package 'roarm_driver' build argument 'cmake_clean_cache' from command line to 'False'
[0.314s] Level 5:colcon.colcon_core.verb:set package 'roarm_driver' build argument 'cmake_clean_first' from command line to 'False'
[0.314s] Level 5:colcon.colcon_core.verb:set package 'roarm_driver' build argument 'cmake_force_configure' from command line to 'False'
[0.314s] Level 5:colcon.colcon_core.verb:set package 'roarm_driver' build argument 'ament_cmake_args' from command line to 'None'
[0.314s] Level 5:colcon.colcon_core.verb:set package 'roarm_driver' build argument 'catkin_cmake_args' from command line to 'None'
[0.314s] Level 5:colcon.colcon_core.verb:set package 'roarm_driver' build argument 'catkin_skip_building_tests' from command line to 'False'
[0.314s] DEBUG:colcon.colcon_core.verb:Building package 'roarm_driver' with the following arguments: {'ament_cmake_args': None, 'build_base': '/home/v1/Desktop/Beizo/arm_ws/build/roarm_driver', 'catkin_cmake_args': None, 'catkin_skip_building_tests': False, 'cmake_args': None, 'cmake_clean_cache': False, 'cmake_clean_first': False, 'cmake_force_configure': False, 'cmake_target': None, 'cmake_target_skip_unavailable': False, 'install_base': '/home/v1/Desktop/Beizo/arm_ws/install/roarm_driver', 'merge_install': False, 'path': '/home/v1/Desktop/Beizo/arm_ws/src/roarm_driver', 'symlink_install': False, 'test_result_base': None}
[0.314s] Level 5:colcon.colcon_core.verb:set package 'roarm_msgs' build argument 'cmake_args' from command line to 'None'
[0.314s] Level 5:colcon.colcon_core.verb:set package 'roarm_msgs' build argument 'cmake_target' from command line to 'None'
[0.314s] Level 5:colcon.colcon_core.verb:set package 'roarm_msgs' build argument 'cmake_target_skip_unavailable' from command line to 'False'
[0.314s] Level 5:colcon.colcon_core.verb:set package 'roarm_msgs' build argument 'cmake_clean_cache' from command line to 'False'
[0.314s] Level 5:colcon.colcon_core.verb:set package 'roarm_msgs' build argument 'cmake_clean_first' from command line to 'False'
[0.314s] Level 5:colcon.colcon_core.verb:set package 'roarm_msgs' build argument 'cmake_force_configure' from command line to 'False'
[0.314s] Level 5:colcon.colcon_core.verb:set package 'roarm_msgs' build argument 'ament_cmake_args' from command line to 'None'
[0.314s] Level 5:colcon.colcon_core.verb:set package 'roarm_msgs' build argument 'catkin_cmake_args' from command line to 'None'
[0.314s] Level 5:colcon.colcon_core.verb:set package 'roarm_msgs' build argument 'catkin_skip_building_tests' from command line to 'False'
[0.314s] DEBUG:colcon.colcon_core.verb:Building package 'roarm_msgs' with the following arguments: {'ament_cmake_args': None, 'build_base': '/home/v1/Desktop/Beizo/arm_ws/build/roarm_msgs', 'catkin_cmake_args': None, 'catkin_skip_building_tests': False, 'cmake_args': None, 'cmake_clean_cache': False, 'cmake_clean_first': False, 'cmake_force_configure': False, 'cmake_target': None, 'cmake_target_skip_unavailable': False, 'install_base': '/home/v1/Desktop/Beizo/arm_ws/install/roarm_msgs', 'merge_install': False, 'path': '/home/v1/Desktop/Beizo/arm_ws/src/roarm_msgs', 'symlink_install': False, 'test_result_base': None}
[0.315s] Level 5:colcon.colcon_core.verb:set package 'roarm_moveit_cmd' build argument 'cmake_args' from command line to 'None'
[0.315s] Level 5:colcon.colcon_core.verb:set package 'roarm_moveit_cmd' build argument 'cmake_target' from command line to 'None'
[0.315s] Level 5:colcon.colcon_core.verb:set package 'roarm_moveit_cmd' build argument 'cmake_target_skip_unavailable' from command line to 'False'
[0.315s] Level 5:colcon.colcon_core.verb:set package 'roarm_moveit_cmd' build argument 'cmake_clean_cache' from command line to 'False'
[0.315s] Level 5:colcon.colcon_core.verb:set package 'roarm_moveit_cmd' build argument 'cmake_clean_first' from command line to 'False'
[0.315s] Level 5:colcon.colcon_core.verb:set package 'roarm_moveit_cmd' build argument 'cmake_force_configure' from command line to 'False'
[0.315s] Level 5:colcon.colcon_core.verb:set package 'roarm_moveit_cmd' build argument 'ament_cmake_args' from command line to 'None'
[0.315s] Level 5:colcon.colcon_core.verb:set package 'roarm_moveit_cmd' build argument 'catkin_cmake_args' from command line to 'None'
[0.315s] Level 5:colcon.colcon_core.verb:set package 'roarm_moveit_cmd' build argument 'catkin_skip_building_tests' from command line to 'False'
[0.315s] DEBUG:colcon.colcon_core.verb:Building package 'roarm_moveit_cmd' with the following arguments: {'ament_cmake_args': None, 'build_base': '/home/v1/Desktop/Beizo/arm_ws/build/roarm_moveit_cmd', 'catkin_cmake_args': None, 'catkin_skip_building_tests': False, 'cmake_args': None, 'cmake_clean_cache': False, 'cmake_clean_first': False, 'cmake_force_configure': False, 'cmake_target': None, 'cmake_target_skip_unavailable': False, 'install_base': '/home/v1/Desktop/Beizo/arm_ws/install/roarm_moveit_cmd', 'merge_install': False, 'path': '/home/v1/Desktop/Beizo/arm_ws/src/roarm_moveit_cmd', 'symlink_install': False, 'test_result_base': None}
[0.315s] Level 5:colcon.colcon_core.verb:set package 'roarm_moveit_config' build argument 'cmake_args' from command line to 'None'
[0.315s] Level 5:colcon.colcon_core.verb:set package 'roarm_moveit_config' build argument 'cmake_target' from command line to 'None'
[0.315s] Level 5:colcon.colcon_core.verb:set package 'roarm_moveit_config' build argument 'cmake_target_skip_unavailable' from command line to 'False'
[0.315s] Level 5:colcon.colcon_core.verb:set package 'roarm_moveit_config' build argument 'cmake_clean_cache' from command line to 'False'
[0.315s] Level 5:colcon.colcon_core.verb:set package 'roarm_moveit_config' build argument 'cmake_clean_first' from command line to 'False'
[0.315s] Level 5:colcon.colcon_core.verb:set package 'roarm_moveit_config' build argument 'cmake_force_configure' from command line to 'False'
[0.315s] Level 5:colcon.colcon_core.verb:set package 'roarm_moveit_config' build argument 'ament_cmake_args' from command line to 'None'
[0.315s] Level 5:colcon.colcon_core.verb:set package 'roarm_moveit_config' build argument 'catkin_cmake_args' from command line to 'None'
[0.315s] Level 5:colcon.colcon_core.verb:set package 'roarm_moveit_config' build argument 'catkin_skip_building_tests' from command line to 'False'
[0.315s] DEBUG:colcon.colcon_core.verb:Building package 'roarm_moveit_config' with the following arguments: {'ament_cmake_args': None, 'build_base': '/home/v1/Desktop/Beizo/arm_ws/build/roarm_moveit_config', 'catkin_cmake_args': None, 'catkin_skip_building_tests': False, 'cmake_args': None, 'cmake_clean_cache': False, 'cmake_clean_first': False, 'cmake_force_configure': False, 'cmake_target': None, 'cmake_target_skip_unavailable': False, 'install_base': '/home/v1/Desktop/Beizo/arm_ws/install/roarm_moveit_config', 'merge_install': False, 'path': '/home/v1/Desktop/Beizo/arm_ws/src/roarm_moveit_config', 'symlink_install': False, 'test_result_base': None}
[0.316s] INFO:colcon.colcon_core.executor:Executing jobs using 'parallel' executor
[0.317s] DEBUG:colcon.colcon_parallel_executor.executor.parallel:run_until_complete
[0.317s] INFO:colcon.colcon_ros.task.ament_python.build:Building ROS package in '/home/v1/Desktop/Beizo/arm_ws/src/roarm_description' with build type 'ament_python'
[0.317s] Level 1:colcon.colcon_core.shell:create_environment_hook('roarm_description', 'ament_prefix_path')
[0.320s] INFO:colcon.colcon_core.plugin_system:Skipping extension 'colcon_core.shell.bat': Not used on non-Windows systems
[0.320s] INFO:colcon.colcon_core.shell:Creating environment hook '/home/v1/Desktop/Beizo/arm_ws/install/roarm_description/share/roarm_description/hook/ament_prefix_path.ps1'
[0.321s] INFO:colcon.colcon_core.shell:Creating environment descriptor '/home/v1/Desktop/Beizo/arm_ws/install/roarm_description/share/roarm_description/hook/ament_prefix_path.dsv'
[0.321s] INFO:colcon.colcon_core.shell:Creating environment hook '/home/v1/Desktop/Beizo/arm_ws/install/roarm_description/share/roarm_description/hook/ament_prefix_path.sh'
[0.322s] INFO:colcon.colcon_core.shell:Skip shell extension 'powershell' for command environment: Not usable outside of PowerShell
[0.322s] DEBUG:colcon.colcon_core.shell:Skip shell extension 'dsv' for command environment
[0.326s] INFO:colcon.colcon_ros.task.ament_cmake.build:Building ROS package in '/home/v1/Desktop/Beizo/arm_ws/src/roarm_msgs' with build type 'ament_cmake'
[0.327s] INFO:colcon.colcon_cmake.task.cmake.build:Building CMake package in '/home/v1/Desktop/Beizo/arm_ws/src/roarm_msgs'
[0.327s] INFO:colcon.colcon_core.shell:Skip shell extension 'powershell' for command environment: Not usable outside of PowerShell
[0.327s] DEBUG:colcon.colcon_core.shell:Skip shell extension 'dsv' for command environment
[0.331s] INFO:colcon.colcon_ros.task.ament_python.build:Building ROS package in '/home/v1/Desktop/Beizo/arm_ws/src/roarm_driver' with build type 'ament_python'
[0.331s] Level 1:colcon.colcon_core.shell:create_environment_hook('roarm_driver', 'ament_prefix_path')
[0.331s] INFO:colcon.colcon_core.shell:Creating environment hook '/home/v1/Desktop/Beizo/arm_ws/install/roarm_driver/share/roarm_driver/hook/ament_prefix_path.ps1'
[0.332s] INFO:colcon.colcon_core.shell:Creating environment descriptor '/home/v1/Desktop/Beizo/arm_ws/install/roarm_driver/share/roarm_driver/hook/ament_prefix_path.dsv'
[0.332s] INFO:colcon.colcon_core.shell:Creating environment hook '/home/v1/Desktop/Beizo/arm_ws/install/roarm_driver/share/roarm_driver/hook/ament_prefix_path.sh'
[0.333s] INFO:colcon.colcon_core.shell:Skip shell extension 'powershell' for command environment: Not usable outside of PowerShell
[0.333s] DEBUG:colcon.colcon_core.shell:Skip shell extension 'dsv' for command environment
[0.632s] INFO:colcon.colcon_core.task.python.build:Building Python package in '/home/v1/Desktop/Beizo/arm_ws/src/roarm_description'
[0.632s] INFO:colcon.colcon_core.shell:Skip shell extension 'powershell' for command environment: Not usable outside of PowerShell
[0.632s] DEBUG:colcon.colcon_core.shell:Skip shell extension 'dsv' for command environment
[0.642s] DEBUG:colcon.colcon_core.event_handler.log_command:Invoking command in '/home/v1/Desktop/Beizo/arm_ws/build/roarm_msgs': CMAKE_PREFIX_PATH=${CMAKE_PREFIX_PATH}:/home/v1/Desktop/Beizo/arm_ws/install/roarm_moveit_cmd:/home/v1/Desktop/Beizo/arm_ws/install/roarm_driver:/home/v1/Desktop/Beizo/arm_ws/install/roarm_description:/opt/ros/jazzy DEBUGINFOD_URLS=https://debuginfod.ubuntu.com /usr/bin/cmake --build /home/v1/Desktop/Beizo/arm_ws/build/roarm_msgs -- -j8 -l8
[0.999s] INFO:colcon.colcon_core.task.python.build:Building Python package in '/home/v1/Desktop/Beizo/arm_ws/src/roarm_driver'
[0.999s] INFO:colcon.colcon_core.shell:Skip shell extension 'powershell' for command environment: Not usable outside of PowerShell
[0.999s] DEBUG:colcon.colcon_core.shell:Skip shell extension 'dsv' for command environment
[1.289s] DEBUG:colcon.colcon_core.event_handler.log_command:Invoked command in '/home/v1/Desktop/Beizo/arm_ws/build/roarm_msgs' returned '0': CMAKE_PREFIX_PATH=${CMAKE_PREFIX_PATH}:/home/v1/Desktop/Beizo/arm_ws/install/roarm_moveit_cmd:/home/v1/Desktop/Beizo/arm_ws/install/roarm_driver:/home/v1/Desktop/Beizo/arm_ws/install/roarm_description:/opt/ros/jazzy DEBUGINFOD_URLS=https://debuginfod.ubuntu.com /usr/bin/cmake --build /home/v1/Desktop/Beizo/arm_ws/build/roarm_msgs -- -j8 -l8
[1.300s] DEBUG:colcon.colcon_core.event_handler.log_command:Invoking command in '/home/v1/Desktop/Beizo/arm_ws/build/roarm_msgs': CMAKE_PREFIX_PATH=${CMAKE_PREFIX_PATH}:/home/v1/Desktop/Beizo/arm_ws/install/roarm_moveit_cmd:/home/v1/Desktop/Beizo/arm_ws/install/roarm_driver:/home/v1/Desktop/Beizo/arm_ws/install/roarm_description:/opt/ros/jazzy DEBUGINFOD_URLS=https://debuginfod.ubuntu.com /usr/bin/cmake --install /home/v1/Desktop/Beizo/arm_ws/build/roarm_msgs
[1.376s] Level 1:colcon.colcon_core.environment:create_environment_scripts_only(roarm_msgs)
[1.377s] DEBUG:colcon.colcon_core.event_handler.log_command:Invoked command in '/home/v1/Desktop/Beizo/arm_ws/build/roarm_msgs' returned '0': CMAKE_PREFIX_PATH=${CMAKE_PREFIX_PATH}:/home/v1/Desktop/Beizo/arm_ws/install/roarm_moveit_cmd:/home/v1/Desktop/Beizo/arm_ws/install/roarm_driver:/home/v1/Desktop/Beizo/arm_ws/install/roarm_description:/opt/ros/jazzy DEBUGINFOD_URLS=https://debuginfod.ubuntu.com /usr/bin/cmake --install /home/v1/Desktop/Beizo/arm_ws/build/roarm_msgs
[1.380s] Level 1:colcon.colcon_core.environment:checking '/home/v1/Desktop/Beizo/arm_ws/install/roarm_msgs' for CMake module files
[1.381s] Level 1:colcon.colcon_core.environment:checking '/home/v1/Desktop/Beizo/arm_ws/install/roarm_msgs' for CMake config files
[1.381s] Level 1:colcon.colcon_core.shell:create_environment_hook('roarm_msgs', 'cmake_prefix_path')
[1.381s] INFO:colcon.colcon_core.shell:Creating environment hook '/home/v1/Desktop/Beizo/arm_ws/install/roarm_msgs/share/roarm_msgs/hook/cmake_prefix_path.ps1'
[1.382s] INFO:colcon.colcon_core.shell:Creating environment descriptor '/home/v1/Desktop/Beizo/arm_ws/install/roarm_msgs/share/roarm_msgs/hook/cmake_prefix_path.dsv'
[1.383s] INFO:colcon.colcon_core.shell:Creating environment hook '/home/v1/Desktop/Beizo/arm_ws/install/roarm_msgs/share/roarm_msgs/hook/cmake_prefix_path.sh'
[1.383s] Level 1:colcon.colcon_core.environment:checking '/home/v1/Desktop/Beizo/arm_ws/install/roarm_msgs/lib'
[1.384s] Level 1:colcon.colcon_core.shell:create_environment_hook('roarm_msgs', 'ld_library_path_lib')
[1.384s] INFO:colcon.colcon_core.shell:Creating environment hook '/home/v1/Desktop/Beizo/arm_ws/install/roarm_msgs/share/roarm_msgs/hook/ld_library_path_lib.ps1'
[1.385s] INFO:colcon.colcon_core.shell:Creating environment descriptor '/home/v1/Desktop/Beizo/arm_ws/install/roarm_msgs/share/roarm_msgs/hook/ld_library_path_lib.dsv'
[1.386s] INFO:colcon.colcon_core.shell:Creating environment hook '/home/v1/Desktop/Beizo/arm_ws/install/roarm_msgs/share/roarm_msgs/hook/ld_library_path_lib.sh'
[1.386s] Level 1:colcon.colcon_core.environment:checking '/home/v1/Desktop/Beizo/arm_ws/install/roarm_msgs/bin'
[1.386s] Level 1:colcon.colcon_core.environment:checking '/home/v1/Desktop/Beizo/arm_ws/install/roarm_msgs/lib/pkgconfig/roarm_msgs.pc'
[1.387s] Level 1:colcon.colcon_core.environment:checking '/home/v1/Desktop/Beizo/arm_ws/install/roarm_msgs/lib/python3.12/site-packages'
[1.387s] Level 1:colcon.colcon_core.shell:create_environment_hook('roarm_msgs', 'pythonpath')
[1.387s] INFO:colcon.colcon_core.shell:Creating environment hook '/home/v1/Desktop/Beizo/arm_ws/install/roarm_msgs/share/roarm_msgs/hook/pythonpath.ps1'
[1.388s] INFO:colcon.colcon_core.shell:Creating environment descriptor '/home/v1/Desktop/Beizo/arm_ws/install/roarm_msgs/share/roarm_msgs/hook/pythonpath.dsv'
[1.388s] INFO:colcon.colcon_core.shell:Creating environment hook '/home/v1/Desktop/Beizo/arm_ws/install/roarm_msgs/share/roarm_msgs/hook/pythonpath.sh'
[1.389s] Level 1:colcon.colcon_core.environment:checking '/home/v1/Desktop/Beizo/arm_ws/install/roarm_msgs/bin'
[1.389s] INFO:colcon.colcon_core.shell:Creating package script '/home/v1/Desktop/Beizo/arm_ws/install/roarm_msgs/share/roarm_msgs/package.ps1'
[1.390s] INFO:colcon.colcon_core.shell:Creating package descriptor '/home/v1/Desktop/Beizo/arm_ws/install/roarm_msgs/share/roarm_msgs/package.dsv'
[1.391s] INFO:colcon.colcon_core.shell:Creating package script '/home/v1/Desktop/Beizo/arm_ws/install/roarm_msgs/share/roarm_msgs/package.sh'
[1.391s] INFO:colcon.colcon_core.shell:Creating package script '/home/v1/Desktop/Beizo/arm_ws/install/roarm_msgs/share/roarm_msgs/package.bash'
[1.392s] INFO:colcon.colcon_core.shell:Creating package script '/home/v1/Desktop/Beizo/arm_ws/install/roarm_msgs/share/roarm_msgs/package.zsh'
[1.393s] Level 1:colcon.colcon_core.environment:create_file_with_runtime_dependencies(/home/v1/Desktop/Beizo/arm_ws/install/roarm_msgs/share/colcon-core/packages/roarm_msgs)
[1.394s] Level 1:colcon.colcon_core.environment:create_environment_scripts_only(roarm_msgs)
[1.394s] Level 1:colcon.colcon_core.environment:checking '/home/v1/Desktop/Beizo/arm_ws/install/roarm_msgs' for CMake module files
[1.394s] Level 1:colcon.colcon_core.environment:checking '/home/v1/Desktop/Beizo/arm_ws/install/roarm_msgs' for CMake config files
[1.395s] Level 1:colcon.colcon_core.shell:create_environment_hook('roarm_msgs', 'cmake_prefix_path')
[1.395s] INFO:colcon.colcon_core.shell:Creating environment hook '/home/v1/Desktop/Beizo/arm_ws/install/roarm_msgs/share/roarm_msgs/hook/cmake_prefix_path.ps1'
[1.395s] INFO:colcon.colcon_core.shell:Creating environment descriptor '/home/v1/Desktop/Beizo/arm_ws/install/roarm_msgs/share/roarm_msgs/hook/cmake_prefix_path.dsv'
[1.396s] INFO:colcon.colcon_core.shell:Creating environment hook '/home/v1/Desktop/Beizo/arm_ws/install/roarm_msgs/share/roarm_msgs/hook/cmake_prefix_path.sh'
[1.396s] Level 1:colcon.colcon_core.environment:checking '/home/v1/Desktop/Beizo/arm_ws/install/roarm_msgs/lib'
[1.396s] Level 1:colcon.colcon_core.shell:create_environment_hook('roarm_msgs', 'ld_library_path_lib')
[1.396s] INFO:colcon.colcon_core.shell:Creating environment hook '/home/v1/Desktop/Beizo/arm_ws/install/roarm_msgs/share/roarm_msgs/hook/ld_library_path_lib.ps1'
[1.397s] INFO:colcon.colcon_core.shell:Creating environment descriptor '/home/v1/Desktop/Beizo/arm_ws/install/roarm_msgs/share/roarm_msgs/hook/ld_library_path_lib.dsv'
[1.397s] INFO:colcon.colcon_core.shell:Creating environment hook '/home/v1/Desktop/Beizo/arm_ws/install/roarm_msgs/share/roarm_msgs/hook/ld_library_path_lib.sh'
[1.398s] Level 1:colcon.colcon_core.environment:checking '/home/v1/Desktop/Beizo/arm_ws/install/roarm_msgs/bin'
[1.398s] Level 1:colcon.colcon_core.environment:checking '/home/v1/Desktop/Beizo/arm_ws/install/roarm_msgs/lib/pkgconfig/roarm_msgs.pc'
[1.398s] Level 1:colcon.colcon_core.environment:checking '/home/v1/Desktop/Beizo/arm_ws/install/roarm_msgs/lib/python3.12/site-packages'
[1.398s] Level 1:colcon.colcon_core.shell:create_environment_hook('roarm_msgs', 'pythonpath')
[1.398s] INFO:colcon.colcon_core.shell:Creating environment hook '/home/v1/Desktop/Beizo/arm_ws/install/roarm_msgs/share/roarm_msgs/hook/pythonpath.ps1'
[1.399s] INFO:colcon.colcon_core.shell:Creating environment descriptor '/home/v1/Desktop/Beizo/arm_ws/install/roarm_msgs/share/roarm_msgs/hook/pythonpath.dsv'
[1.399s] INFO:colcon.colcon_core.shell:Creating environment hook '/home/v1/Desktop/Beizo/arm_ws/install/roarm_msgs/share/roarm_msgs/hook/pythonpath.sh'
[1.400s] Level 1:colcon.colcon_core.environment:checking '/home/v1/Desktop/Beizo/arm_ws/install/roarm_msgs/bin'
[1.401s] INFO:colcon.colcon_core.shell:Creating package script '/home/v1/Desktop/Beizo/arm_ws/install/roarm_msgs/share/roarm_msgs/package.ps1'
[1.401s] INFO:colcon.colcon_core.shell:Creating package descriptor '/home/v1/Desktop/Beizo/arm_ws/install/roarm_msgs/share/roarm_msgs/package.dsv'
[1.402s] INFO:colcon.colcon_core.shell:Creating package script '/home/v1/Desktop/Beizo/arm_ws/install/roarm_msgs/share/roarm_msgs/package.sh'
[1.402s] INFO:colcon.colcon_core.shell:Creating package script '/home/v1/Desktop/Beizo/arm_ws/install/roarm_msgs/share/roarm_msgs/package.bash'
[1.403s] INFO:colcon.colcon_core.shell:Creating package script '/home/v1/Desktop/Beizo/arm_ws/install/roarm_msgs/share/roarm_msgs/package.zsh'
[1.403s] Level 1:colcon.colcon_core.environment:create_file_with_runtime_dependencies(/home/v1/Desktop/Beizo/arm_ws/install/roarm_msgs/share/colcon-core/packages/roarm_msgs)
[1.404s] INFO:colcon.colcon_ros.task.ament_python.build:Building ROS package in '/home/v1/Desktop/Beizo/arm_ws/src/roarm_moveit_cmd' with build type 'ament_python'
[1.404s] Level 1:colcon.colcon_core.shell:create_environment_hook('roarm_moveit_cmd', 'ament_prefix_path')
[1.404s] INFO:colcon.colcon_core.shell:Creating environment hook '/home/v1/Desktop/Beizo/arm_ws/install/roarm_moveit_cmd/share/roarm_moveit_cmd/hook/ament_prefix_path.ps1'
[1.405s] INFO:colcon.colcon_core.shell:Creating environment descriptor '/home/v1/Desktop/Beizo/arm_ws/install/roarm_moveit_cmd/share/roarm_moveit_cmd/hook/ament_prefix_path.dsv'
[1.405s] INFO:colcon.colcon_core.shell:Creating environment hook '/home/v1/Desktop/Beizo/arm_ws/install/roarm_moveit_cmd/share/roarm_moveit_cmd/hook/ament_prefix_path.sh'
[1.406s] INFO:colcon.colcon_core.shell:Skip shell extension 'powershell' for command environment: Not usable outside of PowerShell
[1.406s] DEBUG:colcon.colcon_core.shell:Skip shell extension 'dsv' for command environment
[1.771s] INFO:colcon.colcon_core.task.python.build:Building Python package in '/home/v1/Desktop/Beizo/arm_ws/src/roarm_moveit_cmd'
[1.772s] INFO:colcon.colcon_core.shell:Skip shell extension 'powershell' for command environment: Not usable outside of PowerShell
[1.772s] DEBUG:colcon.colcon_core.shell:Skip shell extension 'dsv' for command environment
[2.300s] DEBUG:colcon.colcon_core.event_handler.log_command:Invoking command in '/home/v1/Desktop/Beizo/arm_ws/src/roarm_driver': DEBUGINFOD_URLS=https://debuginfod.ubuntu.com PYTHONPATH=/home/v1/Desktop/Beizo/arm_ws/build/roarm_driver/prefix_override:/usr/lib/python3/dist-packages/colcon_core/task/python/colcon_distutils_commands:/home/v1/Desktop/Beizo/arm_ws/install/roarm_driver/lib/python3.12/site-packages:${PYTHONPATH} /usr/bin/python3 -W ignore:setup.py install is deprecated -W ignore:easy_install command is deprecated setup.py egg_info --egg-base ../../build/roarm_driver build --build-base /home/v1/Desktop/Beizo/arm_ws/build/roarm_driver/build install --record /home/v1/Desktop/Beizo/arm_ws/build/roarm_driver/install.log --single-version-externally-managed install_data
[2.334s] DEBUG:colcon.colcon_core.event_handler.log_command:Invoking command in '/home/v1/Desktop/Beizo/arm_ws/src/roarm_description': DEBUGINFOD_URLS=https://debuginfod.ubuntu.com PYTHONPATH=/home/v1/Desktop/Beizo/arm_ws/build/roarm_description/prefix_override:/usr/lib/python3/dist-packages/colcon_core/task/python/colcon_distutils_commands:/home/v1/Desktop/Beizo/arm_ws/install/roarm_description/lib/python3.12/site-packages:${PYTHONPATH} /usr/bin/python3 -W ignore:setup.py install is deprecated -W ignore:easy_install command is deprecated setup.py egg_info --egg-base ../../build/roarm_description build --build-base /home/v1/Desktop/Beizo/arm_ws/build/roarm_description/build install --record /home/v1/Desktop/Beizo/arm_ws/build/roarm_description/install.log --single-version-externally-managed install_data
[3.581s] DEBUG:colcon.colcon_core.event_handler.log_command:Invoking command in '/home/v1/Desktop/Beizo/arm_ws/src/roarm_moveit_cmd': DEBUGINFOD_URLS=https://debuginfod.ubuntu.com PYTHONPATH=/home/v1/Desktop/Beizo/arm_ws/build/roarm_moveit_cmd/prefix_override:/usr/lib/python3/dist-packages/colcon_core/task/python/colcon_distutils_commands:/home/v1/Desktop/Beizo/arm_ws/install/roarm_moveit_cmd/lib/python3.12/site-packages:${PYTHONPATH} /usr/bin/python3 -W ignore:setup.py install is deprecated -W ignore:easy_install command is deprecated setup.py egg_info --egg-base ../../build/roarm_moveit_cmd build --build-base /home/v1/Desktop/Beizo/arm_ws/build/roarm_moveit_cmd/build install --record /home/v1/Desktop/Beizo/arm_ws/build/roarm_moveit_cmd/install.log --single-version-externally-managed install_data
[3.770s] Level 1:colcon.colcon_core.environment:checking '/home/v1/Desktop/Beizo/arm_ws/install/roarm_driver' for CMake module files
[3.771s] DEBUG:colcon.colcon_core.event_handler.log_command:Invoked command in '/home/v1/Desktop/Beizo/arm_ws/src/roarm_driver' returned '0': DEBUGINFOD_URLS=https://debuginfod.ubuntu.com PYTHONPATH=/home/v1/Desktop/Beizo/arm_ws/build/roarm_driver/prefix_override:/usr/lib/python3/dist-packages/colcon_core/task/python/colcon_distutils_commands:/home/v1/Desktop/Beizo/arm_ws/install/roarm_driver/lib/python3.12/site-packages:${PYTHONPATH} /usr/bin/python3 -W ignore:setup.py install is deprecated -W ignore:easy_install command is deprecated setup.py egg_info --egg-base ../../build/roarm_driver build --build-base /home/v1/Desktop/Beizo/arm_ws/build/roarm_driver/build install --record /home/v1/Desktop/Beizo/arm_ws/build/roarm_driver/install.log --single-version-externally-managed install_data
[3.771s] Level 1:colcon.colcon_core.environment:checking '/home/v1/Desktop/Beizo/arm_ws/install/roarm_driver' for CMake config files
[3.772s] Level 1:colcon.colcon_core.environment:checking '/home/v1/Desktop/Beizo/arm_ws/install/roarm_driver/lib'
[3.773s] Level 1:colcon.colcon_core.environment:checking '/home/v1/Desktop/Beizo/arm_ws/install/roarm_driver/bin'
[3.773s] Level 1:colcon.colcon_core.environment:checking '/home/v1/Desktop/Beizo/arm_ws/install/roarm_driver/lib/pkgconfig/roarm_driver.pc'
[3.773s] Level 1:colcon.colcon_core.environment:checking '/home/v1/Desktop/Beizo/arm_ws/install/roarm_driver/lib/python3.12/site-packages'
[3.773s] Level 1:colcon.colcon_core.shell:create_environment_hook('roarm_driver', 'pythonpath')
[3.773s] INFO:colcon.colcon_core.shell:Creating environment hook '/home/v1/Desktop/Beizo/arm_ws/install/roarm_driver/share/roarm_driver/hook/pythonpath.ps1'
[3.774s] INFO:colcon.colcon_core.shell:Creating environment descriptor '/home/v1/Desktop/Beizo/arm_ws/install/roarm_driver/share/roarm_driver/hook/pythonpath.dsv'
[3.774s] INFO:colcon.colcon_core.shell:Creating environment hook '/home/v1/Desktop/Beizo/arm_ws/install/roarm_driver/share/roarm_driver/hook/pythonpath.sh'
[3.775s] Level 1:colcon.colcon_core.environment:checking '/home/v1/Desktop/Beizo/arm_ws/install/roarm_driver/bin'
[3.776s] Level 1:colcon.colcon_core.environment:create_environment_scripts_only(roarm_driver)
[3.776s] INFO:colcon.colcon_core.shell:Creating package script '/home/v1/Desktop/Beizo/arm_ws/install/roarm_driver/share/roarm_driver/package.ps1'
[3.776s] INFO:colcon.colcon_core.shell:Creating package descriptor '/home/v1/Desktop/Beizo/arm_ws/install/roarm_driver/share/roarm_driver/package.dsv'
[3.777s] INFO:colcon.colcon_core.shell:Creating package script '/home/v1/Desktop/Beizo/arm_ws/install/roarm_driver/share/roarm_driver/package.sh'
[3.777s] INFO:colcon.colcon_core.shell:Creating package script '/home/v1/Desktop/Beizo/arm_ws/install/roarm_driver/share/roarm_driver/package.bash'
[3.778s] INFO:colcon.colcon_core.shell:Creating package script '/home/v1/Desktop/Beizo/arm_ws/install/roarm_driver/share/roarm_driver/package.zsh'
[3.778s] Level 1:colcon.colcon_core.environment:create_file_with_runtime_dependencies(/home/v1/Desktop/Beizo/arm_ws/install/roarm_driver/share/colcon-core/packages/roarm_driver)
[3.779s] Level 1:colcon.colcon_core.environment:checking '/home/v1/Desktop/Beizo/arm_ws/install/roarm_description' for CMake module files
[3.780s] DEBUG:colcon.colcon_core.event_handler.log_command:Invoked command in '/home/v1/Desktop/Beizo/arm_ws/src/roarm_description' returned '0': DEBUGINFOD_URLS=https://debuginfod.ubuntu.com PYTHONPATH=/home/v1/Desktop/Beizo/arm_ws/build/roarm_description/prefix_override:/usr/lib/python3/dist-packages/colcon_core/task/python/colcon_distutils_commands:/home/v1/Desktop/Beizo/arm_ws/install/roarm_description/lib/python3.12/site-packages:${PYTHONPATH} /usr/bin/python3 -W ignore:setup.py install is deprecated -W ignore:easy_install command is deprecated setup.py egg_info --egg-base ../../build/roarm_description build --build-base /home/v1/Desktop/Beizo/arm_ws/build/roarm_description/build install --record /home/v1/Desktop/Beizo/arm_ws/build/roarm_description/install.log --single-version-externally-managed install_data
[3.781s] Level 1:colcon.colcon_core.environment:checking '/home/v1/Desktop/Beizo/arm_ws/install/roarm_description' for CMake config files
[3.781s] Level 1:colcon.colcon_core.environment:checking '/home/v1/Desktop/Beizo/arm_ws/install/roarm_description/lib'
[3.782s] Level 1:colcon.colcon_core.environment:checking '/home/v1/Desktop/Beizo/arm_ws/install/roarm_description/bin'
[3.782s] Level 1:colcon.colcon_core.environment:checking '/home/v1/Desktop/Beizo/arm_ws/install/roarm_description/lib/pkgconfig/roarm_description.pc'
[3.782s] Level 1:colcon.colcon_core.environment:checking '/home/v1/Desktop/Beizo/arm_ws/install/roarm_description/lib/python3.12/site-packages'
[3.782s] Level 1:colcon.colcon_core.shell:create_environment_hook('roarm_description', 'pythonpath')
[3.783s] INFO:colcon.colcon_core.shell:Creating environment hook '/home/v1/Desktop/Beizo/arm_ws/install/roarm_description/share/roarm_description/hook/pythonpath.ps1'
[3.783s] INFO:colcon.colcon_core.shell:Creating environment descriptor '/home/v1/Desktop/Beizo/arm_ws/install/roarm_description/share/roarm_description/hook/pythonpath.dsv'
[3.784s] INFO:colcon.colcon_core.shell:Creating environment hook '/home/v1/Desktop/Beizo/arm_ws/install/roarm_description/share/roarm_description/hook/pythonpath.sh'
[3.785s] Level 1:colcon.colcon_core.environment:checking '/home/v1/Desktop/Beizo/arm_ws/install/roarm_description/bin'
[3.785s] Level 1:colcon.colcon_core.environment:create_environment_scripts_only(roarm_description)
[3.786s] INFO:colcon.colcon_core.shell:Creating package script '/home/v1/Desktop/Beizo/arm_ws/install/roarm_description/share/roarm_description/package.ps1'
[3.787s] INFO:colcon.colcon_core.shell:Creating package descriptor '/home/v1/Desktop/Beizo/arm_ws/install/roarm_description/share/roarm_description/package.dsv'
[3.787s] INFO:colcon.colcon_core.shell:Creating package script '/home/v1/Desktop/Beizo/arm_ws/install/roarm_description/share/roarm_description/package.sh'
[3.788s] INFO:colcon.colcon_core.shell:Creating package script '/home/v1/Desktop/Beizo/arm_ws/install/roarm_description/share/roarm_description/package.bash'
[3.789s] INFO:colcon.colcon_core.shell:Creating package script '/home/v1/Desktop/Beizo/arm_ws/install/roarm_description/share/roarm_description/package.zsh'
[3.789s] Level 1:colcon.colcon_core.environment:create_file_with_runtime_dependencies(/home/v1/Desktop/Beizo/arm_ws/install/roarm_description/share/colcon-core/packages/roarm_description)
[3.790s] INFO:colcon.colcon_ros.task.ament_cmake.build:Building ROS package in '/home/v1/Desktop/Beizo/arm_ws/src/roarm_moveit_config' with build type 'ament_cmake'
[3.790s] INFO:colcon.colcon_cmake.task.cmake.build:Building CMake package in '/home/v1/Desktop/Beizo/arm_ws/src/roarm_moveit_config'
[3.790s] INFO:colcon.colcon_core.shell:Skip shell extension 'powershell' for command environment: Not usable outside of PowerShell
[3.790s] DEBUG:colcon.colcon_core.shell:Skip shell extension 'dsv' for command environment
[3.801s] DEBUG:colcon.colcon_core.event_handler.log_command:Invoking command in '/home/v1/Desktop/Beizo/arm_ws/build/roarm_moveit_config': AMENT_PREFIX_PATH=/home/v1/Desktop/Beizo/arm_ws/install/roarm_description:/home/v1/Desktop/Beizo/arm_ws/install/roarm_msgs:/home/v1/Desktop/Beizo/arm_ws/install/roarm_moveit_config:/home/v1/Desktop/Beizo/arm_ws/install/roarm_moveit_cmd:/home/v1/Desktop/Beizo/arm_ws/install/roarm_driver:/opt/ros/jazzy CMAKE_PREFIX_PATH=${CMAKE_PREFIX_PATH}:/home/v1/Desktop/Beizo/arm_ws/install/roarm_moveit_cmd:/home/v1/Desktop/Beizo/arm_ws/install/roarm_driver:/home/v1/Desktop/Beizo/arm_ws/install/roarm_description:/opt/ros/jazzy DEBUGINFOD_URLS=https://debuginfod.ubuntu.com PYTHONPATH=/home/v1/Desktop/Beizo/arm_ws/install/roarm_description/lib/python3.12/site-packages:/home/v1/Desktop/Beizo/arm_ws/install/roarm_msgs/lib/python3.12/site-packages:/home/v1/Desktop/Beizo/arm_ws/install/roarm_moveit_cmd/lib/python3.12/site-packages:/home/v1/Desktop/Beizo/arm_ws/install/roarm_driver/lib/python3.12/site-packages:/opt/ros/jazzy/lib/python3.12/site-packages /usr/bin/cmake --build /home/v1/Desktop/Beizo/arm_ws/build/roarm_moveit_config -- -j8 -l8
[3.842s] DEBUG:colcon.colcon_core.event_handler.log_command:Invoked command in '/home/v1/Desktop/Beizo/arm_ws/build/roarm_moveit_config' returned '0': AMENT_PREFIX_PATH=/home/v1/Desktop/Beizo/arm_ws/install/roarm_description:/home/v1/Desktop/Beizo/arm_ws/install/roarm_msgs:/home/v1/Desktop/Beizo/arm_ws/install/roarm_moveit_config:/home/v1/Desktop/Beizo/arm_ws/install/roarm_moveit_cmd:/home/v1/Desktop/Beizo/arm_ws/install/roarm_driver:/opt/ros/jazzy CMAKE_PREFIX_PATH=${CMAKE_PREFIX_PATH}:/home/v1/Desktop/Beizo/arm_ws/install/roarm_moveit_cmd:/home/v1/Desktop/Beizo/arm_ws/install/roarm_driver:/home/v1/Desktop/Beizo/arm_ws/install/roarm_description:/opt/ros/jazzy DEBUGINFOD_URLS=https://debuginfod.ubuntu.com PYTHONPATH=/home/v1/Desktop/Beizo/arm_ws/install/roarm_description/lib/python3.12/site-packages:/home/v1/Desktop/Beizo/arm_ws/install/roarm_msgs/lib/python3.12/site-packages:/home/v1/Desktop/Beizo/arm_ws/install/roarm_moveit_cmd/lib/python3.12/site-packages:/home/v1/Desktop/Beizo/arm_ws/install/roarm_driver/lib/python3.12/site-packages:/opt/ros/jazzy/lib/python3.12/site-packages /usr/bin/cmake --build /home/v1/Desktop/Beizo/arm_ws/build/roarm_moveit_config -- -j8 -l8
[3.844s] DEBUG:colcon.colcon_core.event_handler.log_command:Invoking command in '/home/v1/Desktop/Beizo/arm_ws/build/roarm_moveit_config': AMENT_PREFIX_PATH=/home/v1/Desktop/Beizo/arm_ws/install/roarm_description:/home/v1/Desktop/Beizo/arm_ws/install/roarm_msgs:/home/v1/Desktop/Beizo/arm_ws/install/roarm_moveit_config:/home/v1/Desktop/Beizo/arm_ws/install/roarm_moveit_cmd:/home/v1/Desktop/Beizo/arm_ws/install/roarm_driver:/opt/ros/jazzy CMAKE_PREFIX_PATH=${CMAKE_PREFIX_PATH}:/home/v1/Desktop/Beizo/arm_ws/install/roarm_moveit_cmd:/home/v1/Desktop/Beizo/arm_ws/install/roarm_driver:/home/v1/Desktop/Beizo/arm_ws/install/roarm_description:/opt/ros/jazzy DEBUGINFOD_URLS=https://debuginfod.ubuntu.com PYTHONPATH=/home/v1/Desktop/Beizo/arm_ws/install/roarm_description/lib/python3.12/site-packages:/home/v1/Desktop/Beizo/arm_ws/install/roarm_msgs/lib/python3.12/site-packages:/home/v1/Desktop/Beizo/arm_ws/install/roarm_moveit_cmd/lib/python3.12/site-packages:/home/v1/Desktop/Beizo/arm_ws/install/roarm_driver/lib/python3.12/site-packages:/opt/ros/jazzy/lib/python3.12/site-packages /usr/bin/cmake --install /home/v1/Desktop/Beizo/arm_ws/build/roarm_moveit_config
[3.856s] Level 1:colcon.colcon_core.environment:create_environment_scripts_only(roarm_moveit_config)
[3.856s] Level 1:colcon.colcon_core.environment:checking '/home/v1/Desktop/Beizo/arm_ws/install/roarm_moveit_config' for CMake module files
[3.857s] Level 1:colcon.colcon_core.environment:checking '/home/v1/Desktop/Beizo/arm_ws/install/roarm_moveit_config' for CMake config files
[3.857s] DEBUG:colcon.colcon_core.event_handler.log_command:Invoked command in '/home/v1/Desktop/Beizo/arm_ws/build/roarm_moveit_config' returned '0': AMENT_PREFIX_PATH=/home/v1/Desktop/Beizo/arm_ws/install/roarm_description:/home/v1/Desktop/Beizo/arm_ws/install/roarm_msgs:/home/v1/Desktop/Beizo/arm_ws/install/roarm_moveit_config:/home/v1/Desktop/Beizo/arm_ws/install/roarm_moveit_cmd:/home/v1/Desktop/Beizo/arm_ws/install/roarm_driver:/opt/ros/jazzy CMAKE_PREFIX_PATH=${CMAKE_PREFIX_PATH}:/home/v1/Desktop/Beizo/arm_ws/install/roarm_moveit_cmd:/home/v1/Desktop/Beizo/arm_ws/install/roarm_driver:/home/v1/Desktop/Beizo/arm_ws/install/roarm_description:/opt/ros/jazzy DEBUGINFOD_URLS=https://debuginfod.ubuntu.com PYTHONPATH=/home/v1/Desktop/Beizo/arm_ws/install/roarm_description/lib/python3.12/site-packages:/home/v1/Desktop/Beizo/arm_ws/install/roarm_msgs/lib/python3.12/site-packages:/home/v1/Desktop/Beizo/arm_ws/install/roarm_moveit_cmd/lib/python3.12/site-packages:/home/v1/Desktop/Beizo/arm_ws/install/roarm_driver/lib/python3.12/site-packages:/opt/ros/jazzy/lib/python3.12/site-packages /usr/bin/cmake --install /home/v1/Desktop/Beizo/arm_ws/build/roarm_moveit_config
[3.858s] Level 1:colcon.colcon_core.shell:create_environment_hook('roarm_moveit_config', 'cmake_prefix_path')
[3.858s] INFO:colcon.colcon_core.shell:Creating environment hook '/home/v1/Desktop/Beizo/arm_ws/install/roarm_moveit_config/share/roarm_moveit_config/hook/cmake_prefix_path.ps1'
[3.858s] INFO:colcon.colcon_core.shell:Creating environment descriptor '/home/v1/Desktop/Beizo/arm_ws/install/roarm_moveit_config/share/roarm_moveit_config/hook/cmake_prefix_path.dsv'
[3.859s] INFO:colcon.colcon_core.shell:Creating environment hook '/home/v1/Desktop/Beizo/arm_ws/install/roarm_moveit_config/share/roarm_moveit_config/hook/cmake_prefix_path.sh'
[3.859s] Level 1:colcon.colcon_core.environment:checking '/home/v1/Desktop/Beizo/arm_ws/install/roarm_moveit_config/bin'
[3.859s] Level 1:colcon.colcon_core.environment:checking '/home/v1/Desktop/Beizo/arm_ws/install/roarm_moveit_config/lib/pkgconfig/roarm_moveit_config.pc'
[3.859s] Level 1:colcon.colcon_core.environment:checking '/home/v1/Desktop/Beizo/arm_ws/install/roarm_moveit_config/lib/python3.12/site-packages'
[3.860s] Level 1:colcon.colcon_core.environment:checking '/home/v1/Desktop/Beizo/arm_ws/install/roarm_moveit_config/bin'
[3.860s] INFO:colcon.colcon_core.shell:Creating package script '/home/v1/Desktop/Beizo/arm_ws/install/roarm_moveit_config/share/roarm_moveit_config/package.ps1'
[3.861s] INFO:colcon.colcon_core.shell:Creating package descriptor '/home/v1/Desktop/Beizo/arm_ws/install/roarm_moveit_config/share/roarm_moveit_config/package.dsv'
[3.861s] INFO:colcon.colcon_core.shell:Creating package script '/home/v1/Desktop/Beizo/arm_ws/install/roarm_moveit_config/share/roarm_moveit_config/package.sh'
[3.861s] INFO:colcon.colcon_core.shell:Creating package script '/home/v1/Desktop/Beizo/arm_ws/install/roarm_moveit_config/share/roarm_moveit_config/package.bash'
[3.862s] INFO:colcon.colcon_core.shell:Creating package script '/home/v1/Desktop/Beizo/arm_ws/install/roarm_moveit_config/share/roarm_moveit_config/package.zsh'
[3.862s] Level 1:colcon.colcon_core.environment:create_file_with_runtime_dependencies(/home/v1/Desktop/Beizo/arm_ws/install/roarm_moveit_config/share/colcon-core/packages/roarm_moveit_config)
[3.863s] Level 1:colcon.colcon_core.environment:create_environment_scripts_only(roarm_moveit_config)
[3.863s] Level 1:colcon.colcon_core.environment:checking '/home/v1/Desktop/Beizo/arm_ws/install/roarm_moveit_config' for CMake module files
[3.863s] Level 1:colcon.colcon_core.environment:checking '/home/v1/Desktop/Beizo/arm_ws/install/roarm_moveit_config' for CMake config files
[3.863s] Level 1:colcon.colcon_core.shell:create_environment_hook('roarm_moveit_config', 'cmake_prefix_path')
[3.864s] INFO:colcon.colcon_core.shell:Creating environment hook '/home/v1/Desktop/Beizo/arm_ws/install/roarm_moveit_config/share/roarm_moveit_config/hook/cmake_prefix_path.ps1'
[3.864s] INFO:colcon.colcon_core.shell:Creating environment descriptor '/home/v1/Desktop/Beizo/arm_ws/install/roarm_moveit_config/share/roarm_moveit_config/hook/cmake_prefix_path.dsv'
[3.864s] INFO:colcon.colcon_core.shell:Creating environment hook '/home/v1/Desktop/Beizo/arm_ws/install/roarm_moveit_config/share/roarm_moveit_config/hook/cmake_prefix_path.sh'
[3.865s] Level 1:colcon.colcon_core.environment:checking '/home/v1/Desktop/Beizo/arm_ws/install/roarm_moveit_config/bin'
[3.865s] Level 1:colcon.colcon_core.environment:checking '/home/v1/Desktop/Beizo/arm_ws/install/roarm_moveit_config/lib/pkgconfig/roarm_moveit_config.pc'
[3.865s] Level 1:colcon.colcon_core.environment:checking '/home/v1/Desktop/Beizo/arm_ws/install/roarm_moveit_config/lib/python3.12/site-packages'
[3.866s] Level 1:colcon.colcon_core.environment:checking '/home/v1/Desktop/Beizo/arm_ws/install/roarm_moveit_config/bin'
[3.866s] INFO:colcon.colcon_core.shell:Creating package script '/home/v1/Desktop/Beizo/arm_ws/install/roarm_moveit_config/share/roarm_moveit_config/package.ps1'
[3.866s] INFO:colcon.colcon_core.shell:Creating package descriptor '/home/v1/Desktop/Beizo/arm_ws/install/roarm_moveit_config/share/roarm_moveit_config/package.dsv'
[3.867s] INFO:colcon.colcon_core.shell:Creating package script '/home/v1/Desktop/Beizo/arm_ws/install/roarm_moveit_config/share/roarm_moveit_config/package.sh'
[3.867s] INFO:colcon.colcon_core.shell:Creating package script '/home/v1/Desktop/Beizo/arm_ws/install/roarm_moveit_config/share/roarm_moveit_config/package.bash'
[3.868s] INFO:colcon.colcon_core.shell:Creating package script '/home/v1/Desktop/Beizo/arm_ws/install/roarm_moveit_config/share/roarm_moveit_config/package.zsh'
[3.868s] Level 1:colcon.colcon_core.environment:create_file_with_runtime_dependencies(/home/v1/Desktop/Beizo/arm_ws/install/roarm_moveit_config/share/colcon-core/packages/roarm_moveit_config)
[4.415s] Level 1:colcon.colcon_core.environment:checking '/home/v1/Desktop/Beizo/arm_ws/install/roarm_moveit_cmd' for CMake module files
[4.415s] DEBUG:colcon.colcon_core.event_handler.log_command:Invoked command in '/home/v1/Desktop/Beizo/arm_ws/src/roarm_moveit_cmd' returned '0': DEBUGINFOD_URLS=https://debuginfod.ubuntu.com PYTHONPATH=/home/v1/Desktop/Beizo/arm_ws/build/roarm_moveit_cmd/prefix_override:/usr/lib/python3/dist-packages/colcon_core/task/python/colcon_distutils_commands:/home/v1/Desktop/Beizo/arm_ws/install/roarm_moveit_cmd/lib/python3.12/site-packages:${PYTHONPATH} /usr/bin/python3 -W ignore:setup.py install is deprecated -W ignore:easy_install command is deprecated setup.py egg_info --egg-base ../../build/roarm_moveit_cmd build --build-base /home/v1/Desktop/Beizo/arm_ws/build/roarm_moveit_cmd/build install --record /home/v1/Desktop/Beizo/arm_ws/build/roarm_moveit_cmd/install.log --single-version-externally-managed install_data
[4.416s] Level 1:colcon.colcon_core.environment:checking '/home/v1/Desktop/Beizo/arm_ws/install/roarm_moveit_cmd' for CMake config files
[4.416s] Level 1:colcon.colcon_core.environment:checking '/home/v1/Desktop/Beizo/arm_ws/install/roarm_moveit_cmd/lib'
[4.416s] Level 1:colcon.colcon_core.environment:checking '/home/v1/Desktop/Beizo/arm_ws/install/roarm_moveit_cmd/bin'
[4.416s] Level 1:colcon.colcon_core.environment:checking '/home/v1/Desktop/Beizo/arm_ws/install/roarm_moveit_cmd/lib/pkgconfig/roarm_moveit_cmd.pc'
[4.417s] Level 1:colcon.colcon_core.environment:checking '/home/v1/Desktop/Beizo/arm_ws/install/roarm_moveit_cmd/lib/python3.12/site-packages'
[4.417s] Level 1:colcon.colcon_core.shell:create_environment_hook('roarm_moveit_cmd', 'pythonpath')
[4.417s] INFO:colcon.colcon_core.shell:Creating environment hook '/home/v1/Desktop/Beizo/arm_ws/install/roarm_moveit_cmd/share/roarm_moveit_cmd/hook/pythonpath.ps1'
[4.417s] INFO:colcon.colcon_core.shell:Creating environment descriptor '/home/v1/Desktop/Beizo/arm_ws/install/roarm_moveit_cmd/share/roarm_moveit_cmd/hook/pythonpath.dsv'
[4.418s] INFO:colcon.colcon_core.shell:Creating environment hook '/home/v1/Desktop/Beizo/arm_ws/install/roarm_moveit_cmd/share/roarm_moveit_cmd/hook/pythonpath.sh'
[4.419s] Level 1:colcon.colcon_core.environment:checking '/home/v1/Desktop/Beizo/arm_ws/install/roarm_moveit_cmd/bin'
[4.419s] Level 1:colcon.colcon_core.environment:create_environment_scripts_only(roarm_moveit_cmd)
[4.419s] INFO:colcon.colcon_core.shell:Creating package script '/home/v1/Desktop/Beizo/arm_ws/install/roarm_moveit_cmd/share/roarm_moveit_cmd/package.ps1'
[4.419s] INFO:colcon.colcon_core.shell:Creating package descriptor '/home/v1/Desktop/Beizo/arm_ws/install/roarm_moveit_cmd/share/roarm_moveit_cmd/package.dsv'
[4.420s] INFO:colcon.colcon_core.shell:Creating package script '/home/v1/Desktop/Beizo/arm_ws/install/roarm_moveit_cmd/share/roarm_moveit_cmd/package.sh'
[4.420s] INFO:colcon.colcon_core.shell:Creating package script '/home/v1/Desktop/Beizo/arm_ws/install/roarm_moveit_cmd/share/roarm_moveit_cmd/package.bash'
[4.421s] INFO:colcon.colcon_core.shell:Creating package script '/home/v1/Desktop/Beizo/arm_ws/install/roarm_moveit_cmd/share/roarm_moveit_cmd/package.zsh'
[4.421s] Level 1:colcon.colcon_core.environment:create_file_with_runtime_dependencies(/home/v1/Desktop/Beizo/arm_ws/install/roarm_moveit_cmd/share/colcon-core/packages/roarm_moveit_cmd)
[4.422s] DEBUG:colcon.colcon_parallel_executor.executor.parallel:closing loop
[4.422s] DEBUG:colcon.colcon_parallel_executor.executor.parallel:loop closed
[4.422s] DEBUG:colcon.colcon_parallel_executor.executor.parallel:run_until_complete finished with '0'
[4.422s] DEBUG:colcon.colcon_core.event_reactor:joining thread
[4.429s] INFO:colcon.colcon_core.plugin_system:Skipping extension 'colcon_notification.desktop_notification.terminal_notifier': Not used on non-Darwin systems
[4.429s] INFO:colcon.colcon_core.plugin_system:Skipping extension 'colcon_notification.desktop_notification.win32': Not used on non-Windows systems
[4.429s] INFO:colcon.colcon_notification.desktop_notification:Sending desktop notification using 'notify2'
[4.446s] DEBUG:colcon.colcon_core.event_reactor:joined thread
[4.446s] INFO:colcon.colcon_core.shell:Creating prefix script '/home/v1/Desktop/Beizo/arm_ws/install/local_setup.ps1'
[4.447s] INFO:colcon.colcon_core.shell:Creating prefix util module '/home/v1/Desktop/Beizo/arm_ws/install/_local_setup_util_ps1.py'
[4.448s] INFO:colcon.colcon_core.shell:Creating prefix chain script '/home/v1/Desktop/Beizo/arm_ws/install/setup.ps1'
[4.450s] INFO:colcon.colcon_core.shell:Creating prefix script '/home/v1/Desktop/Beizo/arm_ws/install/local_setup.sh'
[4.450s] INFO:colcon.colcon_core.shell:Creating prefix util module '/home/v1/Desktop/Beizo/arm_ws/install/_local_setup_util_sh.py'
[4.451s] INFO:colcon.colcon_core.shell:Creating prefix chain script '/home/v1/Desktop/Beizo/arm_ws/install/setup.sh'
[4.452s] INFO:colcon.colcon_core.shell:Creating prefix script '/home/v1/Desktop/Beizo/arm_ws/install/local_setup.bash'
[4.453s] INFO:colcon.colcon_core.shell:Creating prefix chain script '/home/v1/Desktop/Beizo/arm_ws/install/setup.bash'
[4.454s] INFO:colcon.colcon_core.shell:Creating prefix script '/home/v1/Desktop/Beizo/arm_ws/install/local_setup.zsh'
[4.454s] INFO:colcon.colcon_core.shell:Creating prefix chain script '/home/v1/Desktop/Beizo/arm_ws/install/setup.zsh'
