[0.289s] Invoking command in '/home/v1/Desktop/Beizo/arm_ws/build/roarm_msgs': CMAKE_PREFIX_PATH=${CMAKE_PREFIX_PATH}:/home/v1/Desktop/Beizo/arm_ws/install/roarm_moveit_cmd:/home/v1/Desktop/Beizo/arm_ws/install/roarm_driver:/home/v1/Desktop/Beizo/arm_ws/install/roarm_description:/opt/ros/jazzy DEBUGINFOD_URLS=https://debuginfod.ubuntu.com /usr/bin/cmake /home/v1/Desktop/Beizo/arm_ws/src/roarm_msgs -DAMENT_CMAKE_SYMLINK_INSTALL=1 -DCMAKE_INSTALL_PREFIX=/home/v1/Desktop/Beizo/arm_ws/install/roarm_msgs
[0.347s] -- The C compiler identification is GNU 13.3.0
[0.413s] -- The CXX compiler identification is GNU 13.3.0
[0.435s] -- Detecting C compiler ABI info
[0.564s] -- Detecting C compiler ABI info - done
[0.576s] -- Check for working C compiler: /usr/bin/cc - skipped
[0.577s] -- Detecting C compile features
[0.577s] -- Detecting C compile features - done
[0.585s] -- Detecting CXX compiler ABI info
[0.686s] -- Detecting CXX compiler ABI info - done
[0.702s] -- Check for working CXX compiler: /usr/bin/c++ - skipped
[0.702s] -- Detecting CXX compile features
[0.702s] -- Detecting CXX compile features - done
[0.709s] -- Found ament_cmake: 2.5.5 (/opt/ros/jazzy/share/ament_cmake/cmake)
[0.885s] -- Found Python3: /usr/bin/python3 (found version "3.12.3") found components: Interpreter 
[0.994s] -- Override CMake install command with custom implementation using symlinks instead of copying resources
[1.054s] -- Found rosidl_default_generators: 1.6.0 (/opt/ros/jazzy/share/rosidl_default_generators/cmake)
[1.064s] -- Using all available rosidl_typesupport_c: rosidl_typesupport_fastrtps_c;rosidl_typesupport_introspection_c
[1.144s] -- Using all available rosidl_typesupport_cpp: rosidl_typesupport_fastrtps_cpp;rosidl_typesupport_introspection_cpp
[1.210s] -- Found rosidl_adapter: 4.6.7 (/opt/ros/jazzy/share/rosidl_adapter/cmake)
[1.216s] -- Found ament_lint_auto: 0.17.4 (/opt/ros/jazzy/share/ament_lint_auto/cmake)
[2.354s] -- Found ament_cmake_ros: 0.12.0 (/opt/ros/jazzy/share/ament_cmake_ros/cmake)
[3.187s] -- Using all available rosidl_typesupport_c: rosidl_typesupport_fastrtps_c;rosidl_typesupport_introspection_c
[3.878s] -- Using all available rosidl_typesupport_cpp: rosidl_typesupport_fastrtps_cpp;rosidl_typesupport_introspection_cpp
[3.885s] -- Found python_cmake_module: 0.11.1 (/opt/ros/jazzy/share/python_cmake_module/cmake)
[4.031s] -- Found PythonExtra: /usr/bin/python3  
[4.563s] -- Found Python3: /usr/bin/python3 (found version "3.12.3") found components: Interpreter Development NumPy Development.Module Development.Embed 
[4.618s] -- Configuring done (4.3s)
[4.689s] -- Generating done (0.1s)
[4.725s] -- Build files have been written to: /home/v1/Desktop/Beizo/arm_ws/build/roarm_msgs
[4.746s] Invoked command in '/home/v1/Desktop/Beizo/arm_ws/build/roarm_msgs' returned '0': CMAKE_PREFIX_PATH=${CMAKE_PREFIX_PATH}:/home/v1/Desktop/Beizo/arm_ws/install/roarm_moveit_cmd:/home/v1/Desktop/Beizo/arm_ws/install/roarm_driver:/home/v1/Desktop/Beizo/arm_ws/install/roarm_description:/opt/ros/jazzy DEBUGINFOD_URLS=https://debuginfod.ubuntu.com /usr/bin/cmake /home/v1/Desktop/Beizo/arm_ws/src/roarm_msgs -DAMENT_CMAKE_SYMLINK_INSTALL=1 -DCMAKE_INSTALL_PREFIX=/home/v1/Desktop/Beizo/arm_ws/install/roarm_msgs
[4.747s] Invoking command in '/home/v1/Desktop/Beizo/arm_ws/build/roarm_msgs': CMAKE_PREFIX_PATH=${CMAKE_PREFIX_PATH}:/home/v1/Desktop/Beizo/arm_ws/install/roarm_moveit_cmd:/home/v1/Desktop/Beizo/arm_ws/install/roarm_driver:/home/v1/Desktop/Beizo/arm_ws/install/roarm_description:/opt/ros/jazzy DEBUGINFOD_URLS=https://debuginfod.ubuntu.com /usr/bin/cmake --build /home/v1/Desktop/Beizo/arm_ws/build/roarm_msgs -- -j8 -l8
[4.851s] [  2%] [34m[1mGenerating type hashes for ROS interfaces[0m
[4.869s] [  2%] Built target ament_cmake_python_symlink_roarm_msgs
[5.340s] [  2%] Built target roarm_msgs__rosidl_generator_type_description
[5.364s] [  5%] [34m[1mGenerating C code for ROS interfaces[0m
[5.389s] [  8%] [34m[1mGenerating C++ code for ROS interfaces[0m
[5.676s] running egg_info
[5.678s] creating roarm_msgs.egg-info
[5.756s] writing roarm_msgs.egg-info/PKG-INFO
[5.757s] writing dependency_links to roarm_msgs.egg-info/dependency_links.txt
[5.758s] writing top-level names to roarm_msgs.egg-info/top_level.txt
[5.759s] writing manifest file 'roarm_msgs.egg-info/SOURCES.txt'
[6.002s] reading manifest file 'roarm_msgs.egg-info/SOURCES.txt'
[6.004s] writing manifest file 'roarm_msgs.egg-info/SOURCES.txt'
[6.090s] [  8%] Built target ament_cmake_python_build_roarm_msgs_egg
[6.117s] [ 14%] [32mBuilding C object CMakeFiles/roarm_msgs__rosidl_generator_c.dir/rosidl_generator_c/roarm_msgs/srv/detail/move_to_xyz__functions.c.o[0m
[6.118s] [ 14%] [32mBuilding C object CMakeFiles/roarm_msgs__rosidl_generator_c.dir/rosidl_generator_c/roarm_msgs/srv/detail/move_to_xyz__description.c.o[0m
[6.118s] [ 17%] [32mBuilding C object CMakeFiles/roarm_msgs__rosidl_generator_c.dir/rosidl_generator_c/roarm_msgs/srv/detail/move_to_xyz__type_support.c.o[0m
[6.147s] [ 17%] Built target roarm_msgs__cpp
[6.203s] [ 20%] [32m[1mLinking C shared library libroarm_msgs__rosidl_generator_c.so[0m
[6.241s] [ 20%] Built target roarm_msgs__rosidl_generator_c
[6.255s] [ 23%] [34m[1mGenerating C introspection for ROS interfaces[0m
[6.255s] [ 26%] [34m[1mGenerating C type support for eProsima Fast-RTPS[0m
[6.256s] [ 35%] [34m[1mGenerating C++ introspection for ROS interfaces[0m
[6.256s] [ 35%] [34m[1mGenerating C type support dispatch for ROS interfaces[0m
[6.256s] [ 35%] [34m[1mGenerating C++ type support for eProsima Fast-RTPS[0m
[6.257s] [ 38%] [34m[1mGenerating C++ type support dispatch for ROS interfaces[0m
[6.597s] [ 41%] [32mBuilding CXX object CMakeFiles/roarm_msgs__rosidl_typesupport_introspection_cpp.dir/rosidl_typesupport_introspection_cpp/roarm_msgs/srv/detail/move_to_xyz__type_support.cpp.o[0m
[6.708s] [ 44%] [32mBuilding CXX object CMakeFiles/roarm_msgs__rosidl_typesupport_fastrtps_c.dir/rosidl_typesupport_fastrtps_c/roarm_msgs/srv/detail/move_to_xyz__type_support_c.cpp.o[0m
[6.738s] [ 47%] [32mBuilding CXX object CMakeFiles/roarm_msgs__rosidl_typesupport_c.dir/rosidl_typesupport_c/roarm_msgs/srv/move_to_xyz__type_support.cpp.o[0m
[6.739s] [ 50%] [32mBuilding CXX object CMakeFiles/roarm_msgs__rosidl_typesupport_cpp.dir/rosidl_typesupport_cpp/roarm_msgs/srv/move_to_xyz__type_support.cpp.o[0m
[6.803s] [ 52%] [32mBuilding C object CMakeFiles/roarm_msgs__rosidl_typesupport_introspection_c.dir/rosidl_typesupport_introspection_c/roarm_msgs/srv/detail/move_to_xyz__type_support.c.o[0m
[6.827s] [ 55%] [32m[1mLinking CXX shared library libroarm_msgs__rosidl_typesupport_c.so[0m
[6.868s] [ 58%] [32mBuilding CXX object CMakeFiles/roarm_msgs__rosidl_typesupport_fastrtps_cpp.dir/rosidl_typesupport_fastrtps_cpp/roarm_msgs/srv/detail/dds_fastrtps/move_to_xyz__type_support.cpp.o[0m
[6.895s] [ 61%] [32m[1mLinking C shared library libroarm_msgs__rosidl_typesupport_introspection_c.so[0m
[6.905s] [ 61%] Built target roarm_msgs__rosidl_typesupport_c
[6.949s] [ 61%] Built target roarm_msgs__rosidl_typesupport_introspection_c
[7.199s] [ 64%] [32m[1mLinking CXX shared library libroarm_msgs__rosidl_typesupport_introspection_cpp.so[0m
[7.298s] [ 67%] [32m[1mLinking CXX shared library libroarm_msgs__rosidl_typesupport_cpp.so[0m
[7.323s] [ 67%] Built target roarm_msgs__rosidl_typesupport_introspection_cpp
[7.387s] [ 70%] [32m[1mLinking CXX shared library libroarm_msgs__rosidl_typesupport_fastrtps_c.so[0m
[7.395s] [ 70%] Built target roarm_msgs__rosidl_typesupport_cpp
[7.475s] [ 70%] Built target roarm_msgs__rosidl_typesupport_fastrtps_c
[7.667s] [ 73%] [32m[1mLinking CXX shared library libroarm_msgs__rosidl_typesupport_fastrtps_cpp.so[0m
[7.822s] [ 73%] Built target roarm_msgs__rosidl_typesupport_fastrtps_cpp
[7.865s] [ 73%] Built target roarm_msgs
[7.906s] [ 76%] [34m[1mGenerating Python code for ROS interfaces[0m
[8.744s] [ 76%] Built target roarm_msgs__py
[8.792s] [ 79%] [32mBuilding C object CMakeFiles/roarm_msgs__rosidl_generator_py.dir/rosidl_generator_py/roarm_msgs/srv/_move_to_xyz_s.c.o[0m
[9.119s] [ 82%] [32m[1mLinking C shared library libroarm_msgs__rosidl_generator_py.so[0m
[9.195s] [ 82%] Built target roarm_msgs__rosidl_generator_py
[9.216s] [ 88%] [32mBuilding C object CMakeFiles/roarm_msgs_s__rosidl_typesupport_c.dir/rosidl_generator_py/roarm_msgs/_roarm_msgs_s.ep.rosidl_typesupport_c.c.o[0m
[9.217s] [ 88%] [32mBuilding C object CMakeFiles/roarm_msgs_s__rosidl_typesupport_fastrtps_c.dir/rosidl_generator_py/roarm_msgs/_roarm_msgs_s.ep.rosidl_typesupport_fastrtps_c.c.o[0m
[9.218s] [ 91%] [32mBuilding C object CMakeFiles/roarm_msgs_s__rosidl_typesupport_introspection_c.dir/rosidl_generator_py/roarm_msgs/_roarm_msgs_s.ep.rosidl_typesupport_introspection_c.c.o[0m
[9.328s] [ 94%] [32m[1mLinking C shared module rosidl_generator_py/roarm_msgs/roarm_msgs_s__rosidl_typesupport_c.so[0m
[9.330s] [ 97%] [32m[1mLinking C shared module rosidl_generator_py/roarm_msgs/roarm_msgs_s__rosidl_typesupport_introspection_c.so[0m
[9.332s] [100%] [32m[1mLinking C shared module rosidl_generator_py/roarm_msgs/roarm_msgs_s__rosidl_typesupport_fastrtps_c.so[0m
[9.364s] [100%] Built target roarm_msgs_s__rosidl_typesupport_introspection_c
[9.365s] [100%] Built target roarm_msgs_s__rosidl_typesupport_c
[9.369s] [100%] Built target roarm_msgs_s__rosidl_typesupport_fastrtps_c
[9.381s] Invoked command in '/home/v1/Desktop/Beizo/arm_ws/build/roarm_msgs' returned '0': CMAKE_PREFIX_PATH=${CMAKE_PREFIX_PATH}:/home/v1/Desktop/Beizo/arm_ws/install/roarm_moveit_cmd:/home/v1/Desktop/Beizo/arm_ws/install/roarm_driver:/home/v1/Desktop/Beizo/arm_ws/install/roarm_description:/opt/ros/jazzy DEBUGINFOD_URLS=https://debuginfod.ubuntu.com /usr/bin/cmake --build /home/v1/Desktop/Beizo/arm_ws/build/roarm_msgs -- -j8 -l8
[9.382s] Invoking command in '/home/v1/Desktop/Beizo/arm_ws/build/roarm_msgs': CMAKE_PREFIX_PATH=${CMAKE_PREFIX_PATH}:/home/v1/Desktop/Beizo/arm_ws/install/roarm_moveit_cmd:/home/v1/Desktop/Beizo/arm_ws/install/roarm_driver:/home/v1/Desktop/Beizo/arm_ws/install/roarm_description:/opt/ros/jazzy DEBUGINFOD_URLS=https://debuginfod.ubuntu.com /usr/bin/cmake --install /home/v1/Desktop/Beizo/arm_ws/build/roarm_msgs
[9.391s] -- Install configuration: ""
[9.391s] -- Execute custom install script
[9.391s] -- Symlinking: /home/v1/Desktop/Beizo/arm_ws/install/roarm_msgs/share/ament_index/resource_index/rosidl_interfaces/roarm_msgs
[9.400s] -- Symlinking: /home/v1/Desktop/Beizo/arm_ws/install/roarm_msgs/share/roarm_msgs/srv/MoveToXYZ.json
[9.409s] -- Symlinking: /home/v1/Desktop/Beizo/arm_ws/install/roarm_msgs/include/roarm_msgs/roarm_msgs/msg/rosidl_generator_c__visibility_control.h
[9.420s] -- Symlinking: /home/v1/Desktop/Beizo/arm_ws/install/roarm_msgs/include/roarm_msgs/roarm_msgs/srv/detail/move_to_xyz__functions.h
[9.431s] -- Symlinking: /home/v1/Desktop/Beizo/arm_ws/install/roarm_msgs/include/roarm_msgs/roarm_msgs/srv/detail/move_to_xyz__struct.h
[9.440s] -- Symlinking: /home/v1/Desktop/Beizo/arm_ws/install/roarm_msgs/include/roarm_msgs/roarm_msgs/srv/detail/move_to_xyz__type_support.h
[9.450s] -- Symlinking: /home/v1/Desktop/Beizo/arm_ws/install/roarm_msgs/include/roarm_msgs/roarm_msgs/srv/move_to_xyz.h
[9.458s] -- Symlinking: /home/v1/Desktop/Beizo/arm_ws/install/roarm_msgs/share/roarm_msgs/environment/library_path.sh
[9.467s] -- Symlinking: /home/v1/Desktop/Beizo/arm_ws/install/roarm_msgs/share/roarm_msgs/environment/library_path.dsv
[9.477s] -- Symlinking: /home/v1/Desktop/Beizo/arm_ws/install/roarm_msgs/include/roarm_msgs/roarm_msgs/msg/rosidl_typesupport_fastrtps_c__visibility_control.h
[9.485s] -- Symlinking: /home/v1/Desktop/Beizo/arm_ws/install/roarm_msgs/include/roarm_msgs/roarm_msgs/srv/detail/move_to_xyz__rosidl_typesupport_fastrtps_c.h
[9.494s] -- Symlinking: /home/v1/Desktop/Beizo/arm_ws/install/roarm_msgs/include/roarm_msgs/roarm_msgs/msg/rosidl_typesupport_introspection_c__visibility_control.h
[9.503s] -- Symlinking: /home/v1/Desktop/Beizo/arm_ws/install/roarm_msgs/include/roarm_msgs/roarm_msgs/srv/detail/move_to_xyz__rosidl_typesupport_introspection_c.h
[9.513s] -- Symlinking: /home/v1/Desktop/Beizo/arm_ws/install/roarm_msgs/include/roarm_msgs/roarm_msgs/msg/rosidl_generator_cpp__visibility_control.hpp
[9.525s] -- Symlinking: /home/v1/Desktop/Beizo/arm_ws/install/roarm_msgs/include/roarm_msgs/roarm_msgs/srv/detail/move_to_xyz__builder.hpp
[9.534s] -- Symlinking: /home/v1/Desktop/Beizo/arm_ws/install/roarm_msgs/include/roarm_msgs/roarm_msgs/srv/detail/move_to_xyz__struct.hpp
[9.543s] -- Symlinking: /home/v1/Desktop/Beizo/arm_ws/install/roarm_msgs/include/roarm_msgs/roarm_msgs/srv/detail/move_to_xyz__traits.hpp
[9.552s] -- Symlinking: /home/v1/Desktop/Beizo/arm_ws/install/roarm_msgs/include/roarm_msgs/roarm_msgs/srv/detail/move_to_xyz__type_support.hpp
[9.562s] -- Symlinking: /home/v1/Desktop/Beizo/arm_ws/install/roarm_msgs/include/roarm_msgs/roarm_msgs/srv/move_to_xyz.hpp
[9.570s] -- Symlinking: /home/v1/Desktop/Beizo/arm_ws/install/roarm_msgs/include/roarm_msgs/roarm_msgs/msg/rosidl_typesupport_fastrtps_cpp__visibility_control.h
[9.579s] -- Symlinking: /home/v1/Desktop/Beizo/arm_ws/install/roarm_msgs/include/roarm_msgs/roarm_msgs/srv/detail/move_to_xyz__rosidl_typesupport_fastrtps_cpp.hpp
[9.588s] -- Symlinking: /home/v1/Desktop/Beizo/arm_ws/install/roarm_msgs/include/roarm_msgs/roarm_msgs/srv/detail/move_to_xyz__rosidl_typesupport_introspection_cpp.hpp
[9.597s] -- Symlinking: /home/v1/Desktop/Beizo/arm_ws/install/roarm_msgs/share/roarm_msgs/environment/pythonpath.sh
[9.606s] -- Symlinking: /home/v1/Desktop/Beizo/arm_ws/install/roarm_msgs/share/roarm_msgs/environment/pythonpath.dsv
[9.616s] -- Symlinking: /home/v1/Desktop/Beizo/arm_ws/install/roarm_msgs/lib/python3.12/site-packages/roarm_msgs-0.0.1-py3.12.egg-info/PKG-INFO
[9.627s] -- Symlinking: /home/v1/Desktop/Beizo/arm_ws/install/roarm_msgs/lib/python3.12/site-packages/roarm_msgs-0.0.1-py3.12.egg-info/SOURCES.txt
[9.637s] -- Symlinking: /home/v1/Desktop/Beizo/arm_ws/install/roarm_msgs/lib/python3.12/site-packages/roarm_msgs-0.0.1-py3.12.egg-info/dependency_links.txt
[9.646s] -- Symlinking: /home/v1/Desktop/Beizo/arm_ws/install/roarm_msgs/lib/python3.12/site-packages/roarm_msgs-0.0.1-py3.12.egg-info/top_level.txt
[9.656s] -- Symlinking: /home/v1/Desktop/Beizo/arm_ws/install/roarm_msgs/lib/python3.12/site-packages/roarm_msgs/__init__.py
[9.665s] -- Symlinking: /home/v1/Desktop/Beizo/arm_ws/install/roarm_msgs/lib/python3.12/site-packages/roarm_msgs/_roarm_msgs_s.ep.rosidl_typesupport_c.c
[9.675s] -- Symlinking: /home/v1/Desktop/Beizo/arm_ws/install/roarm_msgs/lib/python3.12/site-packages/roarm_msgs/_roarm_msgs_s.ep.rosidl_typesupport_fastrtps_c.c
[9.684s] -- Symlinking: /home/v1/Desktop/Beizo/arm_ws/install/roarm_msgs/lib/python3.12/site-packages/roarm_msgs/_roarm_msgs_s.ep.rosidl_typesupport_introspection_c.c
[9.693s] -- Symlinking: /home/v1/Desktop/Beizo/arm_ws/install/roarm_msgs/lib/python3.12/site-packages/roarm_msgs/roarm_msgs_s__rosidl_typesupport_c.so
[9.703s] -- Symlinking: /home/v1/Desktop/Beizo/arm_ws/install/roarm_msgs/lib/python3.12/site-packages/roarm_msgs/roarm_msgs_s__rosidl_typesupport_fastrtps_c.so
[9.712s] -- Symlinking: /home/v1/Desktop/Beizo/arm_ws/install/roarm_msgs/lib/python3.12/site-packages/roarm_msgs/roarm_msgs_s__rosidl_typesupport_introspection_c.so
[9.723s] -- Symlinking: /home/v1/Desktop/Beizo/arm_ws/install/roarm_msgs/lib/python3.12/site-packages/roarm_msgs/srv/__init__.py
[9.733s] -- Symlinking: /home/v1/Desktop/Beizo/arm_ws/install/roarm_msgs/lib/python3.12/site-packages/roarm_msgs/srv/_move_to_xyz.py
[9.743s] -- Symlinking: /home/v1/Desktop/Beizo/arm_ws/install/roarm_msgs/lib/python3.12/site-packages/roarm_msgs/srv/_move_to_xyz_s.c
[9.752s] -- Up-to-date symlink: /home/v1/Desktop/Beizo/arm_ws/install/roarm_msgs/lib/python3.12/site-packages/roarm_msgs/roarm_msgs_s__rosidl_typesupport_fastrtps_c.so
[9.752s] -- Up-to-date symlink: /home/v1/Desktop/Beizo/arm_ws/install/roarm_msgs/lib/python3.12/site-packages/roarm_msgs/roarm_msgs_s__rosidl_typesupport_introspection_c.so
[9.753s] -- Up-to-date symlink: /home/v1/Desktop/Beizo/arm_ws/install/roarm_msgs/lib/python3.12/site-packages/roarm_msgs/roarm_msgs_s__rosidl_typesupport_c.so
[9.753s] -- Symlinking: /home/v1/Desktop/Beizo/arm_ws/install/roarm_msgs/share/roarm_msgs/srv/MoveToXYZ.idl
[9.762s] -- Symlinking: /home/v1/Desktop/Beizo/arm_ws/install/roarm_msgs/share/roarm_msgs/srv/MoveToXYZ.srv
[9.771s] -- Symlinking: /home/v1/Desktop/Beizo/arm_ws/install/roarm_msgs/share/ament_index/resource_index/package_run_dependencies/roarm_msgs
[9.780s] -- Symlinking: /home/v1/Desktop/Beizo/arm_ws/install/roarm_msgs/share/ament_index/resource_index/parent_prefix_path/roarm_msgs
[9.789s] -- Symlinking: /home/v1/Desktop/Beizo/arm_ws/install/roarm_msgs/share/roarm_msgs/environment/ament_prefix_path.sh
[9.799s] -- Symlinking: /home/v1/Desktop/Beizo/arm_ws/install/roarm_msgs/share/roarm_msgs/environment/ament_prefix_path.dsv
[9.808s] -- Symlinking: /home/v1/Desktop/Beizo/arm_ws/install/roarm_msgs/share/roarm_msgs/environment/path.sh
[9.817s] -- Symlinking: /home/v1/Desktop/Beizo/arm_ws/install/roarm_msgs/share/roarm_msgs/environment/path.dsv
[9.830s] -- Symlinking: /home/v1/Desktop/Beizo/arm_ws/install/roarm_msgs/share/roarm_msgs/local_setup.bash
[9.839s] -- Symlinking: /home/v1/Desktop/Beizo/arm_ws/install/roarm_msgs/share/roarm_msgs/local_setup.sh
[9.849s] -- Symlinking: /home/v1/Desktop/Beizo/arm_ws/install/roarm_msgs/share/roarm_msgs/local_setup.zsh
[9.859s] -- Symlinking: /home/v1/Desktop/Beizo/arm_ws/install/roarm_msgs/share/roarm_msgs/local_setup.dsv
[9.869s] -- Symlinking: /home/v1/Desktop/Beizo/arm_ws/install/roarm_msgs/share/roarm_msgs/package.dsv
[9.879s] -- Symlinking: /home/v1/Desktop/Beizo/arm_ws/install/roarm_msgs/share/ament_index/resource_index/packages/roarm_msgs
[9.889s] -- Symlinking: /home/v1/Desktop/Beizo/arm_ws/install/roarm_msgs/share/roarm_msgs/cmake/rosidl_cmake-extras.cmake
[9.899s] -- Symlinking: /home/v1/Desktop/Beizo/arm_ws/install/roarm_msgs/share/roarm_msgs/cmake/ament_cmake_export_dependencies-extras.cmake
[9.908s] -- Symlinking: /home/v1/Desktop/Beizo/arm_ws/install/roarm_msgs/share/roarm_msgs/cmake/ament_cmake_export_include_directories-extras.cmake
[9.917s] -- Symlinking: /home/v1/Desktop/Beizo/arm_ws/install/roarm_msgs/share/roarm_msgs/cmake/ament_cmake_export_libraries-extras.cmake
[9.929s] -- Symlinking: /home/v1/Desktop/Beizo/arm_ws/install/roarm_msgs/share/roarm_msgs/cmake/ament_cmake_export_targets-extras.cmake
[9.937s] -- Symlinking: /home/v1/Desktop/Beizo/arm_ws/install/roarm_msgs/share/roarm_msgs/cmake/rosidl_cmake_export_typesupport_targets-extras.cmake
[9.947s] -- Symlinking: /home/v1/Desktop/Beizo/arm_ws/install/roarm_msgs/share/roarm_msgs/cmake/rosidl_cmake_export_typesupport_libraries-extras.cmake
[9.957s] -- Symlinking: /home/v1/Desktop/Beizo/arm_ws/install/roarm_msgs/share/roarm_msgs/cmake/roarm_msgsConfig.cmake
[9.967s] -- Symlinking: /home/v1/Desktop/Beizo/arm_ws/install/roarm_msgs/share/roarm_msgs/cmake/roarm_msgsConfig-version.cmake
[9.975s] -- Symlinking: /home/v1/Desktop/Beizo/arm_ws/install/roarm_msgs/share/roarm_msgs/package.xml
[9.984s] -- Installing: /home/v1/Desktop/Beizo/arm_ws/install/roarm_msgs/lib/libroarm_msgs__rosidl_generator_c.so
[9.985s] -- Set non-toolchain portion of runtime path of "/home/v1/Desktop/Beizo/arm_ws/install/roarm_msgs/lib/libroarm_msgs__rosidl_generator_c.so" to ""
[9.985s] -- Installing: /home/v1/Desktop/Beizo/arm_ws/install/roarm_msgs/lib/libroarm_msgs__rosidl_typesupport_fastrtps_c.so
[9.985s] -- Set non-toolchain portion of runtime path of "/home/v1/Desktop/Beizo/arm_ws/install/roarm_msgs/lib/libroarm_msgs__rosidl_typesupport_fastrtps_c.so" to ""
[9.985s] -- Installing: /home/v1/Desktop/Beizo/arm_ws/install/roarm_msgs/lib/libroarm_msgs__rosidl_typesupport_introspection_c.so
[9.986s] -- Set non-toolchain portion of runtime path of "/home/v1/Desktop/Beizo/arm_ws/install/roarm_msgs/lib/libroarm_msgs__rosidl_typesupport_introspection_c.so" to ""
[9.986s] -- Installing: /home/v1/Desktop/Beizo/arm_ws/install/roarm_msgs/lib/libroarm_msgs__rosidl_typesupport_c.so
[9.986s] -- Set non-toolchain portion of runtime path of "/home/v1/Desktop/Beizo/arm_ws/install/roarm_msgs/lib/libroarm_msgs__rosidl_typesupport_c.so" to ""
[9.986s] -- Installing: /home/v1/Desktop/Beizo/arm_ws/install/roarm_msgs/lib/libroarm_msgs__rosidl_typesupport_fastrtps_cpp.so
[9.987s] -- Set non-toolchain portion of runtime path of "/home/v1/Desktop/Beizo/arm_ws/install/roarm_msgs/lib/libroarm_msgs__rosidl_typesupport_fastrtps_cpp.so" to ""
[9.987s] -- Installing: /home/v1/Desktop/Beizo/arm_ws/install/roarm_msgs/lib/libroarm_msgs__rosidl_typesupport_introspection_cpp.so
[9.987s] -- Set non-toolchain portion of runtime path of "/home/v1/Desktop/Beizo/arm_ws/install/roarm_msgs/lib/libroarm_msgs__rosidl_typesupport_introspection_cpp.so" to ""
[9.987s] -- Installing: /home/v1/Desktop/Beizo/arm_ws/install/roarm_msgs/lib/libroarm_msgs__rosidl_typesupport_cpp.so
[9.987s] -- Set non-toolchain portion of runtime path of "/home/v1/Desktop/Beizo/arm_ws/install/roarm_msgs/lib/libroarm_msgs__rosidl_typesupport_cpp.so" to ""
[10.032s] Listing '/home/v1/Desktop/Beizo/arm_ws/install/roarm_msgs/lib/python3.12/site-packages/roarm_msgs'...
[10.033s] Compiling '/home/v1/Desktop/Beizo/arm_ws/install/roarm_msgs/lib/python3.12/site-packages/roarm_msgs/__init__.py'...
[10.033s] Listing '/home/v1/Desktop/Beizo/arm_ws/install/roarm_msgs/lib/python3.12/site-packages/roarm_msgs/srv'...
[10.033s] Compiling '/home/v1/Desktop/Beizo/arm_ws/install/roarm_msgs/lib/python3.12/site-packages/roarm_msgs/srv/__init__.py'...
[10.033s] Compiling '/home/v1/Desktop/Beizo/arm_ws/install/roarm_msgs/lib/python3.12/site-packages/roarm_msgs/srv/_move_to_xyz.py'...
[10.039s] -- Installing: /home/v1/Desktop/Beizo/arm_ws/install/roarm_msgs/lib/libroarm_msgs__rosidl_generator_py.so
[10.039s] -- Set non-toolchain portion of runtime path of "/home/v1/Desktop/Beizo/arm_ws/install/roarm_msgs/lib/libroarm_msgs__rosidl_generator_py.so" to ""
[10.039s] -- Installing: /home/v1/Desktop/Beizo/arm_ws/install/roarm_msgs/share/roarm_msgs/cmake/export_roarm_msgs__rosidl_generator_cExport.cmake
[10.040s] -- Installing: /home/v1/Desktop/Beizo/arm_ws/install/roarm_msgs/share/roarm_msgs/cmake/export_roarm_msgs__rosidl_generator_cExport-noconfig.cmake
[10.040s] -- Installing: /home/v1/Desktop/Beizo/arm_ws/install/roarm_msgs/share/roarm_msgs/cmake/export_roarm_msgs__rosidl_typesupport_fastrtps_cExport.cmake
[10.040s] -- Installing: /home/v1/Desktop/Beizo/arm_ws/install/roarm_msgs/share/roarm_msgs/cmake/export_roarm_msgs__rosidl_typesupport_fastrtps_cExport-noconfig.cmake
[10.040s] -- Installing: /home/v1/Desktop/Beizo/arm_ws/install/roarm_msgs/share/roarm_msgs/cmake/roarm_msgs__rosidl_typesupport_introspection_cExport.cmake
[10.040s] -- Installing: /home/v1/Desktop/Beizo/arm_ws/install/roarm_msgs/share/roarm_msgs/cmake/roarm_msgs__rosidl_typesupport_introspection_cExport-noconfig.cmake
[10.040s] -- Installing: /home/v1/Desktop/Beizo/arm_ws/install/roarm_msgs/share/roarm_msgs/cmake/roarm_msgs__rosidl_typesupport_cExport.cmake
[10.041s] -- Installing: /home/v1/Desktop/Beizo/arm_ws/install/roarm_msgs/share/roarm_msgs/cmake/roarm_msgs__rosidl_typesupport_cExport-noconfig.cmake
[10.041s] -- Installing: /home/v1/Desktop/Beizo/arm_ws/install/roarm_msgs/share/roarm_msgs/cmake/export_roarm_msgs__rosidl_generator_cppExport.cmake
[10.041s] -- Installing: /home/v1/Desktop/Beizo/arm_ws/install/roarm_msgs/share/roarm_msgs/cmake/export_roarm_msgs__rosidl_typesupport_fastrtps_cppExport.cmake
[10.041s] -- Installing: /home/v1/Desktop/Beizo/arm_ws/install/roarm_msgs/share/roarm_msgs/cmake/export_roarm_msgs__rosidl_typesupport_fastrtps_cppExport-noconfig.cmake
[10.041s] -- Installing: /home/v1/Desktop/Beizo/arm_ws/install/roarm_msgs/share/roarm_msgs/cmake/roarm_msgs__rosidl_typesupport_introspection_cppExport.cmake
[10.041s] -- Installing: /home/v1/Desktop/Beizo/arm_ws/install/roarm_msgs/share/roarm_msgs/cmake/roarm_msgs__rosidl_typesupport_introspection_cppExport-noconfig.cmake
[10.042s] -- Installing: /home/v1/Desktop/Beizo/arm_ws/install/roarm_msgs/share/roarm_msgs/cmake/roarm_msgs__rosidl_typesupport_cppExport.cmake
[10.042s] -- Installing: /home/v1/Desktop/Beizo/arm_ws/install/roarm_msgs/share/roarm_msgs/cmake/roarm_msgs__rosidl_typesupport_cppExport-noconfig.cmake
[10.042s] -- Installing: /home/v1/Desktop/Beizo/arm_ws/install/roarm_msgs/share/roarm_msgs/cmake/export_roarm_msgs__rosidl_generator_pyExport.cmake
[10.042s] -- Installing: /home/v1/Desktop/Beizo/arm_ws/install/roarm_msgs/share/roarm_msgs/cmake/export_roarm_msgs__rosidl_generator_pyExport-noconfig.cmake
[10.044s] Invoked command in '/home/v1/Desktop/Beizo/arm_ws/build/roarm_msgs' returned '0': CMAKE_PREFIX_PATH=${CMAKE_PREFIX_PATH}:/home/v1/Desktop/Beizo/arm_ws/install/roarm_moveit_cmd:/home/v1/Desktop/Beizo/arm_ws/install/roarm_driver:/home/v1/Desktop/Beizo/arm_ws/install/roarm_description:/opt/ros/jazzy DEBUGINFOD_URLS=https://debuginfod.ubuntu.com /usr/bin/cmake --install /home/v1/Desktop/Beizo/arm_ws/build/roarm_msgs
