[2.322s] Invoking command in '/home/v1/Desktop/Beizo/arm_ws/src/roarm_description': DEBUGINFOD_URLS=https://debuginfod.ubuntu.com PYTHONPATH=/home/v1/Desktop/Beizo/arm_ws/build/roarm_description/prefix_override:/usr/lib/python3/dist-packages/colcon_core/task/python/colcon_distutils_commands:/home/v1/Desktop/Beizo/arm_ws/install/roarm_description/lib/python3.12/site-packages:${PYTHONPATH} /usr/bin/python3 -W ignore:setup.py install is deprecated -W ignore:easy_install command is deprecated setup.py egg_info --egg-base ../../build/roarm_description build --build-base /home/v1/Desktop/Beizo/arm_ws/build/roarm_description/build install --record /home/v1/Desktop/Beizo/arm_ws/build/roarm_description/install.log --single-version-externally-managed install_data
[2.992s] running egg_info
[2.992s] creating ../../build/roarm_description/roarm_description.egg-info
[3.032s] writing ../../build/roarm_description/roarm_description.egg-info/PKG-INFO
[3.032s] writing dependency_links to ../../build/roarm_description/roarm_description.egg-info/dependency_links.txt
[3.033s] writing requirements to ../../build/roarm_description/roarm_description.egg-info/requires.txt
[3.033s] writing top-level names to ../../build/roarm_description/roarm_description.egg-info/top_level.txt
[3.033s] writing manifest file '../../build/roarm_description/roarm_description.egg-info/SOURCES.txt'
[3.120s] reading manifest file '../../build/roarm_description/roarm_description.egg-info/SOURCES.txt'
[3.121s] writing manifest file '../../build/roarm_description/roarm_description.egg-info/SOURCES.txt'
[3.121s] running build
[3.121s] running build_py
[3.121s] creating /home/v1/Desktop/Beizo/arm_ws/build/roarm_description/build
[3.121s] creating /home/v1/Desktop/Beizo/arm_ws/build/roarm_description/build/lib
[3.122s] creating /home/v1/Desktop/Beizo/arm_ws/build/roarm_description/build/lib/roarm_description
[3.122s] copying roarm_description/__init__.py -> /home/v1/Desktop/Beizo/arm_ws/build/roarm_description/build/lib/roarm_description
[3.123s] running install
[3.133s] running install_lib
[3.178s] creating /home/v1/Desktop/Beizo/arm_ws/install/roarm_description/lib/python3.12/site-packages/roarm_description
[3.178s] copying /home/v1/Desktop/Beizo/arm_ws/build/roarm_description/build/lib/roarm_description/__init__.py -> /home/v1/Desktop/Beizo/arm_ws/install/roarm_description/lib/python3.12/site-packages/roarm_description
[3.179s] byte-compiling /home/v1/Desktop/Beizo/arm_ws/install/roarm_description/lib/python3.12/site-packages/roarm_description/__init__.py to __init__.cpython-312.pyc
[3.179s] running install_data
[3.179s] creating /home/v1/Desktop/Beizo/arm_ws/install/roarm_description/share/ament_index
[3.179s] creating /home/v1/Desktop/Beizo/arm_ws/install/roarm_description/share/ament_index/resource_index
[3.180s] creating /home/v1/Desktop/Beizo/arm_ws/install/roarm_description/share/ament_index/resource_index/packages
[3.180s] copying resource/roarm_description -> /home/v1/Desktop/Beizo/arm_ws/install/roarm_description/share/ament_index/resource_index/packages
[3.180s] copying package.xml -> /home/v1/Desktop/Beizo/arm_ws/install/roarm_description/share/roarm_description
[3.180s] creating /home/v1/Desktop/Beizo/arm_ws/install/roarm_description/share/roarm_description/launch
[3.180s] copying launch/display.launch.py -> /home/v1/Desktop/Beizo/arm_ws/install/roarm_description/share/roarm_description/launch
[3.181s] creating /home/v1/Desktop/Beizo/arm_ws/install/roarm_description/share/roarm_description/urdf
[3.181s] copying urdf/roarm_m3_moveit.xacro -> /home/v1/Desktop/Beizo/arm_ws/install/roarm_description/share/roarm_description/urdf
[3.181s] copying urdf/roarm_m3_description.xacro -> /home/v1/Desktop/Beizo/arm_ws/install/roarm_description/share/roarm_description/urdf
[3.181s] creating /home/v1/Desktop/Beizo/arm_ws/install/roarm_description/share/roarm_description/urdf/roarm_m3
[3.181s] copying urdf/roarm_m3/roarm_m3.xacro -> /home/v1/Desktop/Beizo/arm_ws/install/roarm_description/share/roarm_description/urdf/roarm_m3
[3.183s] copying urdf/roarm_m3/roarm_m3.gazebo -> /home/v1/Desktop/Beizo/arm_ws/install/roarm_description/share/roarm_description/urdf/roarm_m3
[3.183s] copying urdf/roarm_m3/roarm_m3.trans -> /home/v1/Desktop/Beizo/arm_ws/install/roarm_description/share/roarm_description/urdf/roarm_m3
[3.183s] copying urdf/roarm_m3/materials.xacro -> /home/v1/Desktop/Beizo/arm_ws/install/roarm_description/share/roarm_description/urdf/roarm_m3
[3.183s] creating /home/v1/Desktop/Beizo/arm_ws/install/roarm_description/share/roarm_description/meshes
[3.183s] creating /home/v1/Desktop/Beizo/arm_ws/install/roarm_description/share/roarm_description/meshes/roarm_m3
[3.184s] copying meshes/roarm_m3/link1.stl -> /home/v1/Desktop/Beizo/arm_ws/install/roarm_description/share/roarm_description/meshes/roarm_m3
[3.184s] copying meshes/roarm_m3/link2.stl -> /home/v1/Desktop/Beizo/arm_ws/install/roarm_description/share/roarm_description/meshes/roarm_m3
[3.184s] copying meshes/roarm_m3/link3.stl -> /home/v1/Desktop/Beizo/arm_ws/install/roarm_description/share/roarm_description/meshes/roarm_m3
[3.184s] copying meshes/roarm_m3/base_link.stl -> /home/v1/Desktop/Beizo/arm_ws/install/roarm_description/share/roarm_description/meshes/roarm_m3
[3.184s] copying meshes/roarm_m3/gripper_left_link.stl -> /home/v1/Desktop/Beizo/arm_ws/install/roarm_description/share/roarm_description/meshes/roarm_m3
[3.184s] copying meshes/roarm_m3/link4.stl -> /home/v1/Desktop/Beizo/arm_ws/install/roarm_description/share/roarm_description/meshes/roarm_m3
[3.185s] copying meshes/roarm_m3/gripper_link.stl -> /home/v1/Desktop/Beizo/arm_ws/install/roarm_description/share/roarm_description/meshes/roarm_m3
[3.185s] copying meshes/roarm_m3/link5.stl -> /home/v1/Desktop/Beizo/arm_ws/install/roarm_description/share/roarm_description/meshes/roarm_m3
[3.186s] creating /home/v1/Desktop/Beizo/arm_ws/install/roarm_description/share/roarm_description/rviz
[3.186s] copying rviz/view_description.rviz -> /home/v1/Desktop/Beizo/arm_ws/install/roarm_description/share/roarm_description/rviz
[3.186s] running install_egg_info
[3.230s] Copying ../../build/roarm_description/roarm_description.egg-info to /home/v1/Desktop/Beizo/arm_ws/install/roarm_description/lib/python3.12/site-packages/roarm_description-0.0.1-py3.12.egg-info
[3.232s] running install_scripts
[3.500s] writing list of installed files to '/home/v1/Desktop/Beizo/arm_ws/build/roarm_description/install.log'
[3.551s] Invoked command in '/home/v1/Desktop/Beizo/arm_ws/src/roarm_description' returned '0': DEBUGINFOD_URLS=https://debuginfod.ubuntu.com PYTHONPATH=/home/v1/Desktop/Beizo/arm_ws/build/roarm_description/prefix_override:/usr/lib/python3/dist-packages/colcon_core/task/python/colcon_distutils_commands:/home/v1/Desktop/Beizo/arm_ws/install/roarm_description/lib/python3.12/site-packages:${PYTHONPATH} /usr/bin/python3 -W ignore:setup.py install is deprecated -W ignore:easy_install command is deprecated setup.py egg_info --egg-base ../../build/roarm_description build --build-base /home/v1/Desktop/Beizo/arm_ws/build/roarm_description/build install --record /home/v1/Desktop/Beizo/arm_ws/build/roarm_description/install.log --single-version-externally-managed install_data
