[1.785s] Invoking command in '/home/v1/Desktop/Beizo/arm_ws/build/roarm_moveit_cmd': DEBUGINFOD_URLS=https://debuginfod.ubuntu.com PYTHONPATH=/home/v1/Desktop/Beizo/arm_ws/build/roarm_moveit_cmd/prefix_override:/usr/lib/python3/dist-packages/colcon_core/task/python/colcon_distutils_commands:/home/v1/Desktop/Beizo/arm_ws/install/roarm_moveit_cmd/lib/python3.12/site-packages:${PYTHONPATH} /usr/bin/python3 -W ignore:setup.py install is deprecated -W ignore:easy_install command is deprecated setup.py develop --editable --build-directory /home/v1/Desktop/Beizo/arm_ws/build/roarm_moveit_cmd/build --no-deps symlink_data
[2.367s] running develop
[2.691s] running egg_info
[2.692s] creating roarm_moveit_cmd.egg-info
[2.723s] writing roarm_moveit_cmd.egg-info/PKG-INFO
[2.724s] writing dependency_links to roarm_moveit_cmd.egg-info/dependency_links.txt
[2.724s] writing entry points to roarm_moveit_cmd.egg-info/entry_points.txt
[2.724s] writing requirements to roarm_moveit_cmd.egg-info/requires.txt
[2.724s] writing top-level names to roarm_moveit_cmd.egg-info/top_level.txt
[2.724s] writing manifest file 'roarm_moveit_cmd.egg-info/SOURCES.txt'
[2.794s] reading manifest file 'roarm_moveit_cmd.egg-info/SOURCES.txt'
[2.795s] writing manifest file 'roarm_moveit_cmd.egg-info/SOURCES.txt'
[2.829s] running build_ext
[2.829s] Creating /home/v1/Desktop/Beizo/arm_ws/install/roarm_moveit_cmd/lib/python3.12/site-packages/roarm-moveit-cmd.egg-link (link to .)
[2.830s] Installing xyz_control script to /home/v1/Desktop/Beizo/arm_ws/install/roarm_moveit_cmd/lib/roarm_moveit_cmd
[2.830s] 
[2.831s] Installed /home/v1/Desktop/Beizo/arm_ws/build/roarm_moveit_cmd
[2.831s] running symlink_data
[2.831s] creating /home/v1/Desktop/Beizo/arm_ws/install/roarm_moveit_cmd/share/ament_index
[2.831s] creating /home/v1/Desktop/Beizo/arm_ws/install/roarm_moveit_cmd/share/ament_index/resource_index
[2.831s] creating /home/v1/Desktop/Beizo/arm_ws/install/roarm_moveit_cmd/share/ament_index/resource_index/packages
[2.832s] symbolically linking /home/v1/Desktop/Beizo/arm_ws/build/roarm_moveit_cmd/resource/roarm_moveit_cmd -> /home/v1/Desktop/Beizo/arm_ws/install/roarm_moveit_cmd/share/ament_index/resource_index/packages
[2.832s] symbolically linking /home/v1/Desktop/Beizo/arm_ws/build/roarm_moveit_cmd/package.xml -> /home/v1/Desktop/Beizo/arm_ws/install/roarm_moveit_cmd/share/roarm_moveit_cmd
[2.872s] Invoked command in '/home/v1/Desktop/Beizo/arm_ws/build/roarm_moveit_cmd' returned '0': DEBUGINFOD_URLS=https://debuginfod.ubuntu.com PYTHONPATH=/home/v1/Desktop/Beizo/arm_ws/build/roarm_moveit_cmd/prefix_override:/usr/lib/python3/dist-packages/colcon_core/task/python/colcon_distutils_commands:/home/v1/Desktop/Beizo/arm_ws/install/roarm_moveit_cmd/lib/python3.12/site-packages:${PYTHONPATH} /usr/bin/python3 -W ignore:setup.py install is deprecated -W ignore:easy_install command is deprecated setup.py develop --editable --build-directory /home/v1/Desktop/Beizo/arm_ws/build/roarm_moveit_cmd/build --no-deps symlink_data
