[1.215s] Invoking command in '/home/v1/Desktop/Beizo/arm_ws/src/roarm_moveit_cmd': DEBUGINFOD_URLS=https://debuginfod.ubuntu.com PYTHONPATH=/home/v1/Desktop/Beizo/arm_ws/build/roarm_moveit_cmd/prefix_override:/usr/lib/python3/dist-packages/colcon_core/task/python/colcon_distutils_commands:/home/v1/Desktop/Beizo/arm_ws/install/roarm_moveit_cmd/lib/python3.12/site-packages:${PYTHONPATH} /usr/bin/python3 -W ignore:setup.py install is deprecated -W ignore:easy_install command is deprecated setup.py egg_info --egg-base ../../build/roarm_moveit_cmd build --build-base /home/v1/Desktop/Beizo/arm_ws/build/roarm_moveit_cmd/build install --record /home/v1/Desktop/Beizo/arm_ws/build/roarm_moveit_cmd/install.log --single-version-externally-managed install_data
[1.624s] running egg_info
[1.660s] writing ../../build/roarm_moveit_cmd/roarm_moveit_cmd.egg-info/PKG-INFO
[1.660s] writing dependency_links to ../../build/roarm_moveit_cmd/roarm_moveit_cmd.egg-info/dependency_links.txt
[1.660s] writing entry points to ../../build/roarm_moveit_cmd/roarm_moveit_cmd.egg-info/entry_points.txt
[1.661s] writing requirements to ../../build/roarm_moveit_cmd/roarm_moveit_cmd.egg-info/requires.txt
[1.661s] writing top-level names to ../../build/roarm_moveit_cmd/roarm_moveit_cmd.egg-info/top_level.txt
[1.731s] reading manifest file '../../build/roarm_moveit_cmd/roarm_moveit_cmd.egg-info/SOURCES.txt'
[1.732s] writing manifest file '../../build/roarm_moveit_cmd/roarm_moveit_cmd.egg-info/SOURCES.txt'
[1.732s] running build
[1.732s] running build_py
[1.732s] copying roarm_moveit_cmd/xyz_control.py -> /home/v1/Desktop/Beizo/arm_ws/build/roarm_moveit_cmd/build/lib/roarm_moveit_cmd
[1.733s] running install
[1.741s] running install_lib
[1.777s] copying /home/v1/Desktop/Beizo/arm_ws/build/roarm_moveit_cmd/build/lib/roarm_moveit_cmd/xyz_control.py -> /home/v1/Desktop/Beizo/arm_ws/install/roarm_moveit_cmd/lib/python3.12/site-packages/roarm_moveit_cmd
[1.778s] byte-compiling /home/v1/Desktop/Beizo/arm_ws/install/roarm_moveit_cmd/lib/python3.12/site-packages/roarm_moveit_cmd/xyz_control.py to xyz_control.cpython-312.pyc
[1.780s] running install_data
[1.780s] running install_egg_info
[1.815s] removing '/home/v1/Desktop/Beizo/arm_ws/install/roarm_moveit_cmd/lib/python3.12/site-packages/roarm_moveit_cmd-0.0.0-py3.12.egg-info' (and everything under it)
[1.815s] Copying ../../build/roarm_moveit_cmd/roarm_moveit_cmd.egg-info to /home/v1/Desktop/Beizo/arm_ws/install/roarm_moveit_cmd/lib/python3.12/site-packages/roarm_moveit_cmd-0.0.0-py3.12.egg-info
[1.817s] running install_scripts
[2.025s] Installing xyz_control script to /home/v1/Desktop/Beizo/arm_ws/install/roarm_moveit_cmd/lib/roarm_moveit_cmd
[2.025s] writing list of installed files to '/home/v1/Desktop/Beizo/arm_ws/build/roarm_moveit_cmd/install.log'
[2.065s] Invoked command in '/home/v1/Desktop/Beizo/arm_ws/src/roarm_moveit_cmd' returned '0': DEBUGINFOD_URLS=https://debuginfod.ubuntu.com PYTHONPATH=/home/v1/Desktop/Beizo/arm_ws/build/roarm_moveit_cmd/prefix_override:/usr/lib/python3/dist-packages/colcon_core/task/python/colcon_distutils_commands:/home/v1/Desktop/Beizo/arm_ws/install/roarm_moveit_cmd/lib/python3.12/site-packages:${PYTHONPATH} /usr/bin/python3 -W ignore:setup.py install is deprecated -W ignore:easy_install command is deprecated setup.py egg_info --egg-base ../../build/roarm_moveit_cmd build --build-base /home/v1/Desktop/Beizo/arm_ws/build/roarm_moveit_cmd/build install --record /home/v1/Desktop/Beizo/arm_ws/build/roarm_moveit_cmd/install.log --single-version-externally-managed install_data
