running egg_info
creating ../../build/roarm_driver/roarm_driver.egg-info
writing ../../build/roarm_driver/roarm_driver.egg-info/PKG-INFO
writing dependency_links to ../../build/roarm_driver/roarm_driver.egg-info/dependency_links.txt
writing requirements to ../../build/roarm_driver/roarm_driver.egg-info/requires.txt
writing top-level names to ../../build/roarm_driver/roarm_driver.egg-info/top_level.txt
writing manifest file '../../build/roarm_driver/roarm_driver.egg-info/SOURCES.txt'
reading manifest file '../../build/roarm_driver/roarm_driver.egg-info/SOURCES.txt'
writing manifest file '../../build/roarm_driver/roarm_driver.egg-info/SOURCES.txt'
running build
running build_py
creating /home/v1/Desktop/Beizo/arm_ws/build/roarm_driver/build
creating /home/v1/Desktop/Beizo/arm_ws/build/roarm_driver/build/lib
creating /home/v1/Desktop/Beizo/arm_ws/build/roarm_driver/build/lib/roarm_driver
copying roarm_driver/__init__.py -> /home/v1/Desktop/Beizo/arm_ws/build/roarm_driver/build/lib/roarm_driver
running install
running install_lib
creating /home/v1/Desktop/Beizo/arm_ws/install/roarm_driver/lib/python3.12/site-packages/roarm_driver
copying /home/v1/Desktop/Beizo/arm_ws/build/roarm_driver/build/lib/roarm_driver/__init__.py -> /home/v1/Desktop/Beizo/arm_ws/install/roarm_driver/lib/python3.12/site-packages/roarm_driver
byte-compiling /home/v1/Desktop/Beizo/arm_ws/install/roarm_driver/lib/python3.12/site-packages/roarm_driver/__init__.py to __init__.cpython-312.pyc
running install_data
creating /home/v1/Desktop/Beizo/arm_ws/install/roarm_driver/share/ament_index
creating /home/v1/Desktop/Beizo/arm_ws/install/roarm_driver/share/ament_index/resource_index
creating /home/v1/Desktop/Beizo/arm_ws/install/roarm_driver/share/ament_index/resource_index/packages
copying resource/roarm_driver -> /home/v1/Desktop/Beizo/arm_ws/install/roarm_driver/share/ament_index/resource_index/packages
copying package.xml -> /home/v1/Desktop/Beizo/arm_ws/install/roarm_driver/share/roarm_driver
running install_egg_info
Copying ../../build/roarm_driver/roarm_driver.egg-info to /home/v1/Desktop/Beizo/arm_ws/install/roarm_driver/lib/python3.12/site-packages/roarm_driver-0.0.0-py3.12.egg-info
running install_scripts
writing list of installed files to '/home/v1/Desktop/Beizo/arm_ws/build/roarm_driver/install.log'
