[1.862s] Invoking command in '/home/v1/Desktop/Beizo/arm_ws/src/roarm_description': CONDA_PROMPT_MODIFIER=(opencv) DEBUGINFOD_URLS=https://debuginfod.ubuntu.com PYTHONPATH=/home/v1/Desktop/Beizo/arm_ws/build/roarm_description/prefix_override:/usr/lib/python3/dist-packages/colcon_core/task/python/colcon_distutils_commands:/home/v1/Desktop/Beizo/arm_ws/install/roarm_description/lib/python3.12/site-packages:${PYTHONPATH} /usr/bin/python3 -W ignore:setup.py install is deprecated -W ignore:easy_install command is deprecated setup.py egg_info --egg-base ../../build/roarm_description build --build-base /home/v1/Desktop/Beizo/arm_ws/build/roarm_description/build install --record /home/v1/Desktop/Beizo/arm_ws/build/roarm_description/install.log --single-version-externally-managed install_data
[2.808s] running egg_info
[2.903s] writing ../../build/roarm_description/roarm_description.egg-info/PKG-INFO
[2.906s] writing dependency_links to ../../build/roarm_description/roarm_description.egg-info/dependency_links.txt
[2.906s] writing requirements to ../../build/roarm_description/roarm_description.egg-info/requires.txt
[2.906s] writing top-level names to ../../build/roarm_description/roarm_description.egg-info/top_level.txt
[3.082s] reading manifest file '../../build/roarm_description/roarm_description.egg-info/SOURCES.txt'
[3.084s] writing manifest file '../../build/roarm_description/roarm_description.egg-info/SOURCES.txt'
[3.084s] running build
[3.085s] running build_py
[3.085s] running install
[3.100s] running install_lib
[3.137s] running install_data
[3.137s] copying urdf/roarm_m3/roarm_m3.xacro -> /home/v1/Desktop/Beizo/arm_ws/install/roarm_description/share/roarm_description/urdf/roarm_m3
[3.138s] running install_egg_info
[3.181s] removing '/home/v1/Desktop/Beizo/arm_ws/install/roarm_description/lib/python3.12/site-packages/roarm_description-0.0.1-py3.12.egg-info' (and everything under it)
[3.182s] Copying ../../build/roarm_description/roarm_description.egg-info to /home/v1/Desktop/Beizo/arm_ws/install/roarm_description/lib/python3.12/site-packages/roarm_description-0.0.1-py3.12.egg-info
[3.184s] running install_scripts
[3.461s] writing list of installed files to '/home/v1/Desktop/Beizo/arm_ws/build/roarm_description/install.log'
[3.506s] Invoked command in '/home/v1/Desktop/Beizo/arm_ws/src/roarm_description' returned '0': CONDA_PROMPT_MODIFIER=(opencv) DEBUGINFOD_URLS=https://debuginfod.ubuntu.com PYTHONPATH=/home/v1/Desktop/Beizo/arm_ws/build/roarm_description/prefix_override:/usr/lib/python3/dist-packages/colcon_core/task/python/colcon_distutils_commands:/home/v1/Desktop/Beizo/arm_ws/install/roarm_description/lib/python3.12/site-packages:${PYTHONPATH} /usr/bin/python3 -W ignore:setup.py install is deprecated -W ignore:easy_install command is deprecated setup.py egg_info --egg-base ../../build/roarm_description build --build-base /home/v1/Desktop/Beizo/arm_ws/build/roarm_description/build install --record /home/v1/Desktop/Beizo/arm_ws/build/roarm_description/install.log --single-version-externally-managed install_data
