[0.171s] DEBUG:colcon:Command line arguments: ['/usr/bin/colcon', 'build']
[0.171s] DEBUG:colcon:Parsed command line arguments: Namespace(log_base=None, log_level=None, verb_name='build', build_base='build', install_base='install', merge_install=False, symlink_install=False, test_result_base=None, continue_on_error=False, executor='parallel', parallel_workers=8, event_handlers=None, ignore_user_meta=False, metas=['./colcon.meta'], base_paths=['.'], packages_ignore=None, packages_ignore_regex=None, paths=None, packages_up_to=None, packages_up_to_regex=None, packages_above=None, packages_above_and_dependencies=None, packages_above_depth=None, packages_select_by_dep=None, packages_skip_by_dep=None, packages_skip_up_to=None, packages_select_build_failed=False, packages_skip_build_finished=False, packages_select_test_failures=False, packages_skip_test_passed=False, packages_select=None, packages_skip=None, packages_select_regex=None, packages_skip_regex=None, packages_start=None, packages_end=None, allow_overriding=[], cmake_args=None, cmake_target=None, cmake_target_skip_unavailable=False, cmake_clean_cache=False, cmake_clean_first=False, cmake_force_configure=False, ament_cmake_args=None, catkin_cmake_args=None, catkin_skip_building_tests=False, mixin_files=None, mixin=None, verb_parser=<colcon_mixin.mixin.mixin_argument.MixinArgumentDecorator object at 0x78742fec5520>, verb_extension=<colcon_core.verb.build.BuildVerb object at 0x78742fe4b4a0>, main=<bound method BuildVerb.main of <colcon_core.verb.build.BuildVerb object at 0x78742fe4b4a0>>, mixin_verb=('build',))
[0.221s] Level 1:colcon.colcon_core.package_discovery:discover_packages(colcon_meta) check parameters
[0.221s] Level 1:colcon.colcon_core.package_discovery:discover_packages(recursive) check parameters
[0.221s] Level 1:colcon.colcon_core.package_discovery:discover_packages(ignore) check parameters
[0.221s] Level 1:colcon.colcon_core.package_discovery:discover_packages(path) check parameters
[0.221s] Level 1:colcon.colcon_core.package_discovery:discover_packages(colcon_meta) discover
[0.221s] Level 1:colcon.colcon_core.package_discovery:discover_packages(recursive) discover
[0.221s] INFO:colcon.colcon_core.package_discovery:Crawling recursively for packages in '/home/v1/Desktop/Beizo/arm_ws'
[0.221s] Level 1:colcon.colcon_core.package_identification:_identify(.) by extensions ['ignore', 'ignore_ament_install']
[0.222s] Level 1:colcon.colcon_core.package_identification:_identify(.) by extension 'ignore'
[0.222s] Level 1:colcon.colcon_core.package_identification:_identify(.) by extension 'ignore_ament_install'
[0.222s] Level 1:colcon.colcon_core.package_identification:_identify(.) by extensions ['colcon_pkg']
[0.222s] Level 1:colcon.colcon_core.package_identification:_identify(.) by extension 'colcon_pkg'
[0.222s] Level 1:colcon.colcon_core.package_identification:_identify(.) by extensions ['colcon_meta']
[0.222s] Level 1:colcon.colcon_core.package_identification:_identify(.) by extension 'colcon_meta'
[0.222s] Level 1:colcon.colcon_core.package_identification:_identify(.) by extensions ['ros']
[0.222s] Level 1:colcon.colcon_core.package_identification:_identify(.) by extension 'ros'
[0.261s] Level 1:colcon.colcon_core.package_identification:_identify(.) by extensions ['cmake', 'python']
[0.262s] Level 1:colcon.colcon_core.package_identification:_identify(.) by extension 'cmake'
[0.262s] Level 1:colcon.colcon_core.package_identification:_identify(.) by extension 'python'
[0.262s] Level 1:colcon.colcon_core.package_identification:_identify(.) by extensions ['python_setup_py']
[0.262s] Level 1:colcon.colcon_core.package_identification:_identify(.) by extension 'python_setup_py'
[0.262s] Level 1:colcon.colcon_core.package_identification:_identify(build) by extensions ['ignore', 'ignore_ament_install']
[0.262s] Level 1:colcon.colcon_core.package_identification:_identify(build) by extension 'ignore'
[0.262s] Level 1:colcon.colcon_core.package_identification:_identify(build) ignored
[0.263s] Level 1:colcon.colcon_core.package_identification:_identify(install) by extensions ['ignore', 'ignore_ament_install']
[0.263s] Level 1:colcon.colcon_core.package_identification:_identify(install) by extension 'ignore'
[0.263s] Level 1:colcon.colcon_core.package_identification:_identify(install) ignored
[0.263s] Level 1:colcon.colcon_core.package_identification:_identify(log) by extensions ['ignore', 'ignore_ament_install']
[0.263s] Level 1:colcon.colcon_core.package_identification:_identify(log) by extension 'ignore'
[0.263s] Level 1:colcon.colcon_core.package_identification:_identify(log) ignored
[0.263s] Level 1:colcon.colcon_core.package_identification:_identify(src) by extensions ['ignore', 'ignore_ament_install']
[0.264s] Level 1:colcon.colcon_core.package_identification:_identify(src) by extension 'ignore'
[0.264s] Level 1:colcon.colcon_core.package_identification:_identify(src) by extension 'ignore_ament_install'
[0.264s] Level 1:colcon.colcon_core.package_identification:_identify(src) by extensions ['colcon_pkg']
[0.264s] Level 1:colcon.colcon_core.package_identification:_identify(src) by extension 'colcon_pkg'
[0.264s] Level 1:colcon.colcon_core.package_identification:_identify(src) by extensions ['colcon_meta']
[0.264s] Level 1:colcon.colcon_core.package_identification:_identify(src) by extension 'colcon_meta'
[0.264s] Level 1:colcon.colcon_core.package_identification:_identify(src) by extensions ['ros']
[0.264s] Level 1:colcon.colcon_core.package_identification:_identify(src) by extension 'ros'
[0.264s] Level 1:colcon.colcon_core.package_identification:_identify(src) by extensions ['cmake', 'python']
[0.264s] Level 1:colcon.colcon_core.package_identification:_identify(src) by extension 'cmake'
[0.264s] Level 1:colcon.colcon_core.package_identification:_identify(src) by extension 'python'
[0.264s] Level 1:colcon.colcon_core.package_identification:_identify(src) by extensions ['python_setup_py']
[0.265s] Level 1:colcon.colcon_core.package_identification:_identify(src) by extension 'python_setup_py'
[0.265s] Level 1:colcon.colcon_core.package_identification:_identify(src/roarm_description) by extensions ['ignore', 'ignore_ament_install']
[0.265s] Level 1:colcon.colcon_core.package_identification:_identify(src/roarm_description) by extension 'ignore'
[0.265s] Level 1:colcon.colcon_core.package_identification:_identify(src/roarm_description) by extension 'ignore_ament_install'
[0.265s] Level 1:colcon.colcon_core.package_identification:_identify(src/roarm_description) by extensions ['colcon_pkg']
[0.265s] Level 1:colcon.colcon_core.package_identification:_identify(src/roarm_description) by extension 'colcon_pkg'
[0.265s] Level 1:colcon.colcon_core.package_identification:_identify(src/roarm_description) by extensions ['colcon_meta']
[0.265s] Level 1:colcon.colcon_core.package_identification:_identify(src/roarm_description) by extension 'colcon_meta'
[0.265s] Level 1:colcon.colcon_core.package_identification:_identify(src/roarm_description) by extensions ['ros']
[0.265s] Level 1:colcon.colcon_core.package_identification:_identify(src/roarm_description) by extension 'ros'
[0.268s] DEBUG:colcon.colcon_core.package_identification:Package 'src/roarm_description' with type 'ros.ament_python' and name 'roarm_description'
[0.269s] Level 1:colcon.colcon_core.package_identification:_identify(src/roarm_driver) by extensions ['ignore', 'ignore_ament_install']
[0.269s] Level 1:colcon.colcon_core.package_identification:_identify(src/roarm_driver) by extension 'ignore'
[0.269s] Level 1:colcon.colcon_core.package_identification:_identify(src/roarm_driver) by extension 'ignore_ament_install'
[0.269s] Level 1:colcon.colcon_core.package_identification:_identify(src/roarm_driver) by extensions ['colcon_pkg']
[0.269s] Level 1:colcon.colcon_core.package_identification:_identify(src/roarm_driver) by extension 'colcon_pkg'
[0.269s] Level 1:colcon.colcon_core.package_identification:_identify(src/roarm_driver) by extensions ['colcon_meta']
[0.269s] Level 1:colcon.colcon_core.package_identification:_identify(src/roarm_driver) by extension 'colcon_meta'
[0.270s] Level 1:colcon.colcon_core.package_identification:_identify(src/roarm_driver) by extensions ['ros']
[0.270s] Level 1:colcon.colcon_core.package_identification:_identify(src/roarm_driver) by extension 'ros'
[0.271s] DEBUG:colcon.colcon_core.package_identification:Package 'src/roarm_driver' with type 'ros.ament_python' and name 'roarm_driver'
[0.271s] Level 1:colcon.colcon_core.package_identification:_identify(src/roarm_moveit_cmd) by extensions ['ignore', 'ignore_ament_install']
[0.271s] Level 1:colcon.colcon_core.package_identification:_identify(src/roarm_moveit_cmd) by extension 'ignore'
[0.271s] Level 1:colcon.colcon_core.package_identification:_identify(src/roarm_moveit_cmd) by extension 'ignore_ament_install'
[0.272s] Level 1:colcon.colcon_core.package_identification:_identify(src/roarm_moveit_cmd) by extensions ['colcon_pkg']
[0.272s] Level 1:colcon.colcon_core.package_identification:_identify(src/roarm_moveit_cmd) by extension 'colcon_pkg'
[0.272s] Level 1:colcon.colcon_core.package_identification:_identify(src/roarm_moveit_cmd) by extensions ['colcon_meta']
[0.272s] Level 1:colcon.colcon_core.package_identification:_identify(src/roarm_moveit_cmd) by extension 'colcon_meta'
[0.272s] Level 1:colcon.colcon_core.package_identification:_identify(src/roarm_moveit_cmd) by extensions ['ros']
[0.272s] Level 1:colcon.colcon_core.package_identification:_identify(src/roarm_moveit_cmd) by extension 'ros'
[0.273s] DEBUG:colcon.colcon_core.package_identification:Package 'src/roarm_moveit_cmd' with type 'ros.ament_python' and name 'roarm_moveit_cmd'
[0.273s] Level 1:colcon.colcon_core.package_identification:_identify(src/roarm_moveit_config) by extensions ['ignore', 'ignore_ament_install']
[0.274s] Level 1:colcon.colcon_core.package_identification:_identify(src/roarm_moveit_config) by extension 'ignore'
[0.274s] Level 1:colcon.colcon_core.package_identification:_identify(src/roarm_moveit_config) by extension 'ignore_ament_install'
[0.274s] Level 1:colcon.colcon_core.package_identification:_identify(src/roarm_moveit_config) by extensions ['colcon_pkg']
[0.274s] Level 1:colcon.colcon_core.package_identification:_identify(src/roarm_moveit_config) by extension 'colcon_pkg'
[0.274s] Level 1:colcon.colcon_core.package_identification:_identify(src/roarm_moveit_config) by extensions ['colcon_meta']
[0.274s] Level 1:colcon.colcon_core.package_identification:_identify(src/roarm_moveit_config) by extension 'colcon_meta'
[0.274s] Level 1:colcon.colcon_core.package_identification:_identify(src/roarm_moveit_config) by extensions ['ros']
[0.274s] Level 1:colcon.colcon_core.package_identification:_identify(src/roarm_moveit_config) by extension 'ros'
[0.275s] DEBUG:colcon.colcon_core.package_identification:Package 'src/roarm_moveit_config' with type 'ros.ament_cmake' and name 'roarm_moveit_config'
[0.275s] Level 1:colcon.colcon_core.package_identification:_identify(src/roarm_msgs) by extensions ['ignore', 'ignore_ament_install']
[0.275s] Level 1:colcon.colcon_core.package_identification:_identify(src/roarm_msgs) by extension 'ignore'
[0.276s] Level 1:colcon.colcon_core.package_identification:_identify(src/roarm_msgs) by extension 'ignore_ament_install'
[0.276s] Level 1:colcon.colcon_core.package_identification:_identify(src/roarm_msgs) by extensions ['colcon_pkg']
[0.276s] Level 1:colcon.colcon_core.package_identification:_identify(src/roarm_msgs) by extension 'colcon_pkg'
[0.276s] Level 1:colcon.colcon_core.package_identification:_identify(src/roarm_msgs) by extensions ['colcon_meta']
[0.276s] Level 1:colcon.colcon_core.package_identification:_identify(src/roarm_msgs) by extension 'colcon_meta'
[0.276s] Level 1:colcon.colcon_core.package_identification:_identify(src/roarm_msgs) by extensions ['ros']
[0.276s] Level 1:colcon.colcon_core.package_identification:_identify(src/roarm_msgs) by extension 'ros'
[0.277s] DEBUG:colcon.colcon_core.package_identification:Package 'src/roarm_msgs' with type 'ros.ament_cmake' and name 'roarm_msgs'
[0.277s] Level 1:colcon.colcon_core.package_discovery:discover_packages(recursive) using defaults
[0.277s] Level 1:colcon.colcon_core.package_discovery:discover_packages(ignore) discover
[0.277s] Level 1:colcon.colcon_core.package_discovery:discover_packages(ignore) using defaults
[0.277s] Level 1:colcon.colcon_core.package_discovery:discover_packages(path) discover
[0.277s] Level 1:colcon.colcon_core.package_discovery:discover_packages(path) using defaults
[0.300s] Level 1:colcon.colcon_core.package_discovery:discover_packages(prefix_path) check parameters
[0.301s] Level 1:colcon.colcon_core.package_discovery:discover_packages(prefix_path) discover
[0.303s] DEBUG:colcon.colcon_installed_package_information.package_discovery:Found 5 installed packages in /home/v1/Desktop/Beizo/arm_ws/install
[0.305s] DEBUG:colcon.colcon_installed_package_information.package_discovery:Found 420 installed packages in /opt/ros/jazzy
[0.309s] Level 1:colcon.colcon_core.package_discovery:discover_packages(prefix_path) using defaults
[0.391s] Level 5:colcon.colcon_core.verb:set package 'roarm_description' build argument 'cmake_args' from command line to 'None'
[0.391s] Level 5:colcon.colcon_core.verb:set package 'roarm_description' build argument 'cmake_target' from command line to 'None'
[0.391s] Level 5:colcon.colcon_core.verb:set package 'roarm_description' build argument 'cmake_target_skip_unavailable' from command line to 'False'
[0.391s] Level 5:colcon.colcon_core.verb:set package 'roarm_description' build argument 'cmake_clean_cache' from command line to 'False'
[0.391s] Level 5:colcon.colcon_core.verb:set package 'roarm_description' build argument 'cmake_clean_first' from command line to 'False'
[0.391s] Level 5:colcon.colcon_core.verb:set package 'roarm_description' build argument 'cmake_force_configure' from command line to 'False'
[0.391s] Level 5:colcon.colcon_core.verb:set package 'roarm_description' build argument 'ament_cmake_args' from command line to 'None'
[0.391s] Level 5:colcon.colcon_core.verb:set package 'roarm_description' build argument 'catkin_cmake_args' from command line to 'None'
[0.391s] Level 5:colcon.colcon_core.verb:set package 'roarm_description' build argument 'catkin_skip_building_tests' from command line to 'False'
[0.391s] DEBUG:colcon.colcon_core.verb:Building package 'roarm_description' with the following arguments: {'ament_cmake_args': None, 'build_base': '/home/v1/Desktop/Beizo/arm_ws/build/roarm_description', 'catkin_cmake_args': None, 'catkin_skip_building_tests': False, 'cmake_args': None, 'cmake_clean_cache': False, 'cmake_clean_first': False, 'cmake_force_configure': False, 'cmake_target': None, 'cmake_target_skip_unavailable': False, 'install_base': '/home/v1/Desktop/Beizo/arm_ws/install/roarm_description', 'merge_install': False, 'path': '/home/v1/Desktop/Beizo/arm_ws/src/roarm_description', 'symlink_install': False, 'test_result_base': None}
[0.392s] Level 5:colcon.colcon_core.verb:set package 'roarm_driver' build argument 'cmake_args' from command line to 'None'
[0.392s] Level 5:colcon.colcon_core.verb:set package 'roarm_driver' build argument 'cmake_target' from command line to 'None'
[0.392s] Level 5:colcon.colcon_core.verb:set package 'roarm_driver' build argument 'cmake_target_skip_unavailable' from command line to 'False'
[0.392s] Level 5:colcon.colcon_core.verb:set package 'roarm_driver' build argument 'cmake_clean_cache' from command line to 'False'
[0.392s] Level 5:colcon.colcon_core.verb:set package 'roarm_driver' build argument 'cmake_clean_first' from command line to 'False'
[0.392s] Level 5:colcon.colcon_core.verb:set package 'roarm_driver' build argument 'cmake_force_configure' from command line to 'False'
[0.392s] Level 5:colcon.colcon_core.verb:set package 'roarm_driver' build argument 'ament_cmake_args' from command line to 'None'
[0.392s] Level 5:colcon.colcon_core.verb:set package 'roarm_driver' build argument 'catkin_cmake_args' from command line to 'None'
[0.393s] Level 5:colcon.colcon_core.verb:set package 'roarm_driver' build argument 'catkin_skip_building_tests' from command line to 'False'
[0.393s] DEBUG:colcon.colcon_core.verb:Building package 'roarm_driver' with the following arguments: {'ament_cmake_args': None, 'build_base': '/home/v1/Desktop/Beizo/arm_ws/build/roarm_driver', 'catkin_cmake_args': None, 'catkin_skip_building_tests': False, 'cmake_args': None, 'cmake_clean_cache': False, 'cmake_clean_first': False, 'cmake_force_configure': False, 'cmake_target': None, 'cmake_target_skip_unavailable': False, 'install_base': '/home/v1/Desktop/Beizo/arm_ws/install/roarm_driver', 'merge_install': False, 'path': '/home/v1/Desktop/Beizo/arm_ws/src/roarm_driver', 'symlink_install': False, 'test_result_base': None}
[0.393s] Level 5:colcon.colcon_core.verb:set package 'roarm_msgs' build argument 'cmake_args' from command line to 'None'
[0.393s] Level 5:colcon.colcon_core.verb:set package 'roarm_msgs' build argument 'cmake_target' from command line to 'None'
[0.393s] Level 5:colcon.colcon_core.verb:set package 'roarm_msgs' build argument 'cmake_target_skip_unavailable' from command line to 'False'
[0.393s] Level 5:colcon.colcon_core.verb:set package 'roarm_msgs' build argument 'cmake_clean_cache' from command line to 'False'
[0.393s] Level 5:colcon.colcon_core.verb:set package 'roarm_msgs' build argument 'cmake_clean_first' from command line to 'False'
[0.393s] Level 5:colcon.colcon_core.verb:set package 'roarm_msgs' build argument 'cmake_force_configure' from command line to 'False'
[0.393s] Level 5:colcon.colcon_core.verb:set package 'roarm_msgs' build argument 'ament_cmake_args' from command line to 'None'
[0.394s] Level 5:colcon.colcon_core.verb:set package 'roarm_msgs' build argument 'catkin_cmake_args' from command line to 'None'
[0.394s] Level 5:colcon.colcon_core.verb:set package 'roarm_msgs' build argument 'catkin_skip_building_tests' from command line to 'False'
[0.394s] DEBUG:colcon.colcon_core.verb:Building package 'roarm_msgs' with the following arguments: {'ament_cmake_args': None, 'build_base': '/home/v1/Desktop/Beizo/arm_ws/build/roarm_msgs', 'catkin_cmake_args': None, 'catkin_skip_building_tests': False, 'cmake_args': None, 'cmake_clean_cache': False, 'cmake_clean_first': False, 'cmake_force_configure': False, 'cmake_target': None, 'cmake_target_skip_unavailable': False, 'install_base': '/home/v1/Desktop/Beizo/arm_ws/install/roarm_msgs', 'merge_install': False, 'path': '/home/v1/Desktop/Beizo/arm_ws/src/roarm_msgs', 'symlink_install': False, 'test_result_base': None}
[0.394s] Level 5:colcon.colcon_core.verb:set package 'roarm_moveit_cmd' build argument 'cmake_args' from command line to 'None'
[0.394s] Level 5:colcon.colcon_core.verb:set package 'roarm_moveit_cmd' build argument 'cmake_target' from command line to 'None'
[0.394s] Level 5:colcon.colcon_core.verb:set package 'roarm_moveit_cmd' build argument 'cmake_target_skip_unavailable' from command line to 'False'
[0.394s] Level 5:colcon.colcon_core.verb:set package 'roarm_moveit_cmd' build argument 'cmake_clean_cache' from command line to 'False'
[0.394s] Level 5:colcon.colcon_core.verb:set package 'roarm_moveit_cmd' build argument 'cmake_clean_first' from command line to 'False'
[0.394s] Level 5:colcon.colcon_core.verb:set package 'roarm_moveit_cmd' build argument 'cmake_force_configure' from command line to 'False'
[0.394s] Level 5:colcon.colcon_core.verb:set package 'roarm_moveit_cmd' build argument 'ament_cmake_args' from command line to 'None'
[0.394s] Level 5:colcon.colcon_core.verb:set package 'roarm_moveit_cmd' build argument 'catkin_cmake_args' from command line to 'None'
[0.394s] Level 5:colcon.colcon_core.verb:set package 'roarm_moveit_cmd' build argument 'catkin_skip_building_tests' from command line to 'False'
[0.394s] DEBUG:colcon.colcon_core.verb:Building package 'roarm_moveit_cmd' with the following arguments: {'ament_cmake_args': None, 'build_base': '/home/v1/Desktop/Beizo/arm_ws/build/roarm_moveit_cmd', 'catkin_cmake_args': None, 'catkin_skip_building_tests': False, 'cmake_args': None, 'cmake_clean_cache': False, 'cmake_clean_first': False, 'cmake_force_configure': False, 'cmake_target': None, 'cmake_target_skip_unavailable': False, 'install_base': '/home/v1/Desktop/Beizo/arm_ws/install/roarm_moveit_cmd', 'merge_install': False, 'path': '/home/v1/Desktop/Beizo/arm_ws/src/roarm_moveit_cmd', 'symlink_install': False, 'test_result_base': None}
[0.395s] Level 5:colcon.colcon_core.verb:set package 'roarm_moveit_config' build argument 'cmake_args' from command line to 'None'
[0.395s] Level 5:colcon.colcon_core.verb:set package 'roarm_moveit_config' build argument 'cmake_target' from command line to 'None'
[0.395s] Level 5:colcon.colcon_core.verb:set package 'roarm_moveit_config' build argument 'cmake_target_skip_unavailable' from command line to 'False'
[0.395s] Level 5:colcon.colcon_core.verb:set package 'roarm_moveit_config' build argument 'cmake_clean_cache' from command line to 'False'
[0.395s] Level 5:colcon.colcon_core.verb:set package 'roarm_moveit_config' build argument 'cmake_clean_first' from command line to 'False'
[0.395s] Level 5:colcon.colcon_core.verb:set package 'roarm_moveit_config' build argument 'cmake_force_configure' from command line to 'False'
[0.395s] Level 5:colcon.colcon_core.verb:set package 'roarm_moveit_config' build argument 'ament_cmake_args' from command line to 'None'
[0.395s] Level 5:colcon.colcon_core.verb:set package 'roarm_moveit_config' build argument 'catkin_cmake_args' from command line to 'None'
[0.395s] Level 5:colcon.colcon_core.verb:set package 'roarm_moveit_config' build argument 'catkin_skip_building_tests' from command line to 'False'
[0.395s] DEBUG:colcon.colcon_core.verb:Building package 'roarm_moveit_config' with the following arguments: {'ament_cmake_args': None, 'build_base': '/home/v1/Desktop/Beizo/arm_ws/build/roarm_moveit_config', 'catkin_cmake_args': None, 'catkin_skip_building_tests': False, 'cmake_args': None, 'cmake_clean_cache': False, 'cmake_clean_first': False, 'cmake_force_configure': False, 'cmake_target': None, 'cmake_target_skip_unavailable': False, 'install_base': '/home/v1/Desktop/Beizo/arm_ws/install/roarm_moveit_config', 'merge_install': False, 'path': '/home/v1/Desktop/Beizo/arm_ws/src/roarm_moveit_config', 'symlink_install': False, 'test_result_base': None}
[0.395s] INFO:colcon.colcon_core.executor:Executing jobs using 'parallel' executor
[0.396s] DEBUG:colcon.colcon_parallel_executor.executor.parallel:run_until_complete
[0.397s] INFO:colcon.colcon_ros.task.ament_python.build:Building ROS package in '/home/v1/Desktop/Beizo/arm_ws/src/roarm_description' with build type 'ament_python'
[0.397s] Level 1:colcon.colcon_core.shell:create_environment_hook('roarm_description', 'ament_prefix_path')
[0.401s] INFO:colcon.colcon_core.plugin_system:Skipping extension 'colcon_core.shell.bat': Not used on non-Windows systems
[0.401s] INFO:colcon.colcon_core.shell:Creating environment hook '/home/v1/Desktop/Beizo/arm_ws/install/roarm_description/share/roarm_description/hook/ament_prefix_path.ps1'
[0.402s] INFO:colcon.colcon_core.shell:Creating environment descriptor '/home/v1/Desktop/Beizo/arm_ws/install/roarm_description/share/roarm_description/hook/ament_prefix_path.dsv'
[0.403s] INFO:colcon.colcon_core.shell:Creating environment hook '/home/v1/Desktop/Beizo/arm_ws/install/roarm_description/share/roarm_description/hook/ament_prefix_path.sh'
[0.404s] INFO:colcon.colcon_core.shell:Skip shell extension 'powershell' for command environment: Not usable outside of PowerShell
[0.405s] DEBUG:colcon.colcon_core.shell:Skip shell extension 'dsv' for command environment
[0.412s] INFO:colcon.colcon_ros.task.ament_cmake.build:Building ROS package in '/home/v1/Desktop/Beizo/arm_ws/src/roarm_msgs' with build type 'ament_cmake'
[0.412s] INFO:colcon.colcon_cmake.task.cmake.build:Building CMake package in '/home/v1/Desktop/Beizo/arm_ws/src/roarm_msgs'
[0.413s] INFO:colcon.colcon_core.shell:Skip shell extension 'powershell' for command environment: Not usable outside of PowerShell
[0.413s] DEBUG:colcon.colcon_core.shell:Skip shell extension 'dsv' for command environment
[0.419s] INFO:colcon.colcon_ros.task.ament_python.build:Building ROS package in '/home/v1/Desktop/Beizo/arm_ws/src/roarm_driver' with build type 'ament_python'
[0.420s] Level 1:colcon.colcon_core.shell:create_environment_hook('roarm_driver', 'ament_prefix_path')
[0.420s] INFO:colcon.colcon_core.shell:Creating environment hook '/home/v1/Desktop/Beizo/arm_ws/install/roarm_driver/share/roarm_driver/hook/ament_prefix_path.ps1'
[0.421s] INFO:colcon.colcon_core.shell:Creating environment descriptor '/home/v1/Desktop/Beizo/arm_ws/install/roarm_driver/share/roarm_driver/hook/ament_prefix_path.dsv'
[0.422s] INFO:colcon.colcon_core.shell:Creating environment hook '/home/v1/Desktop/Beizo/arm_ws/install/roarm_driver/share/roarm_driver/hook/ament_prefix_path.sh'
[0.423s] INFO:colcon.colcon_core.shell:Skip shell extension 'powershell' for command environment: Not usable outside of PowerShell
[0.423s] DEBUG:colcon.colcon_core.shell:Skip shell extension 'dsv' for command environment
[0.911s] INFO:colcon.colcon_core.task.python.build:Building Python package in '/home/v1/Desktop/Beizo/arm_ws/src/roarm_description'
[0.914s] INFO:colcon.colcon_core.shell:Skip shell extension 'powershell' for command environment: Not usable outside of PowerShell
[0.914s] DEBUG:colcon.colcon_core.shell:Skip shell extension 'dsv' for command environment
[0.944s] DEBUG:colcon.colcon_core.event_handler.log_command:Invoking command in '/home/v1/Desktop/Beizo/arm_ws/build/roarm_msgs': CMAKE_PREFIX_PATH=${CMAKE_PREFIX_PATH}:/home/v1/Desktop/Beizo/arm_ws/install/roarm_moveit_cmd:/home/v1/Desktop/Beizo/arm_ws/install/roarm_driver:/home/v1/Desktop/Beizo/arm_ws/install/roarm_description:/opt/ros/jazzy CONDA_PROMPT_MODIFIER=(opencv) DEBUGINFOD_URLS=https://debuginfod.ubuntu.com /usr/bin/cmake --build /home/v1/Desktop/Beizo/arm_ws/build/roarm_msgs -- -j8 -l8
[1.993s] INFO:colcon.colcon_core.task.python.build:Building Python package in '/home/v1/Desktop/Beizo/arm_ws/src/roarm_driver'
[1.994s] INFO:colcon.colcon_core.shell:Skip shell extension 'powershell' for command environment: Not usable outside of PowerShell
[1.994s] DEBUG:colcon.colcon_core.shell:Skip shell extension 'dsv' for command environment
[2.522s] DEBUG:colcon.colcon_core.event_handler.log_command:Invoked command in '/home/v1/Desktop/Beizo/arm_ws/build/roarm_msgs' returned '0': CMAKE_PREFIX_PATH=${CMAKE_PREFIX_PATH}:/home/v1/Desktop/Beizo/arm_ws/install/roarm_moveit_cmd:/home/v1/Desktop/Beizo/arm_ws/install/roarm_driver:/home/v1/Desktop/Beizo/arm_ws/install/roarm_description:/opt/ros/jazzy CONDA_PROMPT_MODIFIER=(opencv) DEBUGINFOD_URLS=https://debuginfod.ubuntu.com /usr/bin/cmake --build /home/v1/Desktop/Beizo/arm_ws/build/roarm_msgs -- -j8 -l8
[2.547s] DEBUG:colcon.colcon_core.event_handler.log_command:Invoking command in '/home/v1/Desktop/Beizo/arm_ws/build/roarm_msgs': CMAKE_PREFIX_PATH=${CMAKE_PREFIX_PATH}:/home/v1/Desktop/Beizo/arm_ws/install/roarm_moveit_cmd:/home/v1/Desktop/Beizo/arm_ws/install/roarm_driver:/home/v1/Desktop/Beizo/arm_ws/install/roarm_description:/opt/ros/jazzy CONDA_PROMPT_MODIFIER=(opencv) DEBUGINFOD_URLS=https://debuginfod.ubuntu.com /usr/bin/cmake --install /home/v1/Desktop/Beizo/arm_ws/build/roarm_msgs
[2.694s] Level 1:colcon.colcon_core.environment:create_environment_scripts_only(roarm_msgs)
[2.695s] DEBUG:colcon.colcon_core.event_handler.log_command:Invoked command in '/home/v1/Desktop/Beizo/arm_ws/build/roarm_msgs' returned '0': CMAKE_PREFIX_PATH=${CMAKE_PREFIX_PATH}:/home/v1/Desktop/Beizo/arm_ws/install/roarm_moveit_cmd:/home/v1/Desktop/Beizo/arm_ws/install/roarm_driver:/home/v1/Desktop/Beizo/arm_ws/install/roarm_description:/opt/ros/jazzy CONDA_PROMPT_MODIFIER=(opencv) DEBUGINFOD_URLS=https://debuginfod.ubuntu.com /usr/bin/cmake --install /home/v1/Desktop/Beizo/arm_ws/build/roarm_msgs
[2.700s] Level 1:colcon.colcon_core.environment:checking '/home/v1/Desktop/Beizo/arm_ws/install/roarm_msgs' for CMake module files
[2.701s] Level 1:colcon.colcon_core.environment:checking '/home/v1/Desktop/Beizo/arm_ws/install/roarm_msgs' for CMake config files
[2.702s] Level 1:colcon.colcon_core.shell:create_environment_hook('roarm_msgs', 'cmake_prefix_path')
[2.702s] INFO:colcon.colcon_core.shell:Creating environment hook '/home/v1/Desktop/Beizo/arm_ws/install/roarm_msgs/share/roarm_msgs/hook/cmake_prefix_path.ps1'
[2.703s] INFO:colcon.colcon_core.shell:Creating environment descriptor '/home/v1/Desktop/Beizo/arm_ws/install/roarm_msgs/share/roarm_msgs/hook/cmake_prefix_path.dsv'
[2.704s] INFO:colcon.colcon_core.shell:Creating environment hook '/home/v1/Desktop/Beizo/arm_ws/install/roarm_msgs/share/roarm_msgs/hook/cmake_prefix_path.sh'
[2.705s] Level 1:colcon.colcon_core.environment:checking '/home/v1/Desktop/Beizo/arm_ws/install/roarm_msgs/lib'
[2.706s] Level 1:colcon.colcon_core.shell:create_environment_hook('roarm_msgs', 'ld_library_path_lib')
[2.706s] INFO:colcon.colcon_core.shell:Creating environment hook '/home/v1/Desktop/Beizo/arm_ws/install/roarm_msgs/share/roarm_msgs/hook/ld_library_path_lib.ps1'
[2.707s] INFO:colcon.colcon_core.shell:Creating environment descriptor '/home/v1/Desktop/Beizo/arm_ws/install/roarm_msgs/share/roarm_msgs/hook/ld_library_path_lib.dsv'
[2.708s] INFO:colcon.colcon_core.shell:Creating environment hook '/home/v1/Desktop/Beizo/arm_ws/install/roarm_msgs/share/roarm_msgs/hook/ld_library_path_lib.sh'
[2.709s] Level 1:colcon.colcon_core.environment:checking '/home/v1/Desktop/Beizo/arm_ws/install/roarm_msgs/bin'
[2.709s] Level 1:colcon.colcon_core.environment:checking '/home/v1/Desktop/Beizo/arm_ws/install/roarm_msgs/lib/pkgconfig/roarm_msgs.pc'
[2.710s] Level 1:colcon.colcon_core.environment:checking '/home/v1/Desktop/Beizo/arm_ws/install/roarm_msgs/lib/python3.12/site-packages'
[2.710s] Level 1:colcon.colcon_core.shell:create_environment_hook('roarm_msgs', 'pythonpath')
[2.710s] INFO:colcon.colcon_core.shell:Creating environment hook '/home/v1/Desktop/Beizo/arm_ws/install/roarm_msgs/share/roarm_msgs/hook/pythonpath.ps1'
[2.711s] INFO:colcon.colcon_core.shell:Creating environment descriptor '/home/v1/Desktop/Beizo/arm_ws/install/roarm_msgs/share/roarm_msgs/hook/pythonpath.dsv'
[2.712s] INFO:colcon.colcon_core.shell:Creating environment hook '/home/v1/Desktop/Beizo/arm_ws/install/roarm_msgs/share/roarm_msgs/hook/pythonpath.sh'
[2.713s] Level 1:colcon.colcon_core.environment:checking '/home/v1/Desktop/Beizo/arm_ws/install/roarm_msgs/bin'
[2.714s] INFO:colcon.colcon_core.shell:Creating package script '/home/v1/Desktop/Beizo/arm_ws/install/roarm_msgs/share/roarm_msgs/package.ps1'
[2.715s] INFO:colcon.colcon_core.shell:Creating package descriptor '/home/v1/Desktop/Beizo/arm_ws/install/roarm_msgs/share/roarm_msgs/package.dsv'
[2.717s] INFO:colcon.colcon_core.shell:Creating package script '/home/v1/Desktop/Beizo/arm_ws/install/roarm_msgs/share/roarm_msgs/package.sh'
[2.718s] INFO:colcon.colcon_core.shell:Creating package script '/home/v1/Desktop/Beizo/arm_ws/install/roarm_msgs/share/roarm_msgs/package.bash'
[2.719s] INFO:colcon.colcon_core.shell:Creating package script '/home/v1/Desktop/Beizo/arm_ws/install/roarm_msgs/share/roarm_msgs/package.zsh'
[2.721s] Level 1:colcon.colcon_core.environment:create_file_with_runtime_dependencies(/home/v1/Desktop/Beizo/arm_ws/install/roarm_msgs/share/colcon-core/packages/roarm_msgs)
[2.722s] Level 1:colcon.colcon_core.environment:create_environment_scripts_only(roarm_msgs)
[2.722s] Level 1:colcon.colcon_core.environment:checking '/home/v1/Desktop/Beizo/arm_ws/install/roarm_msgs' for CMake module files
[2.724s] Level 1:colcon.colcon_core.environment:checking '/home/v1/Desktop/Beizo/arm_ws/install/roarm_msgs' for CMake config files
[2.725s] Level 1:colcon.colcon_core.shell:create_environment_hook('roarm_msgs', 'cmake_prefix_path')
[2.725s] INFO:colcon.colcon_core.shell:Creating environment hook '/home/v1/Desktop/Beizo/arm_ws/install/roarm_msgs/share/roarm_msgs/hook/cmake_prefix_path.ps1'
[2.726s] INFO:colcon.colcon_core.shell:Creating environment descriptor '/home/v1/Desktop/Beizo/arm_ws/install/roarm_msgs/share/roarm_msgs/hook/cmake_prefix_path.dsv'
[2.727s] INFO:colcon.colcon_core.shell:Creating environment hook '/home/v1/Desktop/Beizo/arm_ws/install/roarm_msgs/share/roarm_msgs/hook/cmake_prefix_path.sh'
[2.729s] Level 1:colcon.colcon_core.environment:checking '/home/v1/Desktop/Beizo/arm_ws/install/roarm_msgs/lib'
[2.729s] Level 1:colcon.colcon_core.shell:create_environment_hook('roarm_msgs', 'ld_library_path_lib')
[2.729s] INFO:colcon.colcon_core.shell:Creating environment hook '/home/v1/Desktop/Beizo/arm_ws/install/roarm_msgs/share/roarm_msgs/hook/ld_library_path_lib.ps1'
[2.730s] INFO:colcon.colcon_core.shell:Creating environment descriptor '/home/v1/Desktop/Beizo/arm_ws/install/roarm_msgs/share/roarm_msgs/hook/ld_library_path_lib.dsv'
[2.731s] INFO:colcon.colcon_core.shell:Creating environment hook '/home/v1/Desktop/Beizo/arm_ws/install/roarm_msgs/share/roarm_msgs/hook/ld_library_path_lib.sh'
[2.732s] Level 1:colcon.colcon_core.environment:checking '/home/v1/Desktop/Beizo/arm_ws/install/roarm_msgs/bin'
[2.732s] Level 1:colcon.colcon_core.environment:checking '/home/v1/Desktop/Beizo/arm_ws/install/roarm_msgs/lib/pkgconfig/roarm_msgs.pc'
[2.732s] Level 1:colcon.colcon_core.environment:checking '/home/v1/Desktop/Beizo/arm_ws/install/roarm_msgs/lib/python3.12/site-packages'
[2.733s] Level 1:colcon.colcon_core.shell:create_environment_hook('roarm_msgs', 'pythonpath')
[2.733s] INFO:colcon.colcon_core.shell:Creating environment hook '/home/v1/Desktop/Beizo/arm_ws/install/roarm_msgs/share/roarm_msgs/hook/pythonpath.ps1'
[2.734s] INFO:colcon.colcon_core.shell:Creating environment descriptor '/home/v1/Desktop/Beizo/arm_ws/install/roarm_msgs/share/roarm_msgs/hook/pythonpath.dsv'
[2.734s] INFO:colcon.colcon_core.shell:Creating environment hook '/home/v1/Desktop/Beizo/arm_ws/install/roarm_msgs/share/roarm_msgs/hook/pythonpath.sh'
[2.736s] Level 1:colcon.colcon_core.environment:checking '/home/v1/Desktop/Beizo/arm_ws/install/roarm_msgs/bin'
[2.736s] INFO:colcon.colcon_core.shell:Creating package script '/home/v1/Desktop/Beizo/arm_ws/install/roarm_msgs/share/roarm_msgs/package.ps1'
[2.738s] INFO:colcon.colcon_core.shell:Creating package descriptor '/home/v1/Desktop/Beizo/arm_ws/install/roarm_msgs/share/roarm_msgs/package.dsv'
[2.739s] INFO:colcon.colcon_core.shell:Creating package script '/home/v1/Desktop/Beizo/arm_ws/install/roarm_msgs/share/roarm_msgs/package.sh'
[2.740s] INFO:colcon.colcon_core.shell:Creating package script '/home/v1/Desktop/Beizo/arm_ws/install/roarm_msgs/share/roarm_msgs/package.bash'
[2.741s] INFO:colcon.colcon_core.shell:Creating package script '/home/v1/Desktop/Beizo/arm_ws/install/roarm_msgs/share/roarm_msgs/package.zsh'
[2.743s] Level 1:colcon.colcon_core.environment:create_file_with_runtime_dependencies(/home/v1/Desktop/Beizo/arm_ws/install/roarm_msgs/share/colcon-core/packages/roarm_msgs)
[2.745s] INFO:colcon.colcon_ros.task.ament_python.build:Building ROS package in '/home/v1/Desktop/Beizo/arm_ws/src/roarm_moveit_cmd' with build type 'ament_python'
[2.745s] Level 1:colcon.colcon_core.shell:create_environment_hook('roarm_moveit_cmd', 'ament_prefix_path')
[2.745s] INFO:colcon.colcon_core.shell:Creating environment hook '/home/v1/Desktop/Beizo/arm_ws/install/roarm_moveit_cmd/share/roarm_moveit_cmd/hook/ament_prefix_path.ps1'
[2.746s] INFO:colcon.colcon_core.shell:Creating environment descriptor '/home/v1/Desktop/Beizo/arm_ws/install/roarm_moveit_cmd/share/roarm_moveit_cmd/hook/ament_prefix_path.dsv'
[2.747s] INFO:colcon.colcon_core.shell:Creating environment hook '/home/v1/Desktop/Beizo/arm_ws/install/roarm_moveit_cmd/share/roarm_moveit_cmd/hook/ament_prefix_path.sh'
[2.748s] INFO:colcon.colcon_core.shell:Skip shell extension 'powershell' for command environment: Not usable outside of PowerShell
[2.748s] DEBUG:colcon.colcon_core.shell:Skip shell extension 'dsv' for command environment
[3.248s] INFO:colcon.colcon_core.task.python.build:Building Python package in '/home/v1/Desktop/Beizo/arm_ws/src/roarm_moveit_cmd'
[3.248s] INFO:colcon.colcon_core.shell:Skip shell extension 'powershell' for command environment: Not usable outside of PowerShell
[3.248s] DEBUG:colcon.colcon_core.shell:Skip shell extension 'dsv' for command environment
[3.558s] DEBUG:colcon.colcon_core.event_handler.log_command:Invoking command in '/home/v1/Desktop/Beizo/arm_ws/src/roarm_description': CONDA_PROMPT_MODIFIER=(opencv) DEBUGINFOD_URLS=https://debuginfod.ubuntu.com PYTHONPATH=/home/v1/Desktop/Beizo/arm_ws/build/roarm_description/prefix_override:/usr/lib/python3/dist-packages/colcon_core/task/python/colcon_distutils_commands:/home/v1/Desktop/Beizo/arm_ws/install/roarm_description/lib/python3.12/site-packages:${PYTHONPATH} /usr/bin/python3 -W ignore:setup.py install is deprecated -W ignore:easy_install command is deprecated setup.py egg_info --egg-base ../../build/roarm_description build --build-base /home/v1/Desktop/Beizo/arm_ws/build/roarm_description/build install --record /home/v1/Desktop/Beizo/arm_ws/build/roarm_description/install.log --single-version-externally-managed install_data
[3.566s] DEBUG:colcon.colcon_core.event_handler.log_command:Invoking command in '/home/v1/Desktop/Beizo/arm_ws/src/roarm_driver': CONDA_PROMPT_MODIFIER=(opencv) DEBUGINFOD_URLS=https://debuginfod.ubuntu.com PYTHONPATH=/home/v1/Desktop/Beizo/arm_ws/build/roarm_driver/prefix_override:/usr/lib/python3/dist-packages/colcon_core/task/python/colcon_distutils_commands:/home/v1/Desktop/Beizo/arm_ws/install/roarm_driver/lib/python3.12/site-packages:${PYTHONPATH} /usr/bin/python3 -W ignore:setup.py install is deprecated -W ignore:easy_install command is deprecated setup.py egg_info --egg-base ../../build/roarm_driver build --build-base /home/v1/Desktop/Beizo/arm_ws/build/roarm_driver/build install --record /home/v1/Desktop/Beizo/arm_ws/build/roarm_driver/install.log --single-version-externally-managed install_data
[5.064s] DEBUG:colcon.colcon_parallel_executor.executor.parallel:run_until_complete was interrupted
[5.066s] DEBUG:colcon.colcon_parallel_executor.executor.parallel:run_until_complete again
[5.120s] DEBUG:colcon.colcon_core.event_handler.log_command:Invoked command in '/home/v1/Desktop/Beizo/arm_ws/src/roarm_description' returned '1': CONDA_PROMPT_MODIFIER=(opencv) DEBUGINFOD_URLS=https://debuginfod.ubuntu.com PYTHONPATH=/home/v1/Desktop/Beizo/arm_ws/build/roarm_description/prefix_override:/usr/lib/python3/dist-packages/colcon_core/task/python/colcon_distutils_commands:/home/v1/Desktop/Beizo/arm_ws/install/roarm_description/lib/python3.12/site-packages:${PYTHONPATH} /usr/bin/python3 -W ignore:setup.py install is deprecated -W ignore:easy_install command is deprecated setup.py egg_info --egg-base ../../build/roarm_description build --build-base /home/v1/Desktop/Beizo/arm_ws/build/roarm_description/build install --record /home/v1/Desktop/Beizo/arm_ws/build/roarm_description/install.log --single-version-externally-managed install_data
[5.194s] DEBUG:colcon.colcon_parallel_executor.executor.parallel:run_until_complete finished
[5.194s] DEBUG:colcon.colcon_parallel_executor.executor.parallel:closing loop
[5.195s] DEBUG:colcon.colcon_parallel_executor.executor.parallel:loop closed
[5.196s] DEBUG:colcon.colcon_core.event_reactor:joining thread
[5.211s] INFO:colcon.colcon_core.plugin_system:Skipping extension 'colcon_notification.desktop_notification.terminal_notifier': Not used on non-Darwin systems
[5.211s] INFO:colcon.colcon_core.plugin_system:Skipping extension 'colcon_notification.desktop_notification.win32': Not used on non-Windows systems
[5.212s] INFO:colcon.colcon_notification.desktop_notification:Sending desktop notification using 'notify2'
[5.245s] DEBUG:colcon.colcon_core.event_reactor:joined thread
[5.245s] INFO:colcon.colcon_core.shell:Creating prefix script '/home/v1/Desktop/Beizo/arm_ws/install/local_setup.ps1'
[5.247s] INFO:colcon.colcon_core.shell:Creating prefix util module '/home/v1/Desktop/Beizo/arm_ws/install/_local_setup_util_ps1.py'
[5.251s] INFO:colcon.colcon_core.shell:Creating prefix chain script '/home/v1/Desktop/Beizo/arm_ws/install/setup.ps1'
[5.253s] INFO:colcon.colcon_core.shell:Creating prefix script '/home/v1/Desktop/Beizo/arm_ws/install/local_setup.sh'
[5.254s] INFO:colcon.colcon_core.shell:Creating prefix util module '/home/v1/Desktop/Beizo/arm_ws/install/_local_setup_util_sh.py'
[5.256s] INFO:colcon.colcon_core.shell:Creating prefix chain script '/home/v1/Desktop/Beizo/arm_ws/install/setup.sh'
[5.260s] INFO:colcon.colcon_core.shell:Creating prefix script '/home/v1/Desktop/Beizo/arm_ws/install/local_setup.bash'
[5.261s] INFO:colcon.colcon_core.shell:Creating prefix chain script '/home/v1/Desktop/Beizo/arm_ws/install/setup.bash'
[5.265s] INFO:colcon.colcon_core.shell:Creating prefix script '/home/v1/Desktop/Beizo/arm_ws/install/local_setup.zsh'
[5.266s] INFO:colcon.colcon_core.shell:Creating prefix chain script '/home/v1/Desktop/Beizo/arm_ws/install/setup.zsh'
