[1.686s] Invoking command in '/home/v1/Desktop/Beizo/arm_ws/build/roarm_description': DEBUGINFOD_URLS=https://debuginfod.ubuntu.com PYTHONPATH=/home/v1/Desktop/Beizo/arm_ws/build/roarm_description/prefix_override:/usr/lib/python3/dist-packages/colcon_core/task/python/colcon_distutils_commands:/home/v1/Desktop/Beizo/arm_ws/install/roarm_description/lib/python3.12/site-packages:${PYTHONPATH} /usr/bin/python3 -W ignore:setup.py install is deprecated -W ignore:easy_install command is deprecated setup.py develop --editable --build-directory /home/v1/Desktop/Beizo/arm_ws/build/roarm_description/build --no-deps symlink_data
[2.757s] running develop
[3.253s] running egg_info
[3.253s] creating roarm_description.egg-info
[3.291s] writing roarm_description.egg-info/PKG-INFO
[3.291s] writing dependency_links to roarm_description.egg-info/dependency_links.txt
[3.291s] writing requirements to roarm_description.egg-info/requires.txt
[3.291s] writing top-level names to roarm_description.egg-info/top_level.txt
[3.292s] writing manifest file 'roarm_description.egg-info/SOURCES.txt'
[3.368s] reading manifest file 'roarm_description.egg-info/SOURCES.txt'
[3.369s] writing manifest file 'roarm_description.egg-info/SOURCES.txt'
[3.422s] running build_ext
[3.422s] Creating /home/v1/Desktop/Beizo/arm_ws/install/roarm_description/lib/python3.12/site-packages/roarm-description.egg-link (link to .)
[3.424s] 
[3.424s] Installed /home/v1/Desktop/Beizo/arm_ws/build/roarm_description
[3.424s] running symlink_data
[3.425s] creating /home/v1/Desktop/Beizo/arm_ws/install/roarm_description/share/ament_index
[3.425s] creating /home/v1/Desktop/Beizo/arm_ws/install/roarm_description/share/ament_index/resource_index
[3.425s] creating /home/v1/Desktop/Beizo/arm_ws/install/roarm_description/share/ament_index/resource_index/packages
[3.425s] symbolically linking /home/v1/Desktop/Beizo/arm_ws/build/roarm_description/resource/roarm_description -> /home/v1/Desktop/Beizo/arm_ws/install/roarm_description/share/ament_index/resource_index/packages
[3.426s] symbolically linking /home/v1/Desktop/Beizo/arm_ws/build/roarm_description/package.xml -> /home/v1/Desktop/Beizo/arm_ws/install/roarm_description/share/roarm_description
[3.426s] creating /home/v1/Desktop/Beizo/arm_ws/install/roarm_description/share/roarm_description/launch
[3.426s] symbolically linking /home/v1/Desktop/Beizo/arm_ws/build/roarm_description/launch/display.launch.py -> /home/v1/Desktop/Beizo/arm_ws/install/roarm_description/share/roarm_description/launch
[3.426s] creating /home/v1/Desktop/Beizo/arm_ws/install/roarm_description/share/roarm_description/urdf
[3.426s] symbolically linking /home/v1/Desktop/Beizo/arm_ws/build/roarm_description/urdf/roarm_m3_moveit.xacro -> /home/v1/Desktop/Beizo/arm_ws/install/roarm_description/share/roarm_description/urdf
[3.426s] symbolically linking /home/v1/Desktop/Beizo/arm_ws/build/roarm_description/urdf/roarm_m3_description.xacro -> /home/v1/Desktop/Beizo/arm_ws/install/roarm_description/share/roarm_description/urdf
[3.427s] creating /home/v1/Desktop/Beizo/arm_ws/install/roarm_description/share/roarm_description/urdf/roarm_m3
[3.427s] symbolically linking /home/v1/Desktop/Beizo/arm_ws/build/roarm_description/urdf/roarm_m3/roarm_m3.xacro -> /home/v1/Desktop/Beizo/arm_ws/install/roarm_description/share/roarm_description/urdf/roarm_m3
[3.427s] symbolically linking /home/v1/Desktop/Beizo/arm_ws/build/roarm_description/urdf/roarm_m3/roarm_m3.gazebo -> /home/v1/Desktop/Beizo/arm_ws/install/roarm_description/share/roarm_description/urdf/roarm_m3
[3.427s] symbolically linking /home/v1/Desktop/Beizo/arm_ws/build/roarm_description/urdf/roarm_m3/roarm_m3.trans -> /home/v1/Desktop/Beizo/arm_ws/install/roarm_description/share/roarm_description/urdf/roarm_m3
[3.427s] symbolically linking /home/v1/Desktop/Beizo/arm_ws/build/roarm_description/urdf/roarm_m3/materials.xacro -> /home/v1/Desktop/Beizo/arm_ws/install/roarm_description/share/roarm_description/urdf/roarm_m3
[3.427s] creating /home/v1/Desktop/Beizo/arm_ws/install/roarm_description/share/roarm_description/meshes
[3.427s] creating /home/v1/Desktop/Beizo/arm_ws/install/roarm_description/share/roarm_description/meshes/roarm_m3
[3.428s] symbolically linking /home/v1/Desktop/Beizo/arm_ws/build/roarm_description/meshes/roarm_m3/link1.stl -> /home/v1/Desktop/Beizo/arm_ws/install/roarm_description/share/roarm_description/meshes/roarm_m3
[3.428s] symbolically linking /home/v1/Desktop/Beizo/arm_ws/build/roarm_description/meshes/roarm_m3/link2.stl -> /home/v1/Desktop/Beizo/arm_ws/install/roarm_description/share/roarm_description/meshes/roarm_m3
[3.428s] symbolically linking /home/v1/Desktop/Beizo/arm_ws/build/roarm_description/meshes/roarm_m3/link3.stl -> /home/v1/Desktop/Beizo/arm_ws/install/roarm_description/share/roarm_description/meshes/roarm_m3
[3.428s] symbolically linking /home/v1/Desktop/Beizo/arm_ws/build/roarm_description/meshes/roarm_m3/base_link.stl -> /home/v1/Desktop/Beizo/arm_ws/install/roarm_description/share/roarm_description/meshes/roarm_m3
[3.428s] symbolically linking /home/v1/Desktop/Beizo/arm_ws/build/roarm_description/meshes/roarm_m3/gripper_left_link.stl -> /home/v1/Desktop/Beizo/arm_ws/install/roarm_description/share/roarm_description/meshes/roarm_m3
[3.428s] symbolically linking /home/v1/Desktop/Beizo/arm_ws/build/roarm_description/meshes/roarm_m3/link4.stl -> /home/v1/Desktop/Beizo/arm_ws/install/roarm_description/share/roarm_description/meshes/roarm_m3
[3.429s] symbolically linking /home/v1/Desktop/Beizo/arm_ws/build/roarm_description/meshes/roarm_m3/gripper_link.stl -> /home/v1/Desktop/Beizo/arm_ws/install/roarm_description/share/roarm_description/meshes/roarm_m3
[3.429s] symbolically linking /home/v1/Desktop/Beizo/arm_ws/build/roarm_description/meshes/roarm_m3/link5.stl -> /home/v1/Desktop/Beizo/arm_ws/install/roarm_description/share/roarm_description/meshes/roarm_m3
[3.429s] creating /home/v1/Desktop/Beizo/arm_ws/install/roarm_description/share/roarm_description/rviz
[3.429s] symbolically linking /home/v1/Desktop/Beizo/arm_ws/build/roarm_description/rviz/view_description.rviz -> /home/v1/Desktop/Beizo/arm_ws/install/roarm_description/share/roarm_description/rviz
[3.486s] Invoked command in '/home/v1/Desktop/Beizo/arm_ws/build/roarm_description' returned '0': DEBUGINFOD_URLS=https://debuginfod.ubuntu.com PYTHONPATH=/home/v1/Desktop/Beizo/arm_ws/build/roarm_description/prefix_override:/usr/lib/python3/dist-packages/colcon_core/task/python/colcon_distutils_commands:/home/v1/Desktop/Beizo/arm_ws/install/roarm_description/lib/python3.12/site-packages:${PYTHONPATH} /usr/bin/python3 -W ignore:setup.py install is deprecated -W ignore:easy_install command is deprecated setup.py develop --editable --build-directory /home/v1/Desktop/Beizo/arm_ws/build/roarm_description/build --no-deps symlink_data
