[3.396s] Invoking command in '/home/v1/Desktop/Beizo/arm_ws/src/roarm_description': DEBUGINFOD_URLS=https://debuginfod.ubuntu.com PYTHONPATH=/home/v1/Desktop/Beizo/arm_ws/build/roarm_description/prefix_override:/usr/lib/python3/dist-packages/colcon_core/task/python/colcon_distutils_commands:/home/v1/Desktop/Beizo/arm_ws/install/roarm_description/lib/python3.12/site-packages:${PYTHONPATH} /usr/bin/python3 -W ignore:setup.py install is deprecated -W ignore:easy_install command is deprecated setup.py egg_info --egg-base ../../build/roarm_description build --build-base /home/v1/Desktop/Beizo/arm_ws/build/roarm_description/build install --record /home/v1/Desktop/Beizo/arm_ws/build/roarm_description/install.log --single-version-externally-managed install_data
[4.204s] running egg_info
[4.275s] writing ../../build/roarm_description/roarm_description.egg-info/PKG-INFO
[4.275s] writing dependency_links to ../../build/roarm_description/roarm_description.egg-info/dependency_links.txt
[4.276s] writing requirements to ../../build/roarm_description/roarm_description.egg-info/requires.txt
[4.276s] writing top-level names to ../../build/roarm_description/roarm_description.egg-info/top_level.txt
[4.416s] reading manifest file '../../build/roarm_description/roarm_description.egg-info/SOURCES.txt'
[4.418s] writing manifest file '../../build/roarm_description/roarm_description.egg-info/SOURCES.txt'
[4.419s] running build
[4.419s] running build_py
[4.420s] running install
[4.434s] running install_lib
[4.512s] running install_data
[4.513s] copying urdf/roarm_m3/roarm_m3.xacro -> /home/v1/Desktop/Beizo/arm_ws/install/roarm_description/share/roarm_description/urdf/roarm_m3
[4.514s] running install_egg_info
[4.596s] removing '/home/v1/Desktop/Beizo/arm_ws/install/roarm_description/lib/python3.12/site-packages/roarm_description-0.0.1-py3.12.egg-info' (and everything under it)
[4.597s] Copying ../../build/roarm_description/roarm_description.egg-info to /home/v1/Desktop/Beizo/arm_ws/install/roarm_description/lib/python3.12/site-packages/roarm_description-0.0.1-py3.12.egg-info
[4.600s] running install_scripts
[5.095s] writing list of installed files to '/home/v1/Desktop/Beizo/arm_ws/build/roarm_description/install.log'
[5.178s] Invoked command in '/home/v1/Desktop/Beizo/arm_ws/src/roarm_description' returned '0': DEBUGINFOD_URLS=https://debuginfod.ubuntu.com PYTHONPATH=/home/v1/Desktop/Beizo/arm_ws/build/roarm_description/prefix_override:/usr/lib/python3/dist-packages/colcon_core/task/python/colcon_distutils_commands:/home/v1/Desktop/Beizo/arm_ws/install/roarm_description/lib/python3.12/site-packages:${PYTHONPATH} /usr/bin/python3 -W ignore:setup.py install is deprecated -W ignore:easy_install command is deprecated setup.py egg_info --egg-base ../../build/roarm_description build --build-base /home/v1/Desktop/Beizo/arm_ws/build/roarm_description/build install --record /home/v1/Desktop/Beizo/arm_ws/build/roarm_description/install.log --single-version-externally-managed install_data
