[0.137s] DEBUG:colcon:Command line arguments: ['/usr/bin/colcon', 'build']
[0.137s] DEBUG:colcon:Parsed command line arguments: Namespace(log_base=None, log_level=None, verb_name='build', build_base='build', install_base='install', merge_install=False, symlink_install=False, test_result_base=None, continue_on_error=False, executor='parallel', parallel_workers=8, event_handlers=None, ignore_user_meta=False, metas=['./colcon.meta'], base_paths=['.'], packages_ignore=None, packages_ignore_regex=None, paths=None, packages_up_to=None, packages_up_to_regex=None, packages_above=None, packages_above_and_dependencies=None, packages_above_depth=None, packages_select_by_dep=None, packages_skip_by_dep=None, packages_skip_up_to=None, packages_select_build_failed=False, packages_skip_build_finished=False, packages_select_test_failures=False, packages_skip_test_passed=False, packages_select=None, packages_skip=None, packages_select_regex=None, packages_skip_regex=None, packages_start=None, packages_end=None, allow_overriding=[], cmake_args=None, cmake_target=None, cmake_target_skip_unavailable=False, cmake_clean_cache=False, cmake_clean_first=False, cmake_force_configure=False, ament_cmake_args=None, catkin_cmake_args=None, catkin_skip_building_tests=False, mixin_files=None, mixin=None, verb_parser=<colcon_mixin.mixin.mixin_argument.MixinArgumentDecorator object at 0x78a336ccd1f0>, verb_extension=<colcon_core.verb.build.BuildVerb object at 0x78a336c4b1d0>, main=<bound method BuildVerb.main of <colcon_core.verb.build.BuildVerb object at 0x78a336c4b1d0>>, mixin_verb=('build',))
[0.181s] Level 1:colcon.colcon_core.package_discovery:discover_packages(colcon_meta) check parameters
[0.181s] Level 1:colcon.colcon_core.package_discovery:discover_packages(recursive) check parameters
[0.181s] Level 1:colcon.colcon_core.package_discovery:discover_packages(ignore) check parameters
[0.181s] Level 1:colcon.colcon_core.package_discovery:discover_packages(path) check parameters
[0.181s] Level 1:colcon.colcon_core.package_discovery:discover_packages(colcon_meta) discover
[0.181s] Level 1:colcon.colcon_core.package_discovery:discover_packages(recursive) discover
[0.181s] INFO:colcon.colcon_core.package_discovery:Crawling recursively for packages in '/home/v1/Desktop/Beizo/arm_ws'
[0.182s] Level 1:colcon.colcon_core.package_identification:_identify(.) by extensions ['ignore', 'ignore_ament_install']
[0.182s] Level 1:colcon.colcon_core.package_identification:_identify(.) by extension 'ignore'
[0.182s] Level 1:colcon.colcon_core.package_identification:_identify(.) by extension 'ignore_ament_install'
[0.182s] Level 1:colcon.colcon_core.package_identification:_identify(.) by extensions ['colcon_pkg']
[0.182s] Level 1:colcon.colcon_core.package_identification:_identify(.) by extension 'colcon_pkg'
[0.182s] Level 1:colcon.colcon_core.package_identification:_identify(.) by extensions ['colcon_meta']
[0.182s] Level 1:colcon.colcon_core.package_identification:_identify(.) by extension 'colcon_meta'
[0.182s] Level 1:colcon.colcon_core.package_identification:_identify(.) by extensions ['ros']
[0.182s] Level 1:colcon.colcon_core.package_identification:_identify(.) by extension 'ros'
[0.211s] Level 1:colcon.colcon_core.package_identification:_identify(.) by extensions ['cmake', 'python']
[0.211s] Level 1:colcon.colcon_core.package_identification:_identify(.) by extension 'cmake'
[0.211s] Level 1:colcon.colcon_core.package_identification:_identify(.) by extension 'python'
[0.211s] Level 1:colcon.colcon_core.package_identification:_identify(.) by extensions ['python_setup_py']
[0.211s] Level 1:colcon.colcon_core.package_identification:_identify(.) by extension 'python_setup_py'
[0.212s] Level 1:colcon.colcon_core.package_identification:_identify(build) by extensions ['ignore', 'ignore_ament_install']
[0.212s] Level 1:colcon.colcon_core.package_identification:_identify(build) by extension 'ignore'
[0.212s] Level 1:colcon.colcon_core.package_identification:_identify(build) ignored
[0.212s] Level 1:colcon.colcon_core.package_identification:_identify(install) by extensions ['ignore', 'ignore_ament_install']
[0.212s] Level 1:colcon.colcon_core.package_identification:_identify(install) by extension 'ignore'
[0.212s] Level 1:colcon.colcon_core.package_identification:_identify(install) ignored
[0.212s] Level 1:colcon.colcon_core.package_identification:_identify(log) by extensions ['ignore', 'ignore_ament_install']
[0.212s] Level 1:colcon.colcon_core.package_identification:_identify(log) by extension 'ignore'
[0.212s] Level 1:colcon.colcon_core.package_identification:_identify(log) ignored
[0.212s] Level 1:colcon.colcon_core.package_identification:_identify(src) by extensions ['ignore', 'ignore_ament_install']
[0.213s] Level 1:colcon.colcon_core.package_identification:_identify(src) by extension 'ignore'
[0.213s] Level 1:colcon.colcon_core.package_identification:_identify(src) by extension 'ignore_ament_install'
[0.213s] Level 1:colcon.colcon_core.package_identification:_identify(src) by extensions ['colcon_pkg']
[0.213s] Level 1:colcon.colcon_core.package_identification:_identify(src) by extension 'colcon_pkg'
[0.213s] Level 1:colcon.colcon_core.package_identification:_identify(src) by extensions ['colcon_meta']
[0.213s] Level 1:colcon.colcon_core.package_identification:_identify(src) by extension 'colcon_meta'
[0.213s] Level 1:colcon.colcon_core.package_identification:_identify(src) by extensions ['ros']
[0.213s] Level 1:colcon.colcon_core.package_identification:_identify(src) by extension 'ros'
[0.213s] Level 1:colcon.colcon_core.package_identification:_identify(src) by extensions ['cmake', 'python']
[0.213s] Level 1:colcon.colcon_core.package_identification:_identify(src) by extension 'cmake'
[0.213s] Level 1:colcon.colcon_core.package_identification:_identify(src) by extension 'python'
[0.213s] Level 1:colcon.colcon_core.package_identification:_identify(src) by extensions ['python_setup_py']
[0.213s] Level 1:colcon.colcon_core.package_identification:_identify(src) by extension 'python_setup_py'
[0.213s] Level 1:colcon.colcon_core.package_identification:_identify(src/roarm_description) by extensions ['ignore', 'ignore_ament_install']
[0.213s] Level 1:colcon.colcon_core.package_identification:_identify(src/roarm_description) by extension 'ignore'
[0.213s] Level 1:colcon.colcon_core.package_identification:_identify(src/roarm_description) by extension 'ignore_ament_install'
[0.214s] Level 1:colcon.colcon_core.package_identification:_identify(src/roarm_description) by extensions ['colcon_pkg']
[0.214s] Level 1:colcon.colcon_core.package_identification:_identify(src/roarm_description) by extension 'colcon_pkg'
[0.214s] Level 1:colcon.colcon_core.package_identification:_identify(src/roarm_description) by extensions ['colcon_meta']
[0.214s] Level 1:colcon.colcon_core.package_identification:_identify(src/roarm_description) by extension 'colcon_meta'
[0.214s] Level 1:colcon.colcon_core.package_identification:_identify(src/roarm_description) by extensions ['ros']
[0.214s] Level 1:colcon.colcon_core.package_identification:_identify(src/roarm_description) by extension 'ros'
[0.216s] DEBUG:colcon.colcon_core.package_identification:Package 'src/roarm_description' with type 'ros.ament_python' and name 'roarm_description'
[0.216s] Level 1:colcon.colcon_core.package_identification:_identify(src/roarm_driver) by extensions ['ignore', 'ignore_ament_install']
[0.217s] Level 1:colcon.colcon_core.package_identification:_identify(src/roarm_driver) by extension 'ignore'
[0.217s] Level 1:colcon.colcon_core.package_identification:_identify(src/roarm_driver) by extension 'ignore_ament_install'
[0.217s] Level 1:colcon.colcon_core.package_identification:_identify(src/roarm_driver) by extensions ['colcon_pkg']
[0.217s] Level 1:colcon.colcon_core.package_identification:_identify(src/roarm_driver) by extension 'colcon_pkg'
[0.217s] Level 1:colcon.colcon_core.package_identification:_identify(src/roarm_driver) by extensions ['colcon_meta']
[0.217s] Level 1:colcon.colcon_core.package_identification:_identify(src/roarm_driver) by extension 'colcon_meta'
[0.217s] Level 1:colcon.colcon_core.package_identification:_identify(src/roarm_driver) by extensions ['ros']
[0.217s] Level 1:colcon.colcon_core.package_identification:_identify(src/roarm_driver) by extension 'ros'
[0.218s] DEBUG:colcon.colcon_core.package_identification:Package 'src/roarm_driver' with type 'ros.ament_python' and name 'roarm_driver'
[0.218s] Level 1:colcon.colcon_core.package_identification:_identify(src/roarm_moveit_cmd) by extensions ['ignore', 'ignore_ament_install']
[0.218s] Level 1:colcon.colcon_core.package_identification:_identify(src/roarm_moveit_cmd) by extension 'ignore'
[0.218s] Level 1:colcon.colcon_core.package_identification:_identify(src/roarm_moveit_cmd) by extension 'ignore_ament_install'
[0.218s] Level 1:colcon.colcon_core.package_identification:_identify(src/roarm_moveit_cmd) by extensions ['colcon_pkg']
[0.218s] Level 1:colcon.colcon_core.package_identification:_identify(src/roarm_moveit_cmd) by extension 'colcon_pkg'
[0.218s] Level 1:colcon.colcon_core.package_identification:_identify(src/roarm_moveit_cmd) by extensions ['colcon_meta']
[0.218s] Level 1:colcon.colcon_core.package_identification:_identify(src/roarm_moveit_cmd) by extension 'colcon_meta'
[0.218s] Level 1:colcon.colcon_core.package_identification:_identify(src/roarm_moveit_cmd) by extensions ['ros']
[0.218s] Level 1:colcon.colcon_core.package_identification:_identify(src/roarm_moveit_cmd) by extension 'ros'
[0.219s] DEBUG:colcon.colcon_core.package_identification:Package 'src/roarm_moveit_cmd' with type 'ros.ament_python' and name 'roarm_moveit_cmd'
[0.219s] Level 1:colcon.colcon_core.package_identification:_identify(src/roarm_moveit_config) by extensions ['ignore', 'ignore_ament_install']
[0.219s] Level 1:colcon.colcon_core.package_identification:_identify(src/roarm_moveit_config) by extension 'ignore'
[0.219s] Level 1:colcon.colcon_core.package_identification:_identify(src/roarm_moveit_config) by extension 'ignore_ament_install'
[0.219s] Level 1:colcon.colcon_core.package_identification:_identify(src/roarm_moveit_config) by extensions ['colcon_pkg']
[0.219s] Level 1:colcon.colcon_core.package_identification:_identify(src/roarm_moveit_config) by extension 'colcon_pkg'
[0.219s] Level 1:colcon.colcon_core.package_identification:_identify(src/roarm_moveit_config) by extensions ['colcon_meta']
[0.219s] Level 1:colcon.colcon_core.package_identification:_identify(src/roarm_moveit_config) by extension 'colcon_meta'
[0.219s] Level 1:colcon.colcon_core.package_identification:_identify(src/roarm_moveit_config) by extensions ['ros']
[0.219s] Level 1:colcon.colcon_core.package_identification:_identify(src/roarm_moveit_config) by extension 'ros'
[0.220s] DEBUG:colcon.colcon_core.package_identification:Package 'src/roarm_moveit_config' with type 'ros.ament_cmake' and name 'roarm_moveit_config'
[0.220s] Level 1:colcon.colcon_core.package_identification:_identify(src/roarm_msgs) by extensions ['ignore', 'ignore_ament_install']
[0.220s] Level 1:colcon.colcon_core.package_identification:_identify(src/roarm_msgs) by extension 'ignore'
[0.220s] Level 1:colcon.colcon_core.package_identification:_identify(src/roarm_msgs) by extension 'ignore_ament_install'
[0.220s] Level 1:colcon.colcon_core.package_identification:_identify(src/roarm_msgs) by extensions ['colcon_pkg']
[0.220s] Level 1:colcon.colcon_core.package_identification:_identify(src/roarm_msgs) by extension 'colcon_pkg'
[0.220s] Level 1:colcon.colcon_core.package_identification:_identify(src/roarm_msgs) by extensions ['colcon_meta']
[0.220s] Level 1:colcon.colcon_core.package_identification:_identify(src/roarm_msgs) by extension 'colcon_meta'
[0.220s] Level 1:colcon.colcon_core.package_identification:_identify(src/roarm_msgs) by extensions ['ros']
[0.220s] Level 1:colcon.colcon_core.package_identification:_identify(src/roarm_msgs) by extension 'ros'
[0.221s] DEBUG:colcon.colcon_core.package_identification:Package 'src/roarm_msgs' with type 'ros.ament_cmake' and name 'roarm_msgs'
[0.221s] Level 1:colcon.colcon_core.package_discovery:discover_packages(recursive) using defaults
[0.221s] Level 1:colcon.colcon_core.package_discovery:discover_packages(ignore) discover
[0.221s] Level 1:colcon.colcon_core.package_discovery:discover_packages(ignore) using defaults
[0.221s] Level 1:colcon.colcon_core.package_discovery:discover_packages(path) discover
[0.221s] Level 1:colcon.colcon_core.package_discovery:discover_packages(path) using defaults
[0.240s] Level 1:colcon.colcon_core.package_discovery:discover_packages(prefix_path) check parameters
[0.240s] Level 1:colcon.colcon_core.package_discovery:discover_packages(prefix_path) discover
[0.242s] DEBUG:colcon.colcon_installed_package_information.package_discovery:Found 5 installed packages in /home/v1/Desktop/Beizo/arm_ws/install
[0.244s] DEBUG:colcon.colcon_installed_package_information.package_discovery:Found 420 installed packages in /opt/ros/jazzy
[0.246s] Level 1:colcon.colcon_core.package_discovery:discover_packages(prefix_path) using defaults
[0.311s] Level 5:colcon.colcon_core.verb:set package 'roarm_description' build argument 'cmake_args' from command line to 'None'
[0.311s] Level 5:colcon.colcon_core.verb:set package 'roarm_description' build argument 'cmake_target' from command line to 'None'
[0.311s] Level 5:colcon.colcon_core.verb:set package 'roarm_description' build argument 'cmake_target_skip_unavailable' from command line to 'False'
[0.311s] Level 5:colcon.colcon_core.verb:set package 'roarm_description' build argument 'cmake_clean_cache' from command line to 'False'
[0.311s] Level 5:colcon.colcon_core.verb:set package 'roarm_description' build argument 'cmake_clean_first' from command line to 'False'
[0.311s] Level 5:colcon.colcon_core.verb:set package 'roarm_description' build argument 'cmake_force_configure' from command line to 'False'
[0.311s] Level 5:colcon.colcon_core.verb:set package 'roarm_description' build argument 'ament_cmake_args' from command line to 'None'
[0.311s] Level 5:colcon.colcon_core.verb:set package 'roarm_description' build argument 'catkin_cmake_args' from command line to 'None'
[0.312s] Level 5:colcon.colcon_core.verb:set package 'roarm_description' build argument 'catkin_skip_building_tests' from command line to 'False'
[0.312s] DEBUG:colcon.colcon_core.verb:Building package 'roarm_description' with the following arguments: {'ament_cmake_args': None, 'build_base': '/home/v1/Desktop/Beizo/arm_ws/build/roarm_description', 'catkin_cmake_args': None, 'catkin_skip_building_tests': False, 'cmake_args': None, 'cmake_clean_cache': False, 'cmake_clean_first': False, 'cmake_force_configure': False, 'cmake_target': None, 'cmake_target_skip_unavailable': False, 'install_base': '/home/v1/Desktop/Beizo/arm_ws/install/roarm_description', 'merge_install': False, 'path': '/home/v1/Desktop/Beizo/arm_ws/src/roarm_description', 'symlink_install': False, 'test_result_base': None}
[0.312s] Level 5:colcon.colcon_core.verb:set package 'roarm_driver' build argument 'cmake_args' from command line to 'None'
[0.312s] Level 5:colcon.colcon_core.verb:set package 'roarm_driver' build argument 'cmake_target' from command line to 'None'
[0.312s] Level 5:colcon.colcon_core.verb:set package 'roarm_driver' build argument 'cmake_target_skip_unavailable' from command line to 'False'
[0.312s] Level 5:colcon.colcon_core.verb:set package 'roarm_driver' build argument 'cmake_clean_cache' from command line to 'False'
[0.312s] Level 5:colcon.colcon_core.verb:set package 'roarm_driver' build argument 'cmake_clean_first' from command line to 'False'
[0.312s] Level 5:colcon.colcon_core.verb:set package 'roarm_driver' build argument 'cmake_force_configure' from command line to 'False'
[0.312s] Level 5:colcon.colcon_core.verb:set package 'roarm_driver' build argument 'ament_cmake_args' from command line to 'None'
[0.312s] Level 5:colcon.colcon_core.verb:set package 'roarm_driver' build argument 'catkin_cmake_args' from command line to 'None'
[0.312s] Level 5:colcon.colcon_core.verb:set package 'roarm_driver' build argument 'catkin_skip_building_tests' from command line to 'False'
[0.312s] DEBUG:colcon.colcon_core.verb:Building package 'roarm_driver' with the following arguments: {'ament_cmake_args': None, 'build_base': '/home/v1/Desktop/Beizo/arm_ws/build/roarm_driver', 'catkin_cmake_args': None, 'catkin_skip_building_tests': False, 'cmake_args': None, 'cmake_clean_cache': False, 'cmake_clean_first': False, 'cmake_force_configure': False, 'cmake_target': None, 'cmake_target_skip_unavailable': False, 'install_base': '/home/v1/Desktop/Beizo/arm_ws/install/roarm_driver', 'merge_install': False, 'path': '/home/v1/Desktop/Beizo/arm_ws/src/roarm_driver', 'symlink_install': False, 'test_result_base': None}
[0.312s] Level 5:colcon.colcon_core.verb:set package 'roarm_msgs' build argument 'cmake_args' from command line to 'None'
[0.312s] Level 5:colcon.colcon_core.verb:set package 'roarm_msgs' build argument 'cmake_target' from command line to 'None'
[0.312s] Level 5:colcon.colcon_core.verb:set package 'roarm_msgs' build argument 'cmake_target_skip_unavailable' from command line to 'False'
[0.313s] Level 5:colcon.colcon_core.verb:set package 'roarm_msgs' build argument 'cmake_clean_cache' from command line to 'False'
[0.313s] Level 5:colcon.colcon_core.verb:set package 'roarm_msgs' build argument 'cmake_clean_first' from command line to 'False'
[0.313s] Level 5:colcon.colcon_core.verb:set package 'roarm_msgs' build argument 'cmake_force_configure' from command line to 'False'
[0.313s] Level 5:colcon.colcon_core.verb:set package 'roarm_msgs' build argument 'ament_cmake_args' from command line to 'None'
[0.313s] Level 5:colcon.colcon_core.verb:set package 'roarm_msgs' build argument 'catkin_cmake_args' from command line to 'None'
[0.313s] Level 5:colcon.colcon_core.verb:set package 'roarm_msgs' build argument 'catkin_skip_building_tests' from command line to 'False'
[0.313s] DEBUG:colcon.colcon_core.verb:Building package 'roarm_msgs' with the following arguments: {'ament_cmake_args': None, 'build_base': '/home/v1/Desktop/Beizo/arm_ws/build/roarm_msgs', 'catkin_cmake_args': None, 'catkin_skip_building_tests': False, 'cmake_args': None, 'cmake_clean_cache': False, 'cmake_clean_first': False, 'cmake_force_configure': False, 'cmake_target': None, 'cmake_target_skip_unavailable': False, 'install_base': '/home/v1/Desktop/Beizo/arm_ws/install/roarm_msgs', 'merge_install': False, 'path': '/home/v1/Desktop/Beizo/arm_ws/src/roarm_msgs', 'symlink_install': False, 'test_result_base': None}
[0.313s] Level 5:colcon.colcon_core.verb:set package 'roarm_moveit_cmd' build argument 'cmake_args' from command line to 'None'
[0.313s] Level 5:colcon.colcon_core.verb:set package 'roarm_moveit_cmd' build argument 'cmake_target' from command line to 'None'
[0.313s] Level 5:colcon.colcon_core.verb:set package 'roarm_moveit_cmd' build argument 'cmake_target_skip_unavailable' from command line to 'False'
[0.313s] Level 5:colcon.colcon_core.verb:set package 'roarm_moveit_cmd' build argument 'cmake_clean_cache' from command line to 'False'
[0.313s] Level 5:colcon.colcon_core.verb:set package 'roarm_moveit_cmd' build argument 'cmake_clean_first' from command line to 'False'
[0.313s] Level 5:colcon.colcon_core.verb:set package 'roarm_moveit_cmd' build argument 'cmake_force_configure' from command line to 'False'
[0.313s] Level 5:colcon.colcon_core.verb:set package 'roarm_moveit_cmd' build argument 'ament_cmake_args' from command line to 'None'
[0.313s] Level 5:colcon.colcon_core.verb:set package 'roarm_moveit_cmd' build argument 'catkin_cmake_args' from command line to 'None'
[0.313s] Level 5:colcon.colcon_core.verb:set package 'roarm_moveit_cmd' build argument 'catkin_skip_building_tests' from command line to 'False'
[0.313s] DEBUG:colcon.colcon_core.verb:Building package 'roarm_moveit_cmd' with the following arguments: {'ament_cmake_args': None, 'build_base': '/home/v1/Desktop/Beizo/arm_ws/build/roarm_moveit_cmd', 'catkin_cmake_args': None, 'catkin_skip_building_tests': False, 'cmake_args': None, 'cmake_clean_cache': False, 'cmake_clean_first': False, 'cmake_force_configure': False, 'cmake_target': None, 'cmake_target_skip_unavailable': False, 'install_base': '/home/v1/Desktop/Beizo/arm_ws/install/roarm_moveit_cmd', 'merge_install': False, 'path': '/home/v1/Desktop/Beizo/arm_ws/src/roarm_moveit_cmd', 'symlink_install': False, 'test_result_base': None}
[0.314s] Level 5:colcon.colcon_core.verb:set package 'roarm_moveit_config' build argument 'cmake_args' from command line to 'None'
[0.314s] Level 5:colcon.colcon_core.verb:set package 'roarm_moveit_config' build argument 'cmake_target' from command line to 'None'
[0.314s] Level 5:colcon.colcon_core.verb:set package 'roarm_moveit_config' build argument 'cmake_target_skip_unavailable' from command line to 'False'
[0.314s] Level 5:colcon.colcon_core.verb:set package 'roarm_moveit_config' build argument 'cmake_clean_cache' from command line to 'False'
[0.314s] Level 5:colcon.colcon_core.verb:set package 'roarm_moveit_config' build argument 'cmake_clean_first' from command line to 'False'
[0.314s] Level 5:colcon.colcon_core.verb:set package 'roarm_moveit_config' build argument 'cmake_force_configure' from command line to 'False'
[0.314s] Level 5:colcon.colcon_core.verb:set package 'roarm_moveit_config' build argument 'ament_cmake_args' from command line to 'None'
[0.314s] Level 5:colcon.colcon_core.verb:set package 'roarm_moveit_config' build argument 'catkin_cmake_args' from command line to 'None'
[0.314s] Level 5:colcon.colcon_core.verb:set package 'roarm_moveit_config' build argument 'catkin_skip_building_tests' from command line to 'False'
[0.314s] DEBUG:colcon.colcon_core.verb:Building package 'roarm_moveit_config' with the following arguments: {'ament_cmake_args': None, 'build_base': '/home/v1/Desktop/Beizo/arm_ws/build/roarm_moveit_config', 'catkin_cmake_args': None, 'catkin_skip_building_tests': False, 'cmake_args': None, 'cmake_clean_cache': False, 'cmake_clean_first': False, 'cmake_force_configure': False, 'cmake_target': None, 'cmake_target_skip_unavailable': False, 'install_base': '/home/v1/Desktop/Beizo/arm_ws/install/roarm_moveit_config', 'merge_install': False, 'path': '/home/v1/Desktop/Beizo/arm_ws/src/roarm_moveit_config', 'symlink_install': False, 'test_result_base': None}
[0.314s] INFO:colcon.colcon_core.executor:Executing jobs using 'parallel' executor
[0.315s] DEBUG:colcon.colcon_parallel_executor.executor.parallel:run_until_complete
[0.315s] INFO:colcon.colcon_ros.task.ament_python.build:Building ROS package in '/home/v1/Desktop/Beizo/arm_ws/src/roarm_description' with build type 'ament_python'
[0.315s] Level 1:colcon.colcon_core.shell:create_environment_hook('roarm_description', 'ament_prefix_path')
[0.317s] INFO:colcon.colcon_core.plugin_system:Skipping extension 'colcon_core.shell.bat': Not used on non-Windows systems
[0.317s] INFO:colcon.colcon_core.shell:Creating environment hook '/home/v1/Desktop/Beizo/arm_ws/install/roarm_description/share/roarm_description/hook/ament_prefix_path.ps1'
[0.318s] INFO:colcon.colcon_core.shell:Creating environment descriptor '/home/v1/Desktop/Beizo/arm_ws/install/roarm_description/share/roarm_description/hook/ament_prefix_path.dsv'
[0.318s] INFO:colcon.colcon_core.shell:Creating environment hook '/home/v1/Desktop/Beizo/arm_ws/install/roarm_description/share/roarm_description/hook/ament_prefix_path.sh'
[0.319s] INFO:colcon.colcon_core.shell:Skip shell extension 'powershell' for command environment: Not usable outside of PowerShell
[0.319s] DEBUG:colcon.colcon_core.shell:Skip shell extension 'dsv' for command environment
[0.323s] INFO:colcon.colcon_ros.task.ament_cmake.build:Building ROS package in '/home/v1/Desktop/Beizo/arm_ws/src/roarm_msgs' with build type 'ament_cmake'
[0.323s] INFO:colcon.colcon_cmake.task.cmake.build:Building CMake package in '/home/v1/Desktop/Beizo/arm_ws/src/roarm_msgs'
[0.324s] INFO:colcon.colcon_core.shell:Skip shell extension 'powershell' for command environment: Not usable outside of PowerShell
[0.324s] DEBUG:colcon.colcon_core.shell:Skip shell extension 'dsv' for command environment
[0.329s] INFO:colcon.colcon_ros.task.ament_python.build:Building ROS package in '/home/v1/Desktop/Beizo/arm_ws/src/roarm_driver' with build type 'ament_python'
[0.329s] Level 1:colcon.colcon_core.shell:create_environment_hook('roarm_driver', 'ament_prefix_path')
[0.329s] INFO:colcon.colcon_core.shell:Creating environment hook '/home/v1/Desktop/Beizo/arm_ws/install/roarm_driver/share/roarm_driver/hook/ament_prefix_path.ps1'
[0.330s] INFO:colcon.colcon_core.shell:Creating environment descriptor '/home/v1/Desktop/Beizo/arm_ws/install/roarm_driver/share/roarm_driver/hook/ament_prefix_path.dsv'
[0.331s] INFO:colcon.colcon_core.shell:Creating environment hook '/home/v1/Desktop/Beizo/arm_ws/install/roarm_driver/share/roarm_driver/hook/ament_prefix_path.sh'
[0.332s] INFO:colcon.colcon_core.shell:Skip shell extension 'powershell' for command environment: Not usable outside of PowerShell
[0.332s] DEBUG:colcon.colcon_core.shell:Skip shell extension 'dsv' for command environment
[0.663s] INFO:colcon.colcon_core.task.python.build:Building Python package in '/home/v1/Desktop/Beizo/arm_ws/src/roarm_description'
[0.663s] INFO:colcon.colcon_core.shell:Skip shell extension 'powershell' for command environment: Not usable outside of PowerShell
[0.663s] DEBUG:colcon.colcon_core.shell:Skip shell extension 'dsv' for command environment
[0.675s] DEBUG:colcon.colcon_core.event_handler.log_command:Invoking command in '/home/v1/Desktop/Beizo/arm_ws/build/roarm_msgs': CMAKE_PREFIX_PATH=${CMAKE_PREFIX_PATH}:/home/v1/Desktop/Beizo/arm_ws/install/roarm_moveit_cmd:/home/v1/Desktop/Beizo/arm_ws/install/roarm_driver:/home/v1/Desktop/Beizo/arm_ws/install/roarm_description:/opt/ros/jazzy DEBUGINFOD_URLS=https://debuginfod.ubuntu.com /usr/bin/cmake --build /home/v1/Desktop/Beizo/arm_ws/build/roarm_msgs -- -j8 -l8
[1.292s] INFO:colcon.colcon_core.task.python.build:Building Python package in '/home/v1/Desktop/Beizo/arm_ws/src/roarm_driver'
[1.293s] INFO:colcon.colcon_core.shell:Skip shell extension 'powershell' for command environment: Not usable outside of PowerShell
[1.293s] DEBUG:colcon.colcon_core.shell:Skip shell extension 'dsv' for command environment
[1.666s] DEBUG:colcon.colcon_core.event_handler.log_command:Invoked command in '/home/v1/Desktop/Beizo/arm_ws/build/roarm_msgs' returned '0': CMAKE_PREFIX_PATH=${CMAKE_PREFIX_PATH}:/home/v1/Desktop/Beizo/arm_ws/install/roarm_moveit_cmd:/home/v1/Desktop/Beizo/arm_ws/install/roarm_driver:/home/v1/Desktop/Beizo/arm_ws/install/roarm_description:/opt/ros/jazzy DEBUGINFOD_URLS=https://debuginfod.ubuntu.com /usr/bin/cmake --build /home/v1/Desktop/Beizo/arm_ws/build/roarm_msgs -- -j8 -l8
[1.680s] DEBUG:colcon.colcon_core.event_handler.log_command:Invoking command in '/home/v1/Desktop/Beizo/arm_ws/build/roarm_msgs': CMAKE_PREFIX_PATH=${CMAKE_PREFIX_PATH}:/home/v1/Desktop/Beizo/arm_ws/install/roarm_moveit_cmd:/home/v1/Desktop/Beizo/arm_ws/install/roarm_driver:/home/v1/Desktop/Beizo/arm_ws/install/roarm_description:/opt/ros/jazzy DEBUGINFOD_URLS=https://debuginfod.ubuntu.com /usr/bin/cmake --install /home/v1/Desktop/Beizo/arm_ws/build/roarm_msgs
[1.783s] Level 1:colcon.colcon_core.environment:create_environment_scripts_only(roarm_msgs)
[1.785s] DEBUG:colcon.colcon_core.event_handler.log_command:Invoked command in '/home/v1/Desktop/Beizo/arm_ws/build/roarm_msgs' returned '0': CMAKE_PREFIX_PATH=${CMAKE_PREFIX_PATH}:/home/v1/Desktop/Beizo/arm_ws/install/roarm_moveit_cmd:/home/v1/Desktop/Beizo/arm_ws/install/roarm_driver:/home/v1/Desktop/Beizo/arm_ws/install/roarm_description:/opt/ros/jazzy DEBUGINFOD_URLS=https://debuginfod.ubuntu.com /usr/bin/cmake --install /home/v1/Desktop/Beizo/arm_ws/build/roarm_msgs
[1.787s] Level 1:colcon.colcon_core.environment:checking '/home/v1/Desktop/Beizo/arm_ws/install/roarm_msgs' for CMake module files
[1.789s] Level 1:colcon.colcon_core.environment:checking '/home/v1/Desktop/Beizo/arm_ws/install/roarm_msgs' for CMake config files
[1.789s] Level 1:colcon.colcon_core.shell:create_environment_hook('roarm_msgs', 'cmake_prefix_path')
[1.790s] INFO:colcon.colcon_core.shell:Creating environment hook '/home/v1/Desktop/Beizo/arm_ws/install/roarm_msgs/share/roarm_msgs/hook/cmake_prefix_path.ps1'
[1.790s] INFO:colcon.colcon_core.shell:Creating environment descriptor '/home/v1/Desktop/Beizo/arm_ws/install/roarm_msgs/share/roarm_msgs/hook/cmake_prefix_path.dsv'
[1.791s] INFO:colcon.colcon_core.shell:Creating environment hook '/home/v1/Desktop/Beizo/arm_ws/install/roarm_msgs/share/roarm_msgs/hook/cmake_prefix_path.sh'
[1.792s] Level 1:colcon.colcon_core.environment:checking '/home/v1/Desktop/Beizo/arm_ws/install/roarm_msgs/lib'
[1.792s] Level 1:colcon.colcon_core.shell:create_environment_hook('roarm_msgs', 'ld_library_path_lib')
[1.793s] INFO:colcon.colcon_core.shell:Creating environment hook '/home/v1/Desktop/Beizo/arm_ws/install/roarm_msgs/share/roarm_msgs/hook/ld_library_path_lib.ps1'
[1.793s] INFO:colcon.colcon_core.shell:Creating environment descriptor '/home/v1/Desktop/Beizo/arm_ws/install/roarm_msgs/share/roarm_msgs/hook/ld_library_path_lib.dsv'
[1.794s] INFO:colcon.colcon_core.shell:Creating environment hook '/home/v1/Desktop/Beizo/arm_ws/install/roarm_msgs/share/roarm_msgs/hook/ld_library_path_lib.sh'
[1.794s] Level 1:colcon.colcon_core.environment:checking '/home/v1/Desktop/Beizo/arm_ws/install/roarm_msgs/bin'
[1.795s] Level 1:colcon.colcon_core.environment:checking '/home/v1/Desktop/Beizo/arm_ws/install/roarm_msgs/lib/pkgconfig/roarm_msgs.pc'
[1.795s] Level 1:colcon.colcon_core.environment:checking '/home/v1/Desktop/Beizo/arm_ws/install/roarm_msgs/lib/python3.12/site-packages'
[1.795s] Level 1:colcon.colcon_core.shell:create_environment_hook('roarm_msgs', 'pythonpath')
[1.796s] INFO:colcon.colcon_core.shell:Creating environment hook '/home/v1/Desktop/Beizo/arm_ws/install/roarm_msgs/share/roarm_msgs/hook/pythonpath.ps1'
[1.796s] INFO:colcon.colcon_core.shell:Creating environment descriptor '/home/v1/Desktop/Beizo/arm_ws/install/roarm_msgs/share/roarm_msgs/hook/pythonpath.dsv'
[1.797s] INFO:colcon.colcon_core.shell:Creating environment hook '/home/v1/Desktop/Beizo/arm_ws/install/roarm_msgs/share/roarm_msgs/hook/pythonpath.sh'
[1.798s] Level 1:colcon.colcon_core.environment:checking '/home/v1/Desktop/Beizo/arm_ws/install/roarm_msgs/bin'
[1.799s] INFO:colcon.colcon_core.shell:Creating package script '/home/v1/Desktop/Beizo/arm_ws/install/roarm_msgs/share/roarm_msgs/package.ps1'
[1.801s] INFO:colcon.colcon_core.shell:Creating package descriptor '/home/v1/Desktop/Beizo/arm_ws/install/roarm_msgs/share/roarm_msgs/package.dsv'
[1.802s] INFO:colcon.colcon_core.shell:Creating package script '/home/v1/Desktop/Beizo/arm_ws/install/roarm_msgs/share/roarm_msgs/package.sh'
[1.804s] INFO:colcon.colcon_core.shell:Creating package script '/home/v1/Desktop/Beizo/arm_ws/install/roarm_msgs/share/roarm_msgs/package.bash'
[1.805s] INFO:colcon.colcon_core.shell:Creating package script '/home/v1/Desktop/Beizo/arm_ws/install/roarm_msgs/share/roarm_msgs/package.zsh'
[1.806s] Level 1:colcon.colcon_core.environment:create_file_with_runtime_dependencies(/home/v1/Desktop/Beizo/arm_ws/install/roarm_msgs/share/colcon-core/packages/roarm_msgs)
[1.807s] Level 1:colcon.colcon_core.environment:create_environment_scripts_only(roarm_msgs)
[1.807s] Level 1:colcon.colcon_core.environment:checking '/home/v1/Desktop/Beizo/arm_ws/install/roarm_msgs' for CMake module files
[1.809s] Level 1:colcon.colcon_core.environment:checking '/home/v1/Desktop/Beizo/arm_ws/install/roarm_msgs' for CMake config files
[1.810s] Level 1:colcon.colcon_core.shell:create_environment_hook('roarm_msgs', 'cmake_prefix_path')
[1.810s] INFO:colcon.colcon_core.shell:Creating environment hook '/home/v1/Desktop/Beizo/arm_ws/install/roarm_msgs/share/roarm_msgs/hook/cmake_prefix_path.ps1'
[1.811s] INFO:colcon.colcon_core.shell:Creating environment descriptor '/home/v1/Desktop/Beizo/arm_ws/install/roarm_msgs/share/roarm_msgs/hook/cmake_prefix_path.dsv'
[1.812s] INFO:colcon.colcon_core.shell:Creating environment hook '/home/v1/Desktop/Beizo/arm_ws/install/roarm_msgs/share/roarm_msgs/hook/cmake_prefix_path.sh'
[1.814s] Level 1:colcon.colcon_core.environment:checking '/home/v1/Desktop/Beizo/arm_ws/install/roarm_msgs/lib'
[1.814s] Level 1:colcon.colcon_core.shell:create_environment_hook('roarm_msgs', 'ld_library_path_lib')
[1.814s] INFO:colcon.colcon_core.shell:Creating environment hook '/home/v1/Desktop/Beizo/arm_ws/install/roarm_msgs/share/roarm_msgs/hook/ld_library_path_lib.ps1'
[1.815s] INFO:colcon.colcon_core.shell:Creating environment descriptor '/home/v1/Desktop/Beizo/arm_ws/install/roarm_msgs/share/roarm_msgs/hook/ld_library_path_lib.dsv'
[1.816s] INFO:colcon.colcon_core.shell:Creating environment hook '/home/v1/Desktop/Beizo/arm_ws/install/roarm_msgs/share/roarm_msgs/hook/ld_library_path_lib.sh'
[1.817s] Level 1:colcon.colcon_core.environment:checking '/home/v1/Desktop/Beizo/arm_ws/install/roarm_msgs/bin'
[1.817s] Level 1:colcon.colcon_core.environment:checking '/home/v1/Desktop/Beizo/arm_ws/install/roarm_msgs/lib/pkgconfig/roarm_msgs.pc'
[1.818s] Level 1:colcon.colcon_core.environment:checking '/home/v1/Desktop/Beizo/arm_ws/install/roarm_msgs/lib/python3.12/site-packages'
[1.818s] Level 1:colcon.colcon_core.shell:create_environment_hook('roarm_msgs', 'pythonpath')
[1.819s] INFO:colcon.colcon_core.shell:Creating environment hook '/home/v1/Desktop/Beizo/arm_ws/install/roarm_msgs/share/roarm_msgs/hook/pythonpath.ps1'
[1.821s] INFO:colcon.colcon_core.shell:Creating environment descriptor '/home/v1/Desktop/Beizo/arm_ws/install/roarm_msgs/share/roarm_msgs/hook/pythonpath.dsv'
[1.822s] INFO:colcon.colcon_core.shell:Creating environment hook '/home/v1/Desktop/Beizo/arm_ws/install/roarm_msgs/share/roarm_msgs/hook/pythonpath.sh'
[1.823s] Level 1:colcon.colcon_core.environment:checking '/home/v1/Desktop/Beizo/arm_ws/install/roarm_msgs/bin'
[1.824s] INFO:colcon.colcon_core.shell:Creating package script '/home/v1/Desktop/Beizo/arm_ws/install/roarm_msgs/share/roarm_msgs/package.ps1'
[1.826s] INFO:colcon.colcon_core.shell:Creating package descriptor '/home/v1/Desktop/Beizo/arm_ws/install/roarm_msgs/share/roarm_msgs/package.dsv'
[1.827s] INFO:colcon.colcon_core.shell:Creating package script '/home/v1/Desktop/Beizo/arm_ws/install/roarm_msgs/share/roarm_msgs/package.sh'
[1.828s] INFO:colcon.colcon_core.shell:Creating package script '/home/v1/Desktop/Beizo/arm_ws/install/roarm_msgs/share/roarm_msgs/package.bash'
[1.829s] INFO:colcon.colcon_core.shell:Creating package script '/home/v1/Desktop/Beizo/arm_ws/install/roarm_msgs/share/roarm_msgs/package.zsh'
[1.830s] Level 1:colcon.colcon_core.environment:create_file_with_runtime_dependencies(/home/v1/Desktop/Beizo/arm_ws/install/roarm_msgs/share/colcon-core/packages/roarm_msgs)
[1.831s] INFO:colcon.colcon_ros.task.ament_python.build:Building ROS package in '/home/v1/Desktop/Beizo/arm_ws/src/roarm_moveit_cmd' with build type 'ament_python'
[1.831s] Level 1:colcon.colcon_core.shell:create_environment_hook('roarm_moveit_cmd', 'ament_prefix_path')
[1.832s] INFO:colcon.colcon_core.shell:Creating environment hook '/home/v1/Desktop/Beizo/arm_ws/install/roarm_moveit_cmd/share/roarm_moveit_cmd/hook/ament_prefix_path.ps1'
[1.833s] INFO:colcon.colcon_core.shell:Creating environment descriptor '/home/v1/Desktop/Beizo/arm_ws/install/roarm_moveit_cmd/share/roarm_moveit_cmd/hook/ament_prefix_path.dsv'
[1.834s] INFO:colcon.colcon_core.shell:Creating environment hook '/home/v1/Desktop/Beizo/arm_ws/install/roarm_moveit_cmd/share/roarm_moveit_cmd/hook/ament_prefix_path.sh'
[1.836s] INFO:colcon.colcon_core.shell:Skip shell extension 'powershell' for command environment: Not usable outside of PowerShell
[1.836s] DEBUG:colcon.colcon_core.shell:Skip shell extension 'dsv' for command environment
[2.704s] INFO:colcon.colcon_core.task.python.build:Building Python package in '/home/v1/Desktop/Beizo/arm_ws/src/roarm_moveit_cmd'
[2.705s] INFO:colcon.colcon_core.shell:Skip shell extension 'powershell' for command environment: Not usable outside of PowerShell
[2.705s] DEBUG:colcon.colcon_core.shell:Skip shell extension 'dsv' for command environment
[3.180s] DEBUG:colcon.colcon_core.event_handler.log_command:Invoking command in '/home/v1/Desktop/Beizo/arm_ws/src/roarm_description': DEBUGINFOD_URLS=https://debuginfod.ubuntu.com PYTHONPATH=/home/v1/Desktop/Beizo/arm_ws/build/roarm_description/prefix_override:/usr/lib/python3/dist-packages/colcon_core/task/python/colcon_distutils_commands:/home/v1/Desktop/Beizo/arm_ws/install/roarm_description/lib/python3.12/site-packages:${PYTHONPATH} /usr/bin/python3 -W ignore:setup.py install is deprecated -W ignore:easy_install command is deprecated setup.py egg_info --egg-base ../../build/roarm_description build --build-base /home/v1/Desktop/Beizo/arm_ws/build/roarm_description/build install --record /home/v1/Desktop/Beizo/arm_ws/build/roarm_description/install.log --single-version-externally-managed install_data
[3.191s] DEBUG:colcon.colcon_core.event_handler.log_command:Invoking command in '/home/v1/Desktop/Beizo/arm_ws/src/roarm_driver': DEBUGINFOD_URLS=https://debuginfod.ubuntu.com PYTHONPATH=/home/v1/Desktop/Beizo/arm_ws/build/roarm_driver/prefix_override:/usr/lib/python3/dist-packages/colcon_core/task/python/colcon_distutils_commands:/home/v1/Desktop/Beizo/arm_ws/install/roarm_driver/lib/python3.12/site-packages:${PYTHONPATH} /usr/bin/python3 -W ignore:setup.py install is deprecated -W ignore:easy_install command is deprecated setup.py egg_info --egg-base ../../build/roarm_driver build --build-base /home/v1/Desktop/Beizo/arm_ws/build/roarm_driver/build install --record /home/v1/Desktop/Beizo/arm_ws/build/roarm_driver/install.log --single-version-externally-managed install_data
[4.046s] DEBUG:colcon.colcon_core.event_handler.log_command:Invoking command in '/home/v1/Desktop/Beizo/arm_ws/src/roarm_moveit_cmd': DEBUGINFOD_URLS=https://debuginfod.ubuntu.com PYTHONPATH=/home/v1/Desktop/Beizo/arm_ws/build/roarm_moveit_cmd/prefix_override:/usr/lib/python3/dist-packages/colcon_core/task/python/colcon_distutils_commands:/home/v1/Desktop/Beizo/arm_ws/install/roarm_moveit_cmd/lib/python3.12/site-packages:${PYTHONPATH} /usr/bin/python3 -W ignore:setup.py install is deprecated -W ignore:easy_install command is deprecated setup.py egg_info --egg-base ../../build/roarm_moveit_cmd build --build-base /home/v1/Desktop/Beizo/arm_ws/build/roarm_moveit_cmd/build install --record /home/v1/Desktop/Beizo/arm_ws/build/roarm_moveit_cmd/install.log --single-version-externally-managed install_data
[4.201s] Level 1:colcon.colcon_core.environment:checking '/home/v1/Desktop/Beizo/arm_ws/install/roarm_description' for CMake module files
[4.201s] DEBUG:colcon.colcon_core.event_handler.log_command:Invoked command in '/home/v1/Desktop/Beizo/arm_ws/src/roarm_description' returned '0': DEBUGINFOD_URLS=https://debuginfod.ubuntu.com PYTHONPATH=/home/v1/Desktop/Beizo/arm_ws/build/roarm_description/prefix_override:/usr/lib/python3/dist-packages/colcon_core/task/python/colcon_distutils_commands:/home/v1/Desktop/Beizo/arm_ws/install/roarm_description/lib/python3.12/site-packages:${PYTHONPATH} /usr/bin/python3 -W ignore:setup.py install is deprecated -W ignore:easy_install command is deprecated setup.py egg_info --egg-base ../../build/roarm_description build --build-base /home/v1/Desktop/Beizo/arm_ws/build/roarm_description/build install --record /home/v1/Desktop/Beizo/arm_ws/build/roarm_description/install.log --single-version-externally-managed install_data
[4.202s] Level 1:colcon.colcon_core.environment:checking '/home/v1/Desktop/Beizo/arm_ws/install/roarm_description' for CMake config files
[4.203s] Level 1:colcon.colcon_core.environment:checking '/home/v1/Desktop/Beizo/arm_ws/install/roarm_description/lib'
[4.203s] Level 1:colcon.colcon_core.environment:checking '/home/v1/Desktop/Beizo/arm_ws/install/roarm_description/bin'
[4.203s] Level 1:colcon.colcon_core.environment:checking '/home/v1/Desktop/Beizo/arm_ws/install/roarm_description/lib/pkgconfig/roarm_description.pc'
[4.203s] Level 1:colcon.colcon_core.environment:checking '/home/v1/Desktop/Beizo/arm_ws/install/roarm_description/lib/python3.12/site-packages'
[4.203s] Level 1:colcon.colcon_core.shell:create_environment_hook('roarm_description', 'pythonpath')
[4.203s] INFO:colcon.colcon_core.shell:Creating environment hook '/home/v1/Desktop/Beizo/arm_ws/install/roarm_description/share/roarm_description/hook/pythonpath.ps1'
[4.204s] INFO:colcon.colcon_core.shell:Creating environment descriptor '/home/v1/Desktop/Beizo/arm_ws/install/roarm_description/share/roarm_description/hook/pythonpath.dsv'
[4.204s] INFO:colcon.colcon_core.shell:Creating environment hook '/home/v1/Desktop/Beizo/arm_ws/install/roarm_description/share/roarm_description/hook/pythonpath.sh'
[4.205s] Level 1:colcon.colcon_core.environment:checking '/home/v1/Desktop/Beizo/arm_ws/install/roarm_description/bin'
[4.205s] Level 1:colcon.colcon_core.environment:create_environment_scripts_only(roarm_description)
[4.206s] INFO:colcon.colcon_core.shell:Creating package script '/home/v1/Desktop/Beizo/arm_ws/install/roarm_description/share/roarm_description/package.ps1'
[4.207s] INFO:colcon.colcon_core.shell:Creating package descriptor '/home/v1/Desktop/Beizo/arm_ws/install/roarm_description/share/roarm_description/package.dsv'
[4.207s] INFO:colcon.colcon_core.shell:Creating package script '/home/v1/Desktop/Beizo/arm_ws/install/roarm_description/share/roarm_description/package.sh'
[4.208s] INFO:colcon.colcon_core.shell:Creating package script '/home/v1/Desktop/Beizo/arm_ws/install/roarm_description/share/roarm_description/package.bash'
[4.208s] INFO:colcon.colcon_core.shell:Creating package script '/home/v1/Desktop/Beizo/arm_ws/install/roarm_description/share/roarm_description/package.zsh'
[4.208s] Level 1:colcon.colcon_core.environment:create_file_with_runtime_dependencies(/home/v1/Desktop/Beizo/arm_ws/install/roarm_description/share/colcon-core/packages/roarm_description)
[4.209s] INFO:colcon.colcon_ros.task.ament_cmake.build:Building ROS package in '/home/v1/Desktop/Beizo/arm_ws/src/roarm_moveit_config' with build type 'ament_cmake'
[4.209s] INFO:colcon.colcon_cmake.task.cmake.build:Building CMake package in '/home/v1/Desktop/Beizo/arm_ws/src/roarm_moveit_config'
[4.209s] INFO:colcon.colcon_core.shell:Skip shell extension 'powershell' for command environment: Not usable outside of PowerShell
[4.209s] DEBUG:colcon.colcon_core.shell:Skip shell extension 'dsv' for command environment
[4.221s] DEBUG:colcon.colcon_core.event_handler.log_command:Invoking command in '/home/v1/Desktop/Beizo/arm_ws/build/roarm_moveit_config': AMENT_PREFIX_PATH=/home/v1/Desktop/Beizo/arm_ws/install/roarm_description:/home/v1/Desktop/Beizo/arm_ws/install/roarm_msgs:/home/v1/Desktop/Beizo/arm_ws/install/roarm_moveit_config:/home/v1/Desktop/Beizo/arm_ws/install/roarm_moveit_cmd:/home/v1/Desktop/Beizo/arm_ws/install/roarm_driver:/opt/ros/jazzy CMAKE_PREFIX_PATH=${CMAKE_PREFIX_PATH}:/home/v1/Desktop/Beizo/arm_ws/install/roarm_moveit_cmd:/home/v1/Desktop/Beizo/arm_ws/install/roarm_driver:/home/v1/Desktop/Beizo/arm_ws/install/roarm_description:/opt/ros/jazzy DEBUGINFOD_URLS=https://debuginfod.ubuntu.com PYTHONPATH=/home/v1/Desktop/Beizo/arm_ws/install/roarm_description/lib/python3.12/site-packages:/home/v1/Desktop/Beizo/arm_ws/install/roarm_msgs/lib/python3.12/site-packages:/home/v1/Desktop/Beizo/arm_ws/install/roarm_msgs/lib/python3.13/site-packages:/home/v1/Desktop/Beizo/arm_ws/install/roarm_moveit_cmd/lib/python3.12/site-packages:/home/v1/Desktop/Beizo/arm_ws/install/roarm_driver/lib/python3.12/site-packages:/opt/ros/jazzy/lib/python3.12/site-packages /usr/bin/cmake --build /home/v1/Desktop/Beizo/arm_ws/build/roarm_moveit_config -- -j8 -l8
[4.255s] Level 1:colcon.colcon_core.environment:checking '/home/v1/Desktop/Beizo/arm_ws/install/roarm_driver' for CMake module files
[4.256s] DEBUG:colcon.colcon_core.event_handler.log_command:Invoked command in '/home/v1/Desktop/Beizo/arm_ws/src/roarm_driver' returned '0': DEBUGINFOD_URLS=https://debuginfod.ubuntu.com PYTHONPATH=/home/v1/Desktop/Beizo/arm_ws/build/roarm_driver/prefix_override:/usr/lib/python3/dist-packages/colcon_core/task/python/colcon_distutils_commands:/home/v1/Desktop/Beizo/arm_ws/install/roarm_driver/lib/python3.12/site-packages:${PYTHONPATH} /usr/bin/python3 -W ignore:setup.py install is deprecated -W ignore:easy_install command is deprecated setup.py egg_info --egg-base ../../build/roarm_driver build --build-base /home/v1/Desktop/Beizo/arm_ws/build/roarm_driver/build install --record /home/v1/Desktop/Beizo/arm_ws/build/roarm_driver/install.log --single-version-externally-managed install_data
[4.256s] Level 1:colcon.colcon_core.environment:checking '/home/v1/Desktop/Beizo/arm_ws/install/roarm_driver' for CMake config files
[4.257s] Level 1:colcon.colcon_core.environment:checking '/home/v1/Desktop/Beizo/arm_ws/install/roarm_driver/lib'
[4.257s] Level 1:colcon.colcon_core.environment:checking '/home/v1/Desktop/Beizo/arm_ws/install/roarm_driver/bin'
[4.257s] Level 1:colcon.colcon_core.environment:checking '/home/v1/Desktop/Beizo/arm_ws/install/roarm_driver/lib/pkgconfig/roarm_driver.pc'
[4.258s] Level 1:colcon.colcon_core.environment:checking '/home/v1/Desktop/Beizo/arm_ws/install/roarm_driver/lib/python3.12/site-packages'
[4.258s] Level 1:colcon.colcon_core.shell:create_environment_hook('roarm_driver', 'pythonpath')
[4.258s] INFO:colcon.colcon_core.shell:Creating environment hook '/home/v1/Desktop/Beizo/arm_ws/install/roarm_driver/share/roarm_driver/hook/pythonpath.ps1'
[4.258s] INFO:colcon.colcon_core.shell:Creating environment descriptor '/home/v1/Desktop/Beizo/arm_ws/install/roarm_driver/share/roarm_driver/hook/pythonpath.dsv'
[4.259s] INFO:colcon.colcon_core.shell:Creating environment hook '/home/v1/Desktop/Beizo/arm_ws/install/roarm_driver/share/roarm_driver/hook/pythonpath.sh'
[4.260s] Level 1:colcon.colcon_core.environment:checking '/home/v1/Desktop/Beizo/arm_ws/install/roarm_driver/bin'
[4.260s] Level 1:colcon.colcon_core.environment:create_environment_scripts_only(roarm_driver)
[4.261s] INFO:colcon.colcon_core.shell:Creating package script '/home/v1/Desktop/Beizo/arm_ws/install/roarm_driver/share/roarm_driver/package.ps1'
[4.261s] INFO:colcon.colcon_core.shell:Creating package descriptor '/home/v1/Desktop/Beizo/arm_ws/install/roarm_driver/share/roarm_driver/package.dsv'
[4.262s] INFO:colcon.colcon_core.shell:Creating package script '/home/v1/Desktop/Beizo/arm_ws/install/roarm_driver/share/roarm_driver/package.sh'
[4.263s] INFO:colcon.colcon_core.shell:Creating package script '/home/v1/Desktop/Beizo/arm_ws/install/roarm_driver/share/roarm_driver/package.bash'
[4.264s] INFO:colcon.colcon_core.shell:Creating package script '/home/v1/Desktop/Beizo/arm_ws/install/roarm_driver/share/roarm_driver/package.zsh'
[4.264s] Level 1:colcon.colcon_core.environment:create_file_with_runtime_dependencies(/home/v1/Desktop/Beizo/arm_ws/install/roarm_driver/share/colcon-core/packages/roarm_driver)
[4.268s] DEBUG:colcon.colcon_core.event_handler.log_command:Invoked command in '/home/v1/Desktop/Beizo/arm_ws/build/roarm_moveit_config' returned '0': AMENT_PREFIX_PATH=/home/v1/Desktop/Beizo/arm_ws/install/roarm_description:/home/v1/Desktop/Beizo/arm_ws/install/roarm_msgs:/home/v1/Desktop/Beizo/arm_ws/install/roarm_moveit_config:/home/v1/Desktop/Beizo/arm_ws/install/roarm_moveit_cmd:/home/v1/Desktop/Beizo/arm_ws/install/roarm_driver:/opt/ros/jazzy CMAKE_PREFIX_PATH=${CMAKE_PREFIX_PATH}:/home/v1/Desktop/Beizo/arm_ws/install/roarm_moveit_cmd:/home/v1/Desktop/Beizo/arm_ws/install/roarm_driver:/home/v1/Desktop/Beizo/arm_ws/install/roarm_description:/opt/ros/jazzy DEBUGINFOD_URLS=https://debuginfod.ubuntu.com PYTHONPATH=/home/v1/Desktop/Beizo/arm_ws/install/roarm_description/lib/python3.12/site-packages:/home/v1/Desktop/Beizo/arm_ws/install/roarm_msgs/lib/python3.12/site-packages:/home/v1/Desktop/Beizo/arm_ws/install/roarm_msgs/lib/python3.13/site-packages:/home/v1/Desktop/Beizo/arm_ws/install/roarm_moveit_cmd/lib/python3.12/site-packages:/home/v1/Desktop/Beizo/arm_ws/install/roarm_driver/lib/python3.12/site-packages:/opt/ros/jazzy/lib/python3.12/site-packages /usr/bin/cmake --build /home/v1/Desktop/Beizo/arm_ws/build/roarm_moveit_config -- -j8 -l8
[4.269s] DEBUG:colcon.colcon_core.event_handler.log_command:Invoking command in '/home/v1/Desktop/Beizo/arm_ws/build/roarm_moveit_config': AMENT_PREFIX_PATH=/home/v1/Desktop/Beizo/arm_ws/install/roarm_description:/home/v1/Desktop/Beizo/arm_ws/install/roarm_msgs:/home/v1/Desktop/Beizo/arm_ws/install/roarm_moveit_config:/home/v1/Desktop/Beizo/arm_ws/install/roarm_moveit_cmd:/home/v1/Desktop/Beizo/arm_ws/install/roarm_driver:/opt/ros/jazzy CMAKE_PREFIX_PATH=${CMAKE_PREFIX_PATH}:/home/v1/Desktop/Beizo/arm_ws/install/roarm_moveit_cmd:/home/v1/Desktop/Beizo/arm_ws/install/roarm_driver:/home/v1/Desktop/Beizo/arm_ws/install/roarm_description:/opt/ros/jazzy DEBUGINFOD_URLS=https://debuginfod.ubuntu.com PYTHONPATH=/home/v1/Desktop/Beizo/arm_ws/install/roarm_description/lib/python3.12/site-packages:/home/v1/Desktop/Beizo/arm_ws/install/roarm_msgs/lib/python3.12/site-packages:/home/v1/Desktop/Beizo/arm_ws/install/roarm_msgs/lib/python3.13/site-packages:/home/v1/Desktop/Beizo/arm_ws/install/roarm_moveit_cmd/lib/python3.12/site-packages:/home/v1/Desktop/Beizo/arm_ws/install/roarm_driver/lib/python3.12/site-packages:/opt/ros/jazzy/lib/python3.12/site-packages /usr/bin/cmake --install /home/v1/Desktop/Beizo/arm_ws/build/roarm_moveit_config
[4.282s] Level 1:colcon.colcon_core.environment:create_environment_scripts_only(roarm_moveit_config)
[4.282s] Level 1:colcon.colcon_core.environment:checking '/home/v1/Desktop/Beizo/arm_ws/install/roarm_moveit_config' for CMake module files
[4.283s] Level 1:colcon.colcon_core.environment:checking '/home/v1/Desktop/Beizo/arm_ws/install/roarm_moveit_config' for CMake config files
[4.284s] Level 1:colcon.colcon_core.shell:create_environment_hook('roarm_moveit_config', 'cmake_prefix_path')
[4.284s] INFO:colcon.colcon_core.shell:Creating environment hook '/home/v1/Desktop/Beizo/arm_ws/install/roarm_moveit_config/share/roarm_moveit_config/hook/cmake_prefix_path.ps1'
[4.285s] INFO:colcon.colcon_core.shell:Creating environment descriptor '/home/v1/Desktop/Beizo/arm_ws/install/roarm_moveit_config/share/roarm_moveit_config/hook/cmake_prefix_path.dsv'
[4.286s] INFO:colcon.colcon_core.shell:Creating environment hook '/home/v1/Desktop/Beizo/arm_ws/install/roarm_moveit_config/share/roarm_moveit_config/hook/cmake_prefix_path.sh'
[4.287s] DEBUG:colcon.colcon_core.event_handler.log_command:Invoked command in '/home/v1/Desktop/Beizo/arm_ws/build/roarm_moveit_config' returned '0': AMENT_PREFIX_PATH=/home/v1/Desktop/Beizo/arm_ws/install/roarm_description:/home/v1/Desktop/Beizo/arm_ws/install/roarm_msgs:/home/v1/Desktop/Beizo/arm_ws/install/roarm_moveit_config:/home/v1/Desktop/Beizo/arm_ws/install/roarm_moveit_cmd:/home/v1/Desktop/Beizo/arm_ws/install/roarm_driver:/opt/ros/jazzy CMAKE_PREFIX_PATH=${CMAKE_PREFIX_PATH}:/home/v1/Desktop/Beizo/arm_ws/install/roarm_moveit_cmd:/home/v1/Desktop/Beizo/arm_ws/install/roarm_driver:/home/v1/Desktop/Beizo/arm_ws/install/roarm_description:/opt/ros/jazzy DEBUGINFOD_URLS=https://debuginfod.ubuntu.com PYTHONPATH=/home/v1/Desktop/Beizo/arm_ws/install/roarm_description/lib/python3.12/site-packages:/home/v1/Desktop/Beizo/arm_ws/install/roarm_msgs/lib/python3.12/site-packages:/home/v1/Desktop/Beizo/arm_ws/install/roarm_msgs/lib/python3.13/site-packages:/home/v1/Desktop/Beizo/arm_ws/install/roarm_moveit_cmd/lib/python3.12/site-packages:/home/v1/Desktop/Beizo/arm_ws/install/roarm_driver/lib/python3.12/site-packages:/opt/ros/jazzy/lib/python3.12/site-packages /usr/bin/cmake --install /home/v1/Desktop/Beizo/arm_ws/build/roarm_moveit_config
[4.287s] Level 1:colcon.colcon_core.environment:checking '/home/v1/Desktop/Beizo/arm_ws/install/roarm_moveit_config/bin'
[4.287s] Level 1:colcon.colcon_core.environment:checking '/home/v1/Desktop/Beizo/arm_ws/install/roarm_moveit_config/lib/pkgconfig/roarm_moveit_config.pc'
[4.287s] Level 1:colcon.colcon_core.environment:checking '/home/v1/Desktop/Beizo/arm_ws/install/roarm_moveit_config/lib/python3.12/site-packages'
[4.288s] Level 1:colcon.colcon_core.environment:checking '/home/v1/Desktop/Beizo/arm_ws/install/roarm_moveit_config/bin'
[4.288s] INFO:colcon.colcon_core.shell:Creating package script '/home/v1/Desktop/Beizo/arm_ws/install/roarm_moveit_config/share/roarm_moveit_config/package.ps1'
[4.289s] INFO:colcon.colcon_core.shell:Creating package descriptor '/home/v1/Desktop/Beizo/arm_ws/install/roarm_moveit_config/share/roarm_moveit_config/package.dsv'
[4.289s] INFO:colcon.colcon_core.shell:Creating package script '/home/v1/Desktop/Beizo/arm_ws/install/roarm_moveit_config/share/roarm_moveit_config/package.sh'
[4.290s] INFO:colcon.colcon_core.shell:Creating package script '/home/v1/Desktop/Beizo/arm_ws/install/roarm_moveit_config/share/roarm_moveit_config/package.bash'
[4.290s] INFO:colcon.colcon_core.shell:Creating package script '/home/v1/Desktop/Beizo/arm_ws/install/roarm_moveit_config/share/roarm_moveit_config/package.zsh'
[4.291s] Level 1:colcon.colcon_core.environment:create_file_with_runtime_dependencies(/home/v1/Desktop/Beizo/arm_ws/install/roarm_moveit_config/share/colcon-core/packages/roarm_moveit_config)
[4.291s] Level 1:colcon.colcon_core.environment:create_environment_scripts_only(roarm_moveit_config)
[4.292s] Level 1:colcon.colcon_core.environment:checking '/home/v1/Desktop/Beizo/arm_ws/install/roarm_moveit_config' for CMake module files
[4.292s] Level 1:colcon.colcon_core.environment:checking '/home/v1/Desktop/Beizo/arm_ws/install/roarm_moveit_config' for CMake config files
[4.292s] Level 1:colcon.colcon_core.shell:create_environment_hook('roarm_moveit_config', 'cmake_prefix_path')
[4.293s] INFO:colcon.colcon_core.shell:Creating environment hook '/home/v1/Desktop/Beizo/arm_ws/install/roarm_moveit_config/share/roarm_moveit_config/hook/cmake_prefix_path.ps1'
[4.293s] INFO:colcon.colcon_core.shell:Creating environment descriptor '/home/v1/Desktop/Beizo/arm_ws/install/roarm_moveit_config/share/roarm_moveit_config/hook/cmake_prefix_path.dsv'
[4.294s] INFO:colcon.colcon_core.shell:Creating environment hook '/home/v1/Desktop/Beizo/arm_ws/install/roarm_moveit_config/share/roarm_moveit_config/hook/cmake_prefix_path.sh'
[4.295s] Level 1:colcon.colcon_core.environment:checking '/home/v1/Desktop/Beizo/arm_ws/install/roarm_moveit_config/bin'
[4.295s] Level 1:colcon.colcon_core.environment:checking '/home/v1/Desktop/Beizo/arm_ws/install/roarm_moveit_config/lib/pkgconfig/roarm_moveit_config.pc'
[4.295s] Level 1:colcon.colcon_core.environment:checking '/home/v1/Desktop/Beizo/arm_ws/install/roarm_moveit_config/lib/python3.12/site-packages'
[4.295s] Level 1:colcon.colcon_core.environment:checking '/home/v1/Desktop/Beizo/arm_ws/install/roarm_moveit_config/bin'
[4.296s] INFO:colcon.colcon_core.shell:Creating package script '/home/v1/Desktop/Beizo/arm_ws/install/roarm_moveit_config/share/roarm_moveit_config/package.ps1'
[4.296s] INFO:colcon.colcon_core.shell:Creating package descriptor '/home/v1/Desktop/Beizo/arm_ws/install/roarm_moveit_config/share/roarm_moveit_config/package.dsv'
[4.297s] INFO:colcon.colcon_core.shell:Creating package script '/home/v1/Desktop/Beizo/arm_ws/install/roarm_moveit_config/share/roarm_moveit_config/package.sh'
[4.298s] INFO:colcon.colcon_core.shell:Creating package script '/home/v1/Desktop/Beizo/arm_ws/install/roarm_moveit_config/share/roarm_moveit_config/package.bash'
[4.298s] INFO:colcon.colcon_core.shell:Creating package script '/home/v1/Desktop/Beizo/arm_ws/install/roarm_moveit_config/share/roarm_moveit_config/package.zsh'
[4.299s] Level 1:colcon.colcon_core.environment:create_file_with_runtime_dependencies(/home/v1/Desktop/Beizo/arm_ws/install/roarm_moveit_config/share/colcon-core/packages/roarm_moveit_config)
[4.860s] Level 1:colcon.colcon_core.environment:checking '/home/v1/Desktop/Beizo/arm_ws/install/roarm_moveit_cmd' for CMake module files
[4.861s] DEBUG:colcon.colcon_core.event_handler.log_command:Invoked command in '/home/v1/Desktop/Beizo/arm_ws/src/roarm_moveit_cmd' returned '0': DEBUGINFOD_URLS=https://debuginfod.ubuntu.com PYTHONPATH=/home/v1/Desktop/Beizo/arm_ws/build/roarm_moveit_cmd/prefix_override:/usr/lib/python3/dist-packages/colcon_core/task/python/colcon_distutils_commands:/home/v1/Desktop/Beizo/arm_ws/install/roarm_moveit_cmd/lib/python3.12/site-packages:${PYTHONPATH} /usr/bin/python3 -W ignore:setup.py install is deprecated -W ignore:easy_install command is deprecated setup.py egg_info --egg-base ../../build/roarm_moveit_cmd build --build-base /home/v1/Desktop/Beizo/arm_ws/build/roarm_moveit_cmd/build install --record /home/v1/Desktop/Beizo/arm_ws/build/roarm_moveit_cmd/install.log --single-version-externally-managed install_data
[4.861s] Level 1:colcon.colcon_core.environment:checking '/home/v1/Desktop/Beizo/arm_ws/install/roarm_moveit_cmd' for CMake config files
[4.862s] Level 1:colcon.colcon_core.environment:checking '/home/v1/Desktop/Beizo/arm_ws/install/roarm_moveit_cmd/lib'
[4.862s] Level 1:colcon.colcon_core.environment:checking '/home/v1/Desktop/Beizo/arm_ws/install/roarm_moveit_cmd/bin'
[4.862s] Level 1:colcon.colcon_core.environment:checking '/home/v1/Desktop/Beizo/arm_ws/install/roarm_moveit_cmd/lib/pkgconfig/roarm_moveit_cmd.pc'
[4.862s] Level 1:colcon.colcon_core.environment:checking '/home/v1/Desktop/Beizo/arm_ws/install/roarm_moveit_cmd/lib/python3.12/site-packages'
[4.862s] Level 1:colcon.colcon_core.shell:create_environment_hook('roarm_moveit_cmd', 'pythonpath')
[4.862s] INFO:colcon.colcon_core.shell:Creating environment hook '/home/v1/Desktop/Beizo/arm_ws/install/roarm_moveit_cmd/share/roarm_moveit_cmd/hook/pythonpath.ps1'
[4.863s] INFO:colcon.colcon_core.shell:Creating environment descriptor '/home/v1/Desktop/Beizo/arm_ws/install/roarm_moveit_cmd/share/roarm_moveit_cmd/hook/pythonpath.dsv'
[4.863s] INFO:colcon.colcon_core.shell:Creating environment hook '/home/v1/Desktop/Beizo/arm_ws/install/roarm_moveit_cmd/share/roarm_moveit_cmd/hook/pythonpath.sh'
[4.865s] Level 1:colcon.colcon_core.environment:checking '/home/v1/Desktop/Beizo/arm_ws/install/roarm_moveit_cmd/bin'
[4.865s] Level 1:colcon.colcon_core.environment:create_environment_scripts_only(roarm_moveit_cmd)
[4.865s] INFO:colcon.colcon_core.shell:Creating package script '/home/v1/Desktop/Beizo/arm_ws/install/roarm_moveit_cmd/share/roarm_moveit_cmd/package.ps1'
[4.866s] INFO:colcon.colcon_core.shell:Creating package descriptor '/home/v1/Desktop/Beizo/arm_ws/install/roarm_moveit_cmd/share/roarm_moveit_cmd/package.dsv'
[4.867s] INFO:colcon.colcon_core.shell:Creating package script '/home/v1/Desktop/Beizo/arm_ws/install/roarm_moveit_cmd/share/roarm_moveit_cmd/package.sh'
[4.868s] INFO:colcon.colcon_core.shell:Creating package script '/home/v1/Desktop/Beizo/arm_ws/install/roarm_moveit_cmd/share/roarm_moveit_cmd/package.bash'
[4.868s] INFO:colcon.colcon_core.shell:Creating package script '/home/v1/Desktop/Beizo/arm_ws/install/roarm_moveit_cmd/share/roarm_moveit_cmd/package.zsh'
[4.869s] Level 1:colcon.colcon_core.environment:create_file_with_runtime_dependencies(/home/v1/Desktop/Beizo/arm_ws/install/roarm_moveit_cmd/share/colcon-core/packages/roarm_moveit_cmd)
[4.869s] DEBUG:colcon.colcon_parallel_executor.executor.parallel:closing loop
[4.870s] DEBUG:colcon.colcon_parallel_executor.executor.parallel:loop closed
[4.870s] DEBUG:colcon.colcon_parallel_executor.executor.parallel:run_until_complete finished with '0'
[4.870s] DEBUG:colcon.colcon_core.event_reactor:joining thread
[4.878s] INFO:colcon.colcon_core.plugin_system:Skipping extension 'colcon_notification.desktop_notification.terminal_notifier': Not used on non-Darwin systems
[4.878s] INFO:colcon.colcon_core.plugin_system:Skipping extension 'colcon_notification.desktop_notification.win32': Not used on non-Windows systems
[4.878s] INFO:colcon.colcon_notification.desktop_notification:Sending desktop notification using 'notify2'
[4.891s] DEBUG:colcon.colcon_core.event_reactor:joined thread
[4.891s] INFO:colcon.colcon_core.shell:Creating prefix script '/home/v1/Desktop/Beizo/arm_ws/install/local_setup.ps1'
[4.892s] INFO:colcon.colcon_core.shell:Creating prefix util module '/home/v1/Desktop/Beizo/arm_ws/install/_local_setup_util_ps1.py'
[4.894s] INFO:colcon.colcon_core.shell:Creating prefix chain script '/home/v1/Desktop/Beizo/arm_ws/install/setup.ps1'
[4.896s] INFO:colcon.colcon_core.shell:Creating prefix script '/home/v1/Desktop/Beizo/arm_ws/install/local_setup.sh'
[4.897s] INFO:colcon.colcon_core.shell:Creating prefix util module '/home/v1/Desktop/Beizo/arm_ws/install/_local_setup_util_sh.py'
[4.898s] INFO:colcon.colcon_core.shell:Creating prefix chain script '/home/v1/Desktop/Beizo/arm_ws/install/setup.sh'
[4.900s] INFO:colcon.colcon_core.shell:Creating prefix script '/home/v1/Desktop/Beizo/arm_ws/install/local_setup.bash'
[4.901s] INFO:colcon.colcon_core.shell:Creating prefix chain script '/home/v1/Desktop/Beizo/arm_ws/install/setup.bash'
[4.902s] INFO:colcon.colcon_core.shell:Creating prefix script '/home/v1/Desktop/Beizo/arm_ws/install/local_setup.zsh'
[4.903s] INFO:colcon.colcon_core.shell:Creating prefix chain script '/home/v1/Desktop/Beizo/arm_ws/install/setup.zsh'
