[3.580s] Invoking command in '/home/v1/Desktop/Beizo/arm_ws/src/roarm_description': DEBUGINFOD_URLS=https://debuginfod.ubuntu.com PYTHONPATH=/home/v1/Desktop/Beizo/arm_ws/build/roarm_description/prefix_override:/usr/lib/python3/dist-packages/colcon_core/task/python/colcon_distutils_commands:/home/v1/Desktop/Beizo/arm_ws/install/roarm_description/lib/python3.12/site-packages:${PYTHONPATH} /usr/bin/python3 -W ignore:setup.py install is deprecated -W ignore:easy_install command is deprecated setup.py egg_info --egg-base ../../build/roarm_description build --build-base /home/v1/Desktop/Beizo/arm_ws/build/roarm_description/build install --record /home/v1/Desktop/Beizo/arm_ws/build/roarm_description/install.log --single-version-externally-managed install_data
[4.422s] running egg_info
[4.502s] writing ../../build/roarm_description/roarm_description.egg-info/PKG-INFO
[4.503s] writing dependency_links to ../../build/roarm_description/roarm_description.egg-info/dependency_links.txt
[4.503s] writing requirements to ../../build/roarm_description/roarm_description.egg-info/requires.txt
[4.504s] writing top-level names to ../../build/roarm_description/roarm_description.egg-info/top_level.txt
[4.678s] reading manifest file '../../build/roarm_description/roarm_description.egg-info/SOURCES.txt'
[4.685s] writing manifest file '../../build/roarm_description/roarm_description.egg-info/SOURCES.txt'
[4.685s] running build
[4.686s] running build_py
[4.686s] running install
[4.707s] running install_lib
[4.823s] running install_data
[4.823s] copying urdf/roarm_m3/roarm_m3.xacro -> /home/v1/Desktop/Beizo/arm_ws/install/roarm_description/share/roarm_description/urdf/roarm_m3
[4.825s] running install_egg_info
[4.911s] removing '/home/v1/Desktop/Beizo/arm_ws/install/roarm_description/lib/python3.12/site-packages/roarm_description-0.0.1-py3.12.egg-info' (and everything under it)
[4.912s] Copying ../../build/roarm_description/roarm_description.egg-info to /home/v1/Desktop/Beizo/arm_ws/install/roarm_description/lib/python3.12/site-packages/roarm_description-0.0.1-py3.12.egg-info
[4.917s] running install_scripts
[5.395s] writing list of installed files to '/home/v1/Desktop/Beizo/arm_ws/build/roarm_description/install.log'
[5.454s] Invoked command in '/home/v1/Desktop/Beizo/arm_ws/src/roarm_description' returned '0': DEBUGINFOD_URLS=https://debuginfod.ubuntu.com PYTHONPATH=/home/v1/Desktop/Beizo/arm_ws/build/roarm_description/prefix_override:/usr/lib/python3/dist-packages/colcon_core/task/python/colcon_distutils_commands:/home/v1/Desktop/Beizo/arm_ws/install/roarm_description/lib/python3.12/site-packages:${PYTHONPATH} /usr/bin/python3 -W ignore:setup.py install is deprecated -W ignore:easy_install command is deprecated setup.py egg_info --egg-base ../../build/roarm_description build --build-base /home/v1/Desktop/Beizo/arm_ws/build/roarm_description/build install --record /home/v1/Desktop/Beizo/arm_ws/build/roarm_description/install.log --single-version-externally-managed install_data
